Archive member included because of file (symbol)

/Developer/Eclipse/gcc-arm-none-eabi-4_9-2015q2/bin/../lib/gcc/arm-none-eabi/4.9.3/../../../../arm-none-eabi/lib/armv6-m/libm.a(lib_a-w_pow.o)
                              ./stm32haldev/stm32dev/src/general/stm32dev_general.o (pow)
/Developer/Eclipse/gcc-arm-none-eabi-4_9-2015q2/bin/../lib/gcc/arm-none-eabi/4.9.3/../../../../arm-none-eabi/lib/armv6-m/libm.a(lib_a-e_pow.o)
                              /Developer/Eclipse/gcc-arm-none-eabi-4_9-2015q2/bin/../lib/gcc/arm-none-eabi/4.9.3/../../../../arm-none-eabi/lib/armv6-m/libm.a(lib_a-w_pow.o) (__ieee754_pow)
/Developer/Eclipse/gcc-arm-none-eabi-4_9-2015q2/bin/../lib/gcc/arm-none-eabi/4.9.3/../../../../arm-none-eabi/lib/armv6-m/libm.a(lib_a-e_sqrt.o)
                              /Developer/Eclipse/gcc-arm-none-eabi-4_9-2015q2/bin/../lib/gcc/arm-none-eabi/4.9.3/../../../../arm-none-eabi/lib/armv6-m/libm.a(lib_a-e_pow.o) (__ieee754_sqrt)
/Developer/Eclipse/gcc-arm-none-eabi-4_9-2015q2/bin/../lib/gcc/arm-none-eabi/4.9.3/../../../../arm-none-eabi/lib/armv6-m/libm.a(lib_a-s_fabs.o)
                              /Developer/Eclipse/gcc-arm-none-eabi-4_9-2015q2/bin/../lib/gcc/arm-none-eabi/4.9.3/../../../../arm-none-eabi/lib/armv6-m/libm.a(lib_a-e_pow.o) (fabs)
/Developer/Eclipse/gcc-arm-none-eabi-4_9-2015q2/bin/../lib/gcc/arm-none-eabi/4.9.3/../../../../arm-none-eabi/lib/armv6-m/libm.a(lib_a-s_finite.o)
                              /Developer/Eclipse/gcc-arm-none-eabi-4_9-2015q2/bin/../lib/gcc/arm-none-eabi/4.9.3/../../../../arm-none-eabi/lib/armv6-m/libm.a(lib_a-w_pow.o) (finite)
/Developer/Eclipse/gcc-arm-none-eabi-4_9-2015q2/bin/../lib/gcc/arm-none-eabi/4.9.3/../../../../arm-none-eabi/lib/armv6-m/libm.a(lib_a-s_fpclassify.o)
                              /Developer/Eclipse/gcc-arm-none-eabi-4_9-2015q2/bin/../lib/gcc/arm-none-eabi/4.9.3/../../../../arm-none-eabi/lib/armv6-m/libm.a(lib_a-w_pow.o) (__fpclassifyd)
/Developer/Eclipse/gcc-arm-none-eabi-4_9-2015q2/bin/../lib/gcc/arm-none-eabi/4.9.3/../../../../arm-none-eabi/lib/armv6-m/libm.a(lib_a-s_lib_ver.o)
                              /Developer/Eclipse/gcc-arm-none-eabi-4_9-2015q2/bin/../lib/gcc/arm-none-eabi/4.9.3/../../../../arm-none-eabi/lib/armv6-m/libm.a(lib_a-w_pow.o) (__fdlib_version)
/Developer/Eclipse/gcc-arm-none-eabi-4_9-2015q2/bin/../lib/gcc/arm-none-eabi/4.9.3/../../../../arm-none-eabi/lib/armv6-m/libm.a(lib_a-s_matherr.o)
                              /Developer/Eclipse/gcc-arm-none-eabi-4_9-2015q2/bin/../lib/gcc/arm-none-eabi/4.9.3/../../../../arm-none-eabi/lib/armv6-m/libm.a(lib_a-w_pow.o) (matherr)
/Developer/Eclipse/gcc-arm-none-eabi-4_9-2015q2/bin/../lib/gcc/arm-none-eabi/4.9.3/../../../../arm-none-eabi/lib/armv6-m/libm.a(lib_a-s_nan.o)
                              /Developer/Eclipse/gcc-arm-none-eabi-4_9-2015q2/bin/../lib/gcc/arm-none-eabi/4.9.3/../../../../arm-none-eabi/lib/armv6-m/libm.a(lib_a-e_pow.o) (nan)
/Developer/Eclipse/gcc-arm-none-eabi-4_9-2015q2/bin/../lib/gcc/arm-none-eabi/4.9.3/../../../../arm-none-eabi/lib/armv6-m/libm.a(lib_a-s_rint.o)
                              /Developer/Eclipse/gcc-arm-none-eabi-4_9-2015q2/bin/../lib/gcc/arm-none-eabi/4.9.3/../../../../arm-none-eabi/lib/armv6-m/libm.a(lib_a-w_pow.o) (rint)
/Developer/Eclipse/gcc-arm-none-eabi-4_9-2015q2/bin/../lib/gcc/arm-none-eabi/4.9.3/../../../../arm-none-eabi/lib/armv6-m/libm.a(lib_a-s_scalbn.o)
                              /Developer/Eclipse/gcc-arm-none-eabi-4_9-2015q2/bin/../lib/gcc/arm-none-eabi/4.9.3/../../../../arm-none-eabi/lib/armv6-m/libm.a(lib_a-e_pow.o) (scalbn)
/Developer/Eclipse/gcc-arm-none-eabi-4_9-2015q2/bin/../lib/gcc/arm-none-eabi/4.9.3/../../../../arm-none-eabi/lib/armv6-m/libm.a(lib_a-s_copysign.o)
                              /Developer/Eclipse/gcc-arm-none-eabi-4_9-2015q2/bin/../lib/gcc/arm-none-eabi/4.9.3/../../../../arm-none-eabi/lib/armv6-m/libm.a(lib_a-s_scalbn.o) (copysign)
/Developer/Eclipse/gcc-arm-none-eabi-4_9-2015q2/bin/../lib/gcc/arm-none-eabi/4.9.3/armv6-m/libgcc.a(_thumb1_case_uqi.o)
                              ./stm32haldev/system/STM32F0xx_HAL_Driver/Src/stm32f0xx_hal_irda.o (__gnu_thumb1_case_uqi)
/Developer/Eclipse/gcc-arm-none-eabi-4_9-2015q2/bin/../lib/gcc/arm-none-eabi/4.9.3/armv6-m/libgcc.a(_udivsi3.o)
                              ./stm32haldev/system/STM32F0xx_HAL_Driver/Src/stm32f0xx_hal.o (__aeabi_uidiv)
/Developer/Eclipse/gcc-arm-none-eabi-4_9-2015q2/bin/../lib/gcc/arm-none-eabi/4.9.3/armv6-m/libgcc.a(_dvmd_tls.o)
                              /Developer/Eclipse/gcc-arm-none-eabi-4_9-2015q2/bin/../lib/gcc/arm-none-eabi/4.9.3/armv6-m/libgcc.a(_udivsi3.o) (__aeabi_idiv0)
/Developer/Eclipse/gcc-arm-none-eabi-4_9-2015q2/bin/../lib/gcc/arm-none-eabi/4.9.3/armv6-m/libgcc.a(_lshrdi3.o)
                              ./stm32haldev/system/STM32F0xx_HAL_Driver/Src/stm32f0xx_hal_flash.o (__aeabi_llsr)
/Developer/Eclipse/gcc-arm-none-eabi-4_9-2015q2/bin/../lib/gcc/arm-none-eabi/4.9.3/armv6-m/libgcc.a(_arm_cmpdf2.o)
[...]
Memory Configuration

Name             Origin             Length             Attributes
RAM              0x0000000020000000 0x0000000000004000 xrw
CCMRAM           0x0000000000000000 0x0000000000000000 xrw
FLASH            0x0000000008000000 0x0000000000020000 xr
FLASHB1          0x0000000000000000 0x0000000000000000 xr
EXTMEMB0         0x0000000000000000 0x0000000000000000 xr
EXTMEMB1         0x0000000000000000 0x0000000000000000 xr
EXTMEMB2         0x0000000000000000 0x0000000000000000 xr
EXTMEMB3         0x0000000000000000 0x0000000000000000 xr
MEMORY_ARRAY     0x0000000000000000 0x0000000000000000 xrw
*default*        0x0000000000000000 0xffffffffffffffff

Linker script and memory map

LOAD ./stm32haldev/system/src/newlib/_exit.o
LOAD ./stm32haldev/system/src/newlib/_sbrk.o
LOAD ./stm32haldev/system/src/newlib/_startup.o
LOAD ./stm32haldev/system/src/newlib/_syscalls.o
LOAD ./stm32haldev/system/src/newlib/assert.o
LOAD ./stm32haldev/system/src/diag/Trace.o
LOAD ./stm32haldev/system/src/diag/trace_impl.o
LOAD ./stm32haldev/system/src/cortexm/_initialize_hardware.o
LOAD ./stm32haldev/system/src/cortexm/_reset_hardware.o
LOAD ./stm32haldev/system/src/cortexm/exception_handlers.o
LOAD ./stm32haldev/system/STM32F0xx_HAL_Driver/Src/stm32f0xx_hal.o
LOAD ./stm32haldev/system/STM32F0xx_HAL_Driver/Src/stm32f0xx_hal_adc.o
LOAD ./stm32haldev/system/STM32F0xx_HAL_Driver/Src/stm32f0xx_hal_adc_ex.o
LOAD ./stm32haldev/system/STM32F0xx_HAL_Driver/Src/stm32f0xx_hal_can.o
LOAD ./stm32haldev/system/STM32F0xx_HAL_Driver/Src/stm32f0xx_hal_cec.o
LOAD ./stm32haldev/system/STM32F0xx_HAL_Driver/Src/stm32f0xx_hal_comp.o
LOAD ./stm32haldev/system/STM32F0xx_HAL_Driver/Src/stm32f0xx_hal_cortex.o
LOAD ./stm32haldev/system/STM32F0xx_HAL_Driver/Src/stm32f0xx_hal_crc.o
LOAD ./stm32haldev/system/STM32F0xx_HAL_Driver/Src/stm32f0xx_hal_crc_ex.o
LOAD ./stm32haldev/system/STM32F0xx_HAL_Driver/Src/stm32f0xx_hal_dac.o
LOAD ./stm32haldev/system/STM32F0xx_HAL_Driver/Src/stm32f0xx_hal_dac_ex.o
LOAD ./stm32haldev/system/STM32F0xx_HAL_Driver/Src/stm32f0xx_hal_dma.o
LOAD ./stm32haldev/system/STM32F0xx_HAL_Driver/Src/stm32f0xx_hal_flash.o
LOAD ./stm32haldev/system/STM32F0xx_HAL_Driver/Src/stm32f0xx_hal_flash_ex.o
LOAD ./stm32haldev/system/STM32F0xx_HAL_Driver/Src/stm32f0xx_hal_gpio.o
LOAD ./stm32haldev/system/STM32F0xx_HAL_Driver/Src/stm32f0xx_hal_i2c.o
LOAD ./stm32haldev/system/STM32F0xx_HAL_Driver/Src/stm32f0xx_hal_i2c_ex.o
LOAD ./stm32haldev/system/STM32F0xx_HAL_Driver/Src/stm32f0xx_hal_i2s.o
LOAD ./stm32haldev/system/STM32F0xx_HAL_Driver/Src/stm32f0xx_hal_irda.o
LOAD ./stm32haldev/system/STM32F0xx_HAL_Driver/Src/stm32f0xx_hal_iwdg.o
LOAD ./stm32haldev/system/STM32F0xx_HAL_Driver/Src/stm32f0xx_hal_msp_template.o
LOAD ./stm32haldev/system/STM32F0xx_HAL_Driver/Src/stm32f0xx_hal_pcd.o
LOAD ./stm32haldev/system/STM32F0xx_HAL_Driver/Src/stm32f0xx_hal_pcd_ex.o
LOAD ./stm32haldev/system/STM32F0xx_HAL_Driver/Src/stm32f0xx_hal_pwr.o
LOAD ./stm32haldev/system/STM32F0xx_HAL_Driver/Src/stm32f0xx_hal_pwr_ex.o
LOAD ./stm32haldev/system/STM32F0xx_HAL_Driver/Src/stm32f0xx_hal_rcc.o
LOAD ./stm32haldev/system/STM32F0xx_HAL_Driver/Src/stm32f0xx_hal_rcc_ex.o
LOAD ./stm32haldev/system/STM32F0xx_HAL_Driver/Src/stm32f0xx_hal_rtc.o
LOAD ./stm32haldev/system/STM32F0xx_HAL_Driver/Src/stm32f0xx_hal_rtc_ex.o
LOAD ./stm32haldev/system/STM32F0xx_HAL_Driver/Src/stm32f0xx_hal_smartcard.o
LOAD ./stm32haldev/system/STM32F0xx_HAL_Driver/Src/stm32f0xx_hal_smartcard_ex.o
LOAD ./stm32haldev/system/STM32F0xx_HAL_Driver/Src/stm32f0xx_hal_smbus.o
LOAD ./stm32haldev/system/STM32F0xx_HAL_Driver/Src/stm32f0xx_hal_spi.o
LOAD ./stm32haldev/system/STM32F0xx_HAL_Driver/Src/stm32f0xx_hal_spi_ex.o
LOAD ./stm32haldev/system/STM32F0xx_HAL_Driver/Src/stm32f0xx_hal_tim.o
LOAD ./stm32haldev/system/STM32F0xx_HAL_Driver/Src/stm32f0xx_hal_tim_ex.o
LOAD ./stm32haldev/system/STM32F0xx_HAL_Driver/Src/stm32f0xx_hal_tsc.o
LOAD ./stm32haldev/system/STM32F0xx_HAL_Driver/Src/stm32f0xx_hal_uart.o
LOAD ./stm32haldev/system/STM32F0xx_HAL_Driver/Src/stm32f0xx_hal_uart_ex.o
LOAD ./stm32haldev/system/STM32F0xx_HAL_Driver/Src/stm32f0xx_hal_usart.o
LOAD ./stm32haldev/system/STM32F0xx_HAL_Driver/Src/stm32f0xx_hal_wwdg.o
LOAD ./stm32haldev/system/CMSIS/Device/ST/STM32F0xx/Source/system/system_stm32f0xx.o
LOAD ./stm32haldev/system/CMSIS/Device/ST/STM32F0xx/Source/stm32f072xb/startup_stm32f072xb.o
LOAD ./stm32haldev/stm32dev/src/stm32f0/stm32dev_dma_f0.o
LOAD ./stm32haldev/stm32dev/src/stm32f0/stm32dev_gpio_f0.o
LOAD ./stm32haldev/stm32dev/src/stm32f0/stm32dev_i2c_f0.o
LOAD ./stm32haldev/stm32dev/src/stm32f0/stm32dev_rcc_f0.o
LOAD ./stm32haldev/stm32dev/src/stm32f0/stm32dev_spi_f0.o
LOAD ./stm32haldev/stm32dev/src/general/stm32dev_dds_AD9833.o
LOAD ./stm32haldev/stm32dev/src/general/stm32dev_dds_AD9834.o
LOAD ./stm32haldev/stm32dev/src/general/stm32dev_dds_AD9850.o
LOAD ./stm32haldev/stm32dev/src/general/stm32dev_dds_AD9851.o
LOAD ./stm32haldev/stm32dev/src/general/stm32dev_flash_s25fl208.o
LOAD ./stm32haldev/stm32dev/src/general/stm32dev_general.o
LOAD ./stm32haldev/stm32dev/src/general/stm32dev_led_ws2812b.o
LOAD ./stm32haldev/stm32dev/src/general/stm32dev_screen_ssd1306.o
LOAD ./stm32haldev/stm32dev/boards/alt0064_A.o
LOAD ./stm32haldev/stm32dev/boards/alt0065_A.o
LOAD ./stm32haldev/stm32dev/boards/alt0068_A.o
LOAD ./stm32haldev/stm32dev/boards/f429disco.o
LOAD ./src/_write.o
LOAD ./src/application_adc.o
LOAD ./src/application_bluetooth.o
LOAD ./src/application_flash.o
LOAD ./src/application_general.o
LOAD ./src/application_ledPWM.o
LOAD ./src/application_lm75.o
LOAD ./src/application_printf.o
LOAD ./src/application_rng.o
LOAD ./src/application_rtc.o
LOAD ./src/application_usb.o
LOAD ./src/application_ws2812.o
LOAD ./src/main.o
LOAD ./src/stm32f0xx_hal_msp.o
LOAD ./src/stm32f0xx_it.o
LOAD /Developer/Eclipse/gcc-arm-none-eabi-4_9-2015q2/bin/../lib/gcc/arm-none-eabi/4.9.3/../../../../arm-none-eabi/lib/armv6-m/libstdc++_nano.a
LOAD /Developer/Eclipse/gcc-arm-none-eabi-4_9-2015q2/bin/../lib/gcc/arm-none-eabi/4.9.3/../../../../arm-none-eabi/lib/armv6-m/libm.a
START GROUP
LOAD /Developer/Eclipse/gcc-arm-none-eabi-4_9-2015q2/bin/../lib/gcc/arm-none-eabi/4.9.3/armv6-m/libgcc.a
LOAD /Developer/Eclipse/gcc-arm-none-eabi-4_9-2015q2/bin/../lib/gcc/arm-none-eabi/4.9.3/../../../../arm-none-eabi/lib/armv6-m/libg_nano.a
LOAD /Developer/Eclipse/gcc-arm-none-eabi-4_9-2015q2/bin/../lib/gcc/arm-none-eabi/4.9.3/../../../../arm-none-eabi/lib/armv6-m/libc_nano.a
END GROUP
START GROUP
LOAD /Developer/Eclipse/gcc-arm-none-eabi-4_9-2015q2/bin/../lib/gcc/arm-none-eabi/4.9.3/armv6-m/libgcc.a
LOAD /Developer/Eclipse/gcc-arm-none-eabi-4_9-2015q2/bin/../lib/gcc/arm-none-eabi/4.9.3/../../../../arm-none-eabi/lib/armv6-m/libc_nano.a
END GROUP
                0x0000000020004000                __stack = (ORIGIN (RAM) + 0x4000)
                0x0000000020004000                _estack = __stack
                0x0000000000000400                __Main_Stack_Size = 0x400
                0x0000000000000400                PROVIDE (_Main_Stack_Size, __Main_Stack_Size)
                0x0000000020003c00                __Main_Stack_Limit = (__stack - __Main_Stack_Size)
                0x0000000020003c00                PROVIDE (_Main_Stack_Limit, __Main_Stack_Limit)
                0x0000000000000100                _Minimum_Stack_Size = 0x100
                0x0000000020001844                PROVIDE (_Heap_Begin, _end_noinit)
                0x0000000020003c00                PROVIDE (_Heap_Limit, (__stack - __Main_Stack_Size))

.isr_vector     0x0000000008000000      0x204
                0x0000000008000000                . = ALIGN (0x4)
 *(.isr_vector)
 .isr_vector    0x0000000008000000       0xc0 ./stm32haldev/system/CMSIS/Device/ST/STM32F0xx/Source/stm32f072xb/startup_stm32f072xb.o
                0x0000000008000000                g_pfnVectors
 *(.cfmconfig)
 *(.after_vectors .after_vectors.*)
 .after_vectors
                0x00000000080000c0      0x110 ./stm32haldev/system/src/newlib/_startup.o
                0x00000000080000c0                _start
 .after_vectors
                0x00000000080001d0       0x34 ./stm32haldev/system/src/cortexm/exception_handlers.o
                0x00000000080001d0                Reset_Handler
                0x00000000080001f2                HardFault_Handler_C
                0x0000000008000204                . = ALIGN (0x4)

.inits          0x0000000008000204        0x0
                0x0000000008000204                . = ALIGN (0x4)
 *(.init)
 *(.fini)
                0x0000000008000204                . = ALIGN (0x4)
                0x0000000008000204                PROVIDE (__preinit_array_start, .)
 *(.preinit_array_sysinit .preinit_array_sysinit.*)
 *(.preinit_array_platform .preinit_array_platform.*)
 *(.preinit_array .preinit_array.*)
                0x0000000008000204                PROVIDE (__preinit_array_end, .)
                0x0000000008000204                . = ALIGN (0x4)
                0x0000000008000204                PROVIDE (__init_array_start, .)
 *(SORT(.init_array.*))
 *(.init_array)
                0x0000000008000204                PROVIDE (__init_array_end, .)
                0x0000000008000204                . = ALIGN (0x4)
                0x0000000008000204                PROVIDE (__fini_array_start, .)
 *(SORT(.fini_array.*))
 *(.fini_array)
                0x0000000008000204                PROVIDE (__fini_array_end, .)
                0x0000000008000204                . = ALIGN (0x4)

.flashtext      0x0000000008000204        0x0
                0x0000000008000204                . = ALIGN (0x4)
 *(.flashtext .flashtext.*)
                0x0000000008000204                . = ALIGN (0x4)

.text           0x0000000008000204     0x6e9f
                0x0000000008000204                . = ALIGN (0x4)
 *(.text .text.*)
 .text._exit    0x0000000008000204        0x2 ./stm32haldev/system/src/newlib/_exit.o
                0x0000000008000204                _exit
 *fill*         0x0000000008000206        0x2 
 .text._sbrk    0x0000000008000208       0x40 ./stm32haldev/system/src/newlib/_sbrk.o
                0x0000000008000208                _sbrk
 .text.__initialize_args
                0x0000000008000248       0x10 ./stm32haldev/system/src/newlib/_syscalls.o
                0x0000000008000248                __initialize_args
 .text.__initialize_hardware_early
                0x0000000008000258        0x8 ./stm32haldev/system/src/cortexm/_initialize_hardware.o
                0x0000000008000258                __initialize_hardware_early
 .text.__initialize_hardware
                0x0000000008000260        0x8 ./stm32haldev/system/src/cortexm/_initialize_hardware.o
                0x0000000008000260                __initialize_hardware
 .text.HAL_InitTick
                0x0000000008000268       0x24 ./stm32haldev/system/STM32F0xx_HAL_Driver/Src/stm32f0xx_hal.o
                0x0000000008000268                HAL_InitTick
 .text.HAL_Init
                0x000000000800028c       0x20 ./stm32haldev/system/STM32F0xx_HAL_Driver/Src/stm32f0xx_hal.o
                0x000000000800028c                HAL_Init
 .text.HAL_IncTick
                0x00000000080002ac       0x10 ./stm32haldev/system/STM32F0xx_HAL_Driver/Src/stm32f0xx_hal.o
                0x00000000080002ac                HAL_IncTick
 .text.HAL_GetTick
                0x00000000080002bc        0xc ./stm32haldev/system/STM32F0xx_HAL_Driver/Src/stm32f0xx_hal.o
                0x00000000080002bc                HAL_GetTick
 .text.HAL_Delay
                0x00000000080002c8       0x18 ./stm32haldev/system/STM32F0xx_HAL_Driver/Src/stm32f0xx_hal.o
                0x00000000080002c8                HAL_Delay
 .text.ADC_Disable
                0x00000000080002e0       0x76 ./stm32haldev/system/STM32F0xx_HAL_Driver/Src/stm32f0xx_hal_adc.o
 *fill*         0x0000000008000356        0x2 
 .text.ADC_Enable
                0x0000000008000358       0x98 ./stm32haldev/system/STM32F0xx_HAL_Driver/Src/stm32f0xx_hal_adc.o
 .text.ADC_ConversionStop
                0x00000000080003f0       0x50 ./stm32haldev/system/STM32F0xx_HAL_Driver/Src/stm32f0xx_hal_adc.o
 .text.HAL_ADC_Init
                0x0000000008000440      0x138 ./stm32haldev/system/STM32F0xx_HAL_Driver/Src/stm32f0xx_hal_adc.o
                0x0000000008000440                HAL_ADC_Init
 .text.HAL_ADC_DeInit
                0x0000000008000578       0x94 ./stm32haldev/system/STM32F0xx_HAL_Driver/Src/stm32f0xx_hal_adc.o
                0x0000000008000578                HAL_ADC_DeInit
 .text.HAL_ADC_Start
                0x000000000800060c       0x58 ./stm32haldev/system/STM32F0xx_HAL_Driver/Src/stm32f0xx_hal_adc.o
                0x000000000800060c                HAL_ADC_Start
 .text.HAL_ADC_Start_DMA
                0x0000000008000664       0x94 ./stm32haldev/system/STM32F0xx_HAL_Driver/Src/stm32f0xx_hal_adc.o
                0x0000000008000664                HAL_ADC_Start_DMA
 .text.ADC_DMAConvCplt
                0x00000000080006f8       0x70 ./stm32haldev/system/STM32F0xx_HAL_Driver/Src/stm32f0xx_hal_adc.o
 .text.ADC_DMAHalfConvCplt
                0x0000000008000768        0xa ./stm32haldev/system/STM32F0xx_HAL_Driver/Src/stm32f0xx_hal_adc.o
 .text.HAL_ADC_LevelOutOfWindowCallback
                0x0000000008000772        0x2 ./stm32haldev/system/STM32F0xx_HAL_Driver/Src/stm32f0xx_hal_adc.o
                0x0000000008000772                HAL_ADC_LevelOutOfWindowCallback
 .text.ADC_DMAError
                0x0000000008000774       0x1a ./stm32haldev/system/STM32F0xx_HAL_Driver/Src/stm32f0xx_hal_adc.o
 *fill*         0x000000000800078e        0x2 
 .text.HAL_ADC_IRQHandler
                0x0000000008000790       0xe0 ./stm32haldev/system/STM32F0xx_HAL_Driver/Src/stm32f0xx_hal_adc.o
                0x0000000008000790                HAL_ADC_IRQHandler
 .text.HAL_ADC_ConfigChannel
                0x0000000008000870       0xfc ./stm32haldev/system/STM32F0xx_HAL_Driver/Src/stm32f0xx_hal_adc.o
                0x0000000008000870                HAL_ADC_ConfigChannel
 .text.HAL_ADCEx_Calibration_Start
                0x000000000800096c       0x98 ./stm32haldev/system/STM32F0xx_HAL_Driver/Src/stm32f0xx_hal_adc_ex.o
                0x000000000800096c                HAL_ADCEx_Calibration_Start
 .text.HAL_NVIC_SetPriority
                0x0000000008000a04       0x64 ./stm32haldev/system/STM32F0xx_HAL_Driver/Src/stm32f0xx_hal_cortex.o
                0x0000000008000a04                HAL_NVIC_SetPriority
 .text.HAL_NVIC_EnableIRQ
                0x0000000008000a68       0x14 ./stm32haldev/system/STM32F0xx_HAL_Driver/Src/stm32f0xx_hal_cortex.o
                0x0000000008000a68                HAL_NVIC_EnableIRQ
 .text.HAL_NVIC_DisableIRQ
                0x0000000008000a7c       0x14 ./stm32haldev/system/STM32F0xx_HAL_Driver/Src/stm32f0xx_hal_cortex.o
                0x0000000008000a7c                HAL_NVIC_DisableIRQ
 .text.HAL_SYSTICK_Config
                0x0000000008000a90       0x34 ./stm32haldev/system/STM32F0xx_HAL_Driver/Src/stm32f0xx_hal_cortex.o
                0x0000000008000a90                HAL_SYSTICK_Config
 .text.CRC_Handle_8
                0x0000000008000ac4       0x52 ./stm32haldev/system/STM32F0xx_HAL_Driver/Src/stm32f0xx_hal_crc.o
 .text.CRC_Handle_16
                0x0000000008000b16       0x2e ./stm32haldev/system/STM32F0xx_HAL_Driver/Src/stm32f0xx_hal_crc.o
 .text.HAL_CRC_Init
                0x0000000008000b44       0x56 ./stm32haldev/system/STM32F0xx_HAL_Driver/Src/stm32f0xx_hal_crc.o
                0x0000000008000b44                HAL_CRC_Init
 .text.HAL_CRC_Accumulate
                0x0000000008000b9a       0x52 ./stm32haldev/system/STM32F0xx_HAL_Driver/Src/stm32f0xx_hal_crc.o
                0x0000000008000b9a                HAL_CRC_Accumulate
 .text.HAL_CRCEx_Polynomial_Set
                0x0000000008000bec       0x5a ./stm32haldev/system/STM32F0xx_HAL_Driver/Src/stm32f0xx_hal_crc_ex.o
                0x0000000008000bec                HAL_CRCEx_Polynomial_Set
 *fill*         0x0000000008000c46        0x2 
 .text.HAL_CRCEx_Init
                0x0000000008000c48       0x30 ./stm32haldev/system/STM32F0xx_HAL_Driver/Src/stm32f0xx_hal_crc_ex.o
                0x0000000008000c48                HAL_CRCEx_Init
 .text.HAL_DMA_Init
                0x0000000008000c78       0x50 ./stm32haldev/system/STM32F0xx_HAL_Driver/Src/stm32f0xx_hal_dma.o
                0x0000000008000c78                HAL_DMA_Init
 .text.HAL_DMA_DeInit
                0x0000000008000cc8      0x120 ./stm32haldev/system/STM32F0xx_HAL_Driver/Src/stm32f0xx_hal_dma.o
                0x0000000008000cc8                HAL_DMA_DeInit
 .text.HAL_DMA_Start_IT
                0x0000000008000de8       0x56 ./stm32haldev/system/STM32F0xx_HAL_Driver/Src/stm32f0xx_hal_dma.o
                0x0000000008000de8                HAL_DMA_Start_IT
 *fill*         0x0000000008000e3e        0x2 
 .text.HAL_DMA_IRQHandler
                0x0000000008000e40      0x24c ./stm32haldev/system/STM32F0xx_HAL_Driver/Src/stm32f0xx_hal_dma.o
                0x0000000008000e40                HAL_DMA_IRQHandler
 .text.HAL_GPIO_Init
                0x000000000800108c      0x170 ./stm32haldev/system/STM32F0xx_HAL_Driver/Src/stm32f0xx_hal_gpio.o
                0x000000000800108c                HAL_GPIO_Init
 .text.HAL_GPIO_DeInit
                0x00000000080011fc       0xf0 ./stm32haldev/system/STM32F0xx_HAL_Driver/Src/stm32f0xx_hal_gpio.o
                0x00000000080011fc                HAL_GPIO_DeInit
 .text.HAL_GPIO_ReadPin
                0x00000000080012ec        0xc ./stm32haldev/system/STM32F0xx_HAL_Driver/Src/stm32f0xx_hal_gpio.o
                0x00000000080012ec                HAL_GPIO_ReadPin
 .text.HAL_GPIO_WritePin
                0x00000000080012f8        0xc ./stm32haldev/system/STM32F0xx_HAL_Driver/Src/stm32f0xx_hal_gpio.o
                0x00000000080012f8                HAL_GPIO_WritePin
 .text.HAL_GPIO_TogglePin
                0x0000000008001304        0x8 ./stm32haldev/system/STM32F0xx_HAL_Driver/Src/stm32f0xx_hal_gpio.o
                0x0000000008001304                HAL_GPIO_TogglePin
 .text.I2C_TransferConfig
                0x000000000800130c       0x24 ./stm32haldev/system/STM32F0xx_HAL_Driver/Src/stm32f0xx_hal_i2c.o
 .text.I2C_IsAcknowledgeFailed
                0x0000000008001330       0x8c ./stm32haldev/system/STM32F0xx_HAL_Driver/Src/stm32f0xx_hal_i2c.o
 .text.I2C_WaitOnFlagUntilTimeout
                0x00000000080013bc       0x72 ./stm32haldev/system/STM32F0xx_HAL_Driver/Src/stm32f0xx_hal_i2c.o
 .text.I2C_WaitOnTXISFlagUntilTimeout
                0x000000000800142e       0x56 ./stm32haldev/system/STM32F0xx_HAL_Driver/Src/stm32f0xx_hal_i2c.o
 .text.I2C_WaitOnSTOPFlagUntilTimeout
                0x0000000008001484       0x52 ./stm32haldev/system/STM32F0xx_HAL_Driver/Src/stm32f0xx_hal_i2c.o
 *fill*         0x00000000080014d6        0x2 
 .text.HAL_I2C_Init
                0x00000000080014d8       0xa4 ./stm32haldev/system/STM32F0xx_HAL_Driver/Src/stm32f0xx_hal_i2c.o
                0x00000000080014d8                HAL_I2C_Init
 .text.HAL_I2C_Master_Transmit
                0x000000000800157c      0x11c ./stm32haldev/system/STM32F0xx_HAL_Driver/Src/stm32f0xx_hal_i2c.o
                0x000000000800157c                HAL_I2C_Master_Transmit
 .text.HAL_I2C_Master_Receive
                0x0000000008001698      0x118 ./stm32haldev/system/STM32F0xx_HAL_Driver/Src/stm32f0xx_hal_i2c.o
                0x0000000008001698                HAL_I2C_Master_Receive
 .text.HAL_I2C_IsDeviceReady
                0x00000000080017b0      0x11c ./stm32haldev/system/STM32F0xx_HAL_Driver/Src/stm32f0xx_hal_i2c.o
                0x00000000080017b0                HAL_I2C_IsDeviceReady
 .text.HAL_I2C_SlaveTxCpltCallback
                0x00000000080018cc        0x2 ./stm32haldev/system/STM32F0xx_HAL_Driver/Src/stm32f0xx_hal_i2c.o
                0x00000000080018cc                HAL_I2C_SlaveTxCpltCallback
 .text.HAL_I2C_SlaveRxCpltCallback
                0x00000000080018ce        0x2 ./stm32haldev/system/STM32F0xx_HAL_Driver/Src/stm32f0xx_hal_i2c.o
                0x00000000080018ce                HAL_I2C_SlaveRxCpltCallback
 .text.HAL_I2C_MemTxCpltCallback
                0x00000000080018d0        0x2 ./stm32haldev/system/STM32F0xx_HAL_Driver/Src/stm32f0xx_hal_i2c.o
                0x00000000080018d0                HAL_I2C_MemTxCpltCallback
 .text.HAL_I2C_MemRxCpltCallback
                0x00000000080018d2        0x2 ./stm32haldev/system/STM32F0xx_HAL_Driver/Src/stm32f0xx_hal_i2c.o
                0x00000000080018d2                HAL_I2C_MemRxCpltCallback
 .text.HAL_I2C_EV_IRQHandler
                0x00000000080018d4      0x414 ./stm32haldev/system/STM32F0xx_HAL_Driver/Src/stm32f0xx_hal_i2c.o
                0x00000000080018d4                HAL_I2C_EV_IRQHandler
 .text.HAL_I2C_ER_IRQHandler
                0x0000000008001ce8       0x68 ./stm32haldev/system/STM32F0xx_HAL_Driver/Src/stm32f0xx_hal_i2c.o
                0x0000000008001ce8                HAL_I2C_ER_IRQHandler
 .text.HAL_I2C_GetError
                0x0000000008001d50        0x4 ./stm32haldev/system/STM32F0xx_HAL_Driver/Src/stm32f0xx_hal_i2c.o
                0x0000000008001d50                HAL_I2C_GetError
 .text.HAL_I2CEx_ConfigAnalogFilter
                0x0000000008001d54       0x60 ./stm32haldev/system/STM32F0xx_HAL_Driver/Src/stm32f0xx_hal_i2c_ex.o
                0x0000000008001d54                HAL_I2CEx_ConfigAnalogFilter
 .text.HAL_MspInit
                0x0000000008001db4        0x2 ./stm32haldev/system/STM32F0xx_HAL_Driver/Src/stm32f0xx_hal_msp_template.o
                0x0000000008001db4                HAL_MspInit
 *fill*         0x0000000008001db6        0x2 
 .text.HAL_PWR_EnableBkUpAccess
                0x0000000008001db8       0x14 ./stm32haldev/system/STM32F0xx_HAL_Driver/Src/stm32f0xx_hal_pwr.o
                0x0000000008001db8                HAL_PWR_EnableBkUpAccess
 .text.HAL_RCC_OscConfig
                0x0000000008001dcc      0x484 ./stm32haldev/system/STM32F0xx_HAL_Driver/Src/stm32f0xx_hal_rcc.o
                0x0000000008001dcc                HAL_RCC_OscConfig
 .text.HAL_RCC_ClockConfig
                0x0000000008002250      0x204 ./stm32haldev/system/STM32F0xx_HAL_Driver/Src/stm32f0xx_hal_rcc.o
                0x0000000008002250                HAL_RCC_ClockConfig
 .text.HAL_RCC_GetSysClockFreq
                0x0000000008002454       0x78 ./stm32haldev/system/STM32F0xx_HAL_Driver/Src/stm32f0xx_hal_rcc.o
                0x0000000008002454                HAL_RCC_GetSysClockFreq
 .text.HAL_RCC_GetHCLKFreq
                0x00000000080024cc       0x28 ./stm32haldev/system/STM32F0xx_HAL_Driver/Src/stm32f0xx_hal_rcc.o
                0x00000000080024cc                HAL_RCC_GetHCLKFreq
 .text.HAL_RCC_GetPCLK1Freq
                0x00000000080024f4       0x20 ./stm32haldev/system/STM32F0xx_HAL_Driver/Src/stm32f0xx_hal_rcc.o
                0x00000000080024f4                HAL_RCC_GetPCLK1Freq
 .text.HAL_RCC_GetOscConfig
                0x0000000008002514       0xac ./stm32haldev/system/STM32F0xx_HAL_Driver/Src/stm32f0xx_hal_rcc.o
                0x0000000008002514                HAL_RCC_GetOscConfig
 .text.HAL_RCCEx_PeriphCLKConfig
                0x00000000080025c0      0x110 ./stm32haldev/system/STM32F0xx_HAL_Driver/Src/stm32f0xx_hal_rcc_ex.o
                0x00000000080025c0                HAL_RCCEx_PeriphCLKConfig
 .text.HAL_RTC_WaitForSynchro
                0x00000000080026d0       0x32 ./stm32haldev/system/STM32F0xx_HAL_Driver/Src/stm32f0xx_hal_rtc.o
                0x00000000080026d0                HAL_RTC_WaitForSynchro
 .text.RTC_EnterInitMode
                0x0000000008002702       0x36 ./stm32haldev/system/STM32F0xx_HAL_Driver/Src/stm32f0xx_hal_rtc.o
                0x0000000008002702                RTC_EnterInitMode
 .text.HAL_RTC_Init
                0x0000000008002738       0x90 ./stm32haldev/system/STM32F0xx_HAL_Driver/Src/stm32f0xx_hal_rtc.o
                0x0000000008002738                HAL_RTC_Init
 .text.RTC_ByteToBcd2
                0x00000000080027c8       0x16 ./stm32haldev/system/STM32F0xx_HAL_Driver/Src/stm32f0xx_hal_rtc.o
                0x00000000080027c8                RTC_ByteToBcd2
 *fill*         0x00000000080027de        0x2 
 .text.HAL_RTC_SetTime
                0x00000000080027e0       0xe8 ./stm32haldev/system/STM32F0xx_HAL_Driver/Src/stm32f0xx_hal_rtc.o
                0x00000000080027e0                HAL_RTC_SetTime
 .text.HAL_RTC_SetDate
                0x00000000080028c8       0xcc ./stm32haldev/system/STM32F0xx_HAL_Driver/Src/stm32f0xx_hal_rtc.o
                0x00000000080028c8                HAL_RTC_SetDate
 .text.HAL_RTCEx_BKUPWrite
                0x0000000008002994        0xc ./stm32haldev/system/STM32F0xx_HAL_Driver/Src/stm32f0xx_hal_rtc_ex.o
                0x0000000008002994                HAL_RTCEx_BKUPWrite
 .text.HAL_RTCEx_BKUPRead
                0x00000000080029a0        0xc ./stm32haldev/system/STM32F0xx_HAL_Driver/Src/stm32f0xx_hal_rtc_ex.o
                0x00000000080029a0                HAL_RTCEx_BKUPRead
 .text.SPI_WaitFifoStateUntilTimeout
                0x00000000080029ac       0xac ./stm32haldev/system/STM32F0xx_HAL_Driver/Src/stm32f0xx_hal_spi.o
 .text.SPI_WaitFlagStateUntilTimeout
                0x0000000008002a58       0x94 ./stm32haldev/system/STM32F0xx_HAL_Driver/Src/stm32f0xx_hal_spi.o
 .text.SPI_EndRxTxTransaction
                0x0000000008002aec       0x30 ./stm32haldev/system/STM32F0xx_HAL_Driver/Src/stm32f0xx_hal_spi.o
 .text.HAL_SPI_Init
                0x0000000008002b1c       0xcc ./stm32haldev/system/STM32F0xx_HAL_Driver/Src/stm32f0xx_hal_spi.o
                0x0000000008002b1c                HAL_SPI_Init
 .text.HAL_SPI_TransmitReceive
                0x0000000008002be8      0x298 ./stm32haldev/system/STM32F0xx_HAL_Driver/Src/stm32f0xx_hal_spi.o
                0x0000000008002be8                HAL_SPI_TransmitReceive
 .text.TIM_OC1_SetConfig
                0x0000000008002e80       0x88 ./stm32haldev/system/STM32F0xx_HAL_Driver/Src/stm32f0xx_hal_tim.o
 .text.TIM_OC3_SetConfig
                0x0000000008002f08       0x8c ./stm32haldev/system/STM32F0xx_HAL_Driver/Src/stm32f0xx_hal_tim.o
 .text.TIM_OC4_SetConfig
                0x0000000008002f94       0x74 ./stm32haldev/system/STM32F0xx_HAL_Driver/Src/stm32f0xx_hal_tim.o
 .text.HAL_TIM_PWM_PulseFinishedCallback
                0x0000000008003008        0x2 ./stm32haldev/system/STM32F0xx_HAL_Driver/Src/stm32f0xx_hal_tim.o
                0x0000000008003008                HAL_TIM_PWM_PulseFinishedCallback
 .text.TIM_DMADelayPulseCplt
                0x000000000800300a       0x3c ./stm32haldev/system/STM32F0xx_HAL_Driver/Src/stm32f0xx_hal_tim.o
                0x000000000800300a                TIM_DMADelayPulseCplt
 .text.HAL_TIM_ErrorCallback
                0x0000000008003046        0x2 ./stm32haldev/system/STM32F0xx_HAL_Driver/Src/stm32f0xx_hal_tim.o
                0x0000000008003046                HAL_TIM_ErrorCallback
 .text.TIM_DMAError
                0x0000000008003048       0x12 ./stm32haldev/system/STM32F0xx_HAL_Driver/Src/stm32f0xx_hal_tim.o
                0x0000000008003048                TIM_DMAError
 *fill*         0x000000000800305a        0x2 
 .text.TIM_Base_SetConfig
                0x000000000800305c       0x98 ./stm32haldev/system/STM32F0xx_HAL_Driver/Src/stm32f0xx_hal_tim.o
                0x000000000800305c                TIM_Base_SetConfig
 .text.HAL_TIM_PWM_Init
                0x00000000080030f4       0x36 ./stm32haldev/system/STM32F0xx_HAL_Driver/Src/stm32f0xx_hal_tim.o
                0x00000000080030f4                HAL_TIM_PWM_Init
 *fill*         0x000000000800312a        0x2 
 .text.TIM_OC2_SetConfig
                0x000000000800312c       0x84 ./stm32haldev/system/STM32F0xx_HAL_Driver/Src/stm32f0xx_hal_tim.o
                0x000000000800312c                TIM_OC2_SetConfig
 .text.HAL_TIM_PWM_ConfigChannel
                0x00000000080031b0       0xcc ./stm32haldev/system/STM32F0xx_HAL_Driver/Src/stm32f0xx_hal_tim.o
                0x00000000080031b0                HAL_TIM_PWM_ConfigChannel
 .text.TIM_CCxChannelCmd
                0x000000000800327c       0x16 ./stm32haldev/system/STM32F0xx_HAL_Driver/Src/stm32f0xx_hal_tim.o
                0x000000000800327c                TIM_CCxChannelCmd
 *fill*         0x0000000008003292        0x2 
 .text.HAL_TIM_PWM_Start
                0x0000000008003294       0x4c ./stm32haldev/system/STM32F0xx_HAL_Driver/Src/stm32f0xx_hal_tim.o
                0x0000000008003294                HAL_TIM_PWM_Start
 .text.HAL_TIM_PWM_Start_DMA
                0x00000000080032e0      0x108 ./stm32haldev/system/STM32F0xx_HAL_Driver/Src/stm32f0xx_hal_tim.o
                0x00000000080032e0                HAL_TIM_PWM_Start_DMA
 .text.HAL_UART_DeInit
                0x00000000080033e8       0x32 ./stm32haldev/system/STM32F0xx_HAL_Driver/Src/stm32f0xx_hal_uart.o
                0x00000000080033e8                HAL_UART_DeInit
 *fill*         0x000000000800341a        0x2 
 .text.HAL_UART_Transmit_DMA
                0x000000000800341c       0x84 ./stm32haldev/system/STM32F0xx_HAL_Driver/Src/stm32f0xx_hal_uart.o
                0x000000000800341c                HAL_UART_Transmit_DMA
 .text.HAL_UART_Receive_DMA
                0x00000000080034a0       0x84 ./stm32haldev/system/STM32F0xx_HAL_Driver/Src/stm32f0xx_hal_uart.o
                0x00000000080034a0                HAL_UART_Receive_DMA
 .text.UART_DMATransmitCplt
                0x0000000008003524       0x30 ./stm32haldev/system/STM32F0xx_HAL_Driver/Src/stm32f0xx_hal_uart.o
 .text.HAL_UART_TxHalfCpltCallback
                0x0000000008003554        0x2 ./stm32haldev/system/STM32F0xx_HAL_Driver/Src/stm32f0xx_hal_uart.o
                0x0000000008003554                HAL_UART_TxHalfCpltCallback
 .text.UART_DMATxHalfCplt
                0x0000000008003556        0xa ./stm32haldev/system/STM32F0xx_HAL_Driver/Src/stm32f0xx_hal_uart.o
 .text.UART_DMAReceiveCplt
                0x0000000008003560       0x38 ./stm32haldev/system/STM32F0xx_HAL_Driver/Src/stm32f0xx_hal_uart.o
 .text.HAL_UART_RxHalfCpltCallback
                0x0000000008003598        0x2 ./stm32haldev/system/STM32F0xx_HAL_Driver/Src/stm32f0xx_hal_uart.o
                0x0000000008003598                HAL_UART_RxHalfCpltCallback
 .text.UART_DMARxHalfCplt
                0x000000000800359a        0xa ./stm32haldev/system/STM32F0xx_HAL_Driver/Src/stm32f0xx_hal_uart.o
 .text.HAL_UART_ErrorCallback
                0x00000000080035a4        0x2 ./stm32haldev/system/STM32F0xx_HAL_Driver/Src/stm32f0xx_hal_uart.o
                0x00000000080035a4                HAL_UART_ErrorCallback
 .text.UART_DMAError
                0x00000000080035a6       0x26 ./stm32haldev/system/STM32F0xx_HAL_Driver/Src/stm32f0xx_hal_uart.o
 .text.UART_SetConfig
                0x00000000080035cc      0x168 ./stm32haldev/system/STM32F0xx_HAL_Driver/Src/stm32f0xx_hal_uart.o
                0x00000000080035cc                UART_SetConfig
 .text.UART_AdvFeatureConfig
                0x0000000008003734       0xd0 ./stm32haldev/system/STM32F0xx_HAL_Driver/Src/stm32f0xx_hal_uart.o
                0x0000000008003734                UART_AdvFeatureConfig
 .text.UART_WaitOnFlagUntilTimeout
                0x0000000008003804       0x90 ./stm32haldev/system/STM32F0xx_HAL_Driver/Src/stm32f0xx_hal_uart.o
                0x0000000008003804                UART_WaitOnFlagUntilTimeout
 .text.HAL_UART_Transmit
                0x0000000008003894       0xb8 ./stm32haldev/system/STM32F0xx_HAL_Driver/Src/stm32f0xx_hal_uart.o
                0x0000000008003894                HAL_UART_Transmit
 .text.UART_CheckIdleState
                0x000000000800394c       0x70 ./stm32haldev/system/STM32F0xx_HAL_Driver/Src/stm32f0xx_hal_uart.o
                0x000000000800394c                UART_CheckIdleState
 .text.HAL_UART_Init
                0x00000000080039bc       0x6c ./stm32haldev/system/STM32F0xx_HAL_Driver/Src/stm32f0xx_hal_uart.o
                0x00000000080039bc                HAL_UART_Init
 .text.UART_Transmit_IT
                0x0000000008003a28       0x64 ./stm32haldev/system/STM32F0xx_HAL_Driver/Src/stm32f0xx_hal_uart.o
                0x0000000008003a28                UART_Transmit_IT
 .text.UART_EndTransmit_IT
                0x0000000008003a8c       0x2e ./stm32haldev/system/STM32F0xx_HAL_Driver/Src/stm32f0xx_hal_uart.o
                0x0000000008003a8c                UART_EndTransmit_IT
 *fill*         0x0000000008003aba        0x2 
 .text.UART_Receive_IT
                0x0000000008003abc       0x8c ./stm32haldev/system/STM32F0xx_HAL_Driver/Src/stm32f0xx_hal_uart.o
                0x0000000008003abc                UART_Receive_IT
 .text.HAL_UARTEx_WakeupCallback
                0x0000000008003b48        0x2 ./stm32haldev/system/STM32F0xx_HAL_Driver/Src/stm32f0xx_hal_uart_ex.o
                0x0000000008003b48                HAL_UARTEx_WakeupCallback
 .text.HAL_UART_IRQHandler
                0x0000000008003b4a       0xfc ./stm32haldev/system/STM32F0xx_HAL_Driver/Src/stm32f0xx_hal_uart_ex.o
                0x0000000008003b4a                HAL_UART_IRQHandler
 *fill*         0x0000000008003c46        0x2 
 .text.SystemInit
                0x0000000008003c48       0x60 ./stm32haldev/system/CMSIS/Device/ST/STM32F0xx/Source/system/system_stm32f0xx.o
                0x0000000008003c48                SystemInit
 .text.SystemCoreClockUpdate
                0x0000000008003ca8       0x74 ./stm32haldev/system/CMSIS/Device/ST/STM32F0xx/Source/system/system_stm32f0xx.o
                0x0000000008003ca8                SystemCoreClockUpdate
 .text.Default_Handler
                0x0000000008003d1c        0x2 ./stm32haldev/system/CMSIS/Device/ST/STM32F0xx/Source/stm32f072xb/startup_stm32f072xb.o
                0x0000000008003d1c                TIM1_BRK_UP_TRG_COM_IRQHandler
                0x0000000008003d1c                TSC_IRQHandler
                0x0000000008003d1c                RCC_CRS_IRQHandler
                0x0000000008003d1c                SPI1_IRQHandler
                0x0000000008003d1c                TIM6_DAC_IRQHandler
                0x0000000008003d1c                USART3_4_IRQHandler
                0x0000000008003d1c                EXTI2_3_IRQHandler
                0x0000000008003d1c                I2C2_IRQHandler
                0x0000000008003d1c                TIM17_IRQHandler
                0x0000000008003d1c                CEC_CAN_IRQHandler
                0x0000000008003d1c                RTC_IRQHandler
                0x0000000008003d1c                PVD_VDDIO2_IRQHandler
                0x0000000008003d1c                TIM16_IRQHandler
                0x0000000008003d1c                TIM3_IRQHandler
                0x0000000008003d1c                EXTI4_15_IRQHandler
                0x0000000008003d1c                Default_Handler
                0x0000000008003d1c                TIM7_IRQHandler
                0x0000000008003d1c                TIM15_IRQHandler
                0x0000000008003d1c                EXTI0_1_IRQHandler
                0x0000000008003d1c                SPI2_IRQHandler
                0x0000000008003d1c                WWDG_IRQHandler
                0x0000000008003d1c                TIM2_IRQHandler
                0x0000000008003d1c                USART2_IRQHandler
                0x0000000008003d1c                FLASH_IRQHandler
                0x0000000008003d1c                TIM1_CC_IRQHandler
 .text.stm32dev_i2c_isDeviceConnected
                0x0000000008003d1e       0x14 ./stm32haldev/stm32dev/src/stm32f0/stm32dev_i2c_f0.o
                0x0000000008003d1e                stm32dev_i2c_isDeviceConnected
 .text.stm32dev_i2c_read_noRegister_polling
                0x0000000008003d32       0x1e ./stm32haldev/stm32dev/src/stm32f0/stm32dev_i2c_f0.o
                0x0000000008003d32                stm32dev_i2c_read_noRegister_polling
 .text.stm32dev_i2c_readMulti_noRegister_polling
                0x0000000008003d50       0x20 ./stm32haldev/stm32dev/src/stm32f0/stm32dev_i2c_f0.o
                0x0000000008003d50                stm32dev_i2c_readMulti_noRegister_polling
 .text.stm32dev_i2c_write_noRegister_polling
                0x0000000008003d70       0x2c ./stm32haldev/stm32dev/src/stm32f0/stm32dev_i2c_f0.o
                0x0000000008003d70                stm32dev_i2c_write_noRegister_polling
 .text.stm32dev_flash_s25fl208_transmitToSPI_noCS
                0x0000000008003d9c       0x2c ./stm32haldev/stm32dev/src/general/stm32dev_flash_s25fl208.o
 .text.stm32dev_flash_s25fl208_CSState.part.0
                0x0000000008003dc8       0x1c ./stm32haldev/stm32dev/src/general/stm32dev_flash_s25fl208.o
 .text.stm32dev_flash_s25fl208_setPrintfRoutine
                0x0000000008003de4        0xc ./stm32haldev/stm32dev/src/general/stm32dev_flash_s25fl208.o
                0x0000000008003de4                stm32dev_flash_s25fl208_setPrintfRoutine
 .text.stm32dev_flash_s25fl208_transmitToSPI
                0x0000000008003df0       0x28 ./stm32haldev/stm32dev/src/general/stm32dev_flash_s25fl208.o
                0x0000000008003df0                stm32dev_flash_s25fl208_transmitToSPI
 .text.stm32dev_flash_s25fl208_transmitToPrintf
                0x0000000008003e18       0x14 ./stm32haldev/stm32dev/src/general/stm32dev_flash_s25fl208.o
                0x0000000008003e18                stm32dev_flash_s25fl208_transmitToPrintf
 .text.stm32dev_flash_s25fl208_init
                0x0000000008003e2c       0x78 ./stm32haldev/stm32dev/src/general/stm32dev_flash_s25fl208.o
                0x0000000008003e2c                stm32dev_flash_s25fl208_init
 .text.stm32dev_flash_s25fl208_transmitToSPI_noCSwBuffer
                0x0000000008003ea4       0x24 ./stm32haldev/stm32dev/src/general/stm32dev_flash_s25fl208.o
                0x0000000008003ea4                stm32dev_flash_s25fl208_transmitToSPI_noCSwBuffer
 .text.stm32dev_flash_s25fl208_sendCommand_writeEnable
                0x0000000008003ec8       0x18 ./stm32haldev/stm32dev/src/general/stm32dev_flash_s25fl208.o
                0x0000000008003ec8                stm32dev_flash_s25fl208_sendCommand_writeEnable
 .text.stm32dev_flash_s25fl208_sendCommand_readStatusRegister
                0x0000000008003ee0       0x20 ./stm32haldev/stm32dev/src/general/stm32dev_flash_s25fl208.o
                0x0000000008003ee0                stm32dev_flash_s25fl208_sendCommand_readStatusRegister
 .text.stm32dev_flash_s25fl208_sendCommand_readData
                0x0000000008003f00       0x2c ./stm32haldev/stm32dev/src/general/stm32dev_flash_s25fl208.o
                0x0000000008003f00                stm32dev_flash_s25fl208_sendCommand_readData
 .text.stm32dev_flash_s25fl208_sendCommand_releaseDeepPowerDown
                0x0000000008003f2c       0x18 ./stm32haldev/stm32dev/src/general/stm32dev_flash_s25fl208.o
                0x0000000008003f2c                stm32dev_flash_s25fl208_sendCommand_releaseDeepPowerDown
 .text.stm32dev_flash_s25fl208_convert_statusRegister
                0x0000000008003f44       0x22 ./stm32haldev/stm32dev/src/general/stm32dev_flash_s25fl208.o
                0x0000000008003f44                stm32dev_flash_s25fl208_convert_statusRegister
 .text.stm32dev_flash_s25fl208_waitForProgrammingDone
                0x0000000008003f66       0x12 ./stm32haldev/stm32dev/src/general/stm32dev_flash_s25fl208.o
                0x0000000008003f66                stm32dev_flash_s25fl208_waitForProgrammingDone
 .text.stm32dev_flash_s25fl208_sendCommand_writeStatusRegister
                0x0000000008003f78       0x3c ./stm32haldev/stm32dev/src/general/stm32dev_flash_s25fl208.o
                0x0000000008003f78                stm32dev_flash_s25fl208_sendCommand_writeStatusRegister
 .text.stm32dev_flash_s25fl208_sendCommand_sectorErase
                0x0000000008003fb4       0x44 ./stm32haldev/stm32dev/src/general/stm32dev_flash_s25fl208.o
                0x0000000008003fb4                stm32dev_flash_s25fl208_sendCommand_sectorErase
 .text.stm32dev_flash_s25fl208_sendCommand_pageProgram
                0x0000000008003ff8       0x78 ./stm32haldev/stm32dev/src/general/stm32dev_flash_s25fl208.o
                0x0000000008003ff8                stm32dev_flash_s25fl208_sendCommand_pageProgram
 .text.stm32dev_general_getDec
                0x0000000008004070       0x3c ./stm32haldev/stm32dev/src/general/stm32dev_general.o
                0x0000000008004070                stm32dev_general_getDec
 .text.stm32dev_general_getHex8
                0x00000000080040ac       0x1c ./stm32haldev/stm32dev/src/general/stm32dev_general.o
                0x00000000080040ac                stm32dev_general_getHex8
 .text.stm32dev_general_strsplit
                0x00000000080040c8       0x8a ./stm32haldev/stm32dev/src/general/stm32dev_general.o
                0x00000000080040c8                stm32dev_general_strsplit
 *fill*         0x0000000008004152        0x2 
 .text.general_adc_init
                0x0000000008004154       0xe8 ./src/application_adc.o
                0x0000000008004154                general_adc_init
 .text.general_adc_init_inttemp
                0x000000000800423c       0x90 ./src/application_adc.o
                0x000000000800423c                general_adc_init_inttemp
 .text.adc_sample
                0x00000000080042cc       0x18 ./src/application_adc.o
                0x00000000080042cc                adc_sample
 .text.adc_getRandomTemperatures
                0x00000000080042e4       0x24 ./src/application_adc.o
                0x00000000080042e4                adc_getRandomTemperatures
 .text.bt_getCommandPtr
                0x0000000008004308       0x28 ./src/application_bluetooth.o
                0x0000000008004308                bt_getCommandPtr
 .text.bt_sendFlashParams
                0x0000000008004330       0x10 ./src/application_bluetooth.o
                0x0000000008004330                bt_sendFlashParams
 .text.bt_handleIncoming
                0x0000000008004340       0xc0 ./src/application_bluetooth.o
                0x0000000008004340                bt_handleIncoming
 .text.general_bluetooth_init
                0x0000000008004400       0x58 ./src/application_bluetooth.o
                0x0000000008004400                general_bluetooth_init
 .text.flash_initParams
                0x0000000008004458       0x28 ./src/application_flash.o
                0x0000000008004458                flash_initParams
 .text.flash_readApplicationParams
                0x0000000008004480       0x2a ./src/application_flash.o
                0x0000000008004480                flash_readApplicationParams
 *fill*         0x00000000080044aa        0x2 
 .text.flash_writeData
                0x00000000080044ac       0x64 ./src/application_flash.o
                0x00000000080044ac                flash_writeData
 .text.flash_synchronizeData
                0x0000000008004510       0x9c ./src/application_flash.o
                0x0000000008004510                flash_synchronizeData
 .text.general_spiFlash_init
                0x00000000080045ac      0x16c ./src/application_flash.o
                0x00000000080045ac                general_spiFlash_init
 .text.Error_Handler
                0x0000000008004718       0x1c ./src/application_general.o
                0x0000000008004718                Error_Handler
 .text.SystemClock_Config
                0x0000000008004734       0x4a ./src/application_general.o
                0x0000000008004734                SystemClock_Config
 *fill*         0x000000000800477e        0x2 
 .text.general_gpio_init
                0x0000000008004780       0xd4 ./src/application_general.o
                0x0000000008004780                general_gpio_init
 .text.general_ledPWM_init
                0x0000000008004854       0xdc ./src/application_ledPWM.o
                0x0000000008004854                general_ledPWM_init
 .text.lm75_setPointerReg
                0x0000000008004930       0x14 ./src/application_lm75.o
                0x0000000008004930                lm75_setPointerReg
 .text.lm75_readReg_8bit
                0x0000000008004944       0x20 ./src/application_lm75.o
                0x0000000008004944                lm75_readReg_8bit
 .text.lm75_readReg_16bit
                0x0000000008004964       0x28 ./src/application_lm75.o
                0x0000000008004964                lm75_readReg_16bit
 .text.lm75_readConf
                0x000000000800498c        0xa ./src/application_lm75.o
                0x000000000800498c                lm75_readConf
 .text.lm75_readTemp
                0x0000000008004996        0xa ./src/application_lm75.o
                0x0000000008004996                lm75_readTemp
 .text.lm75_readHys
                0x00000000080049a0        0xa ./src/application_lm75.o
                0x00000000080049a0                lm75_readHys
 .text.lm75_readTos
                0x00000000080049aa        0xa ./src/application_lm75.o
                0x00000000080049aa                lm75_readTos
 .text.lm75_temperature
                0x00000000080049b4       0x44 ./src/application_lm75.o
                0x00000000080049b4                lm75_temperature
 .text.lm75_present
                0x00000000080049f8       0x10 ./src/application_lm75.o
                0x00000000080049f8                lm75_present
 .text.general_lm75_init
                0x0000000008004a08      0x118 ./src/application_lm75.o
                0x0000000008004a08                general_lm75_init
 .text.uart_sendPrintf
                0x0000000008004b20       0x2c ./src/application_printf.o
                0x0000000008004b20                uart_sendPrintf
 .text.uart_sendDMA
                0x0000000008004b4c       0x30 ./src/application_printf.o
                0x0000000008004b4c                uart_sendDMA
 .text.uart_fullStringReceived
                0x0000000008004b7c       0x2c ./src/application_printf.o
                0x0000000008004b7c                uart_fullStringReceived
 .text.general_uart_init
                0x0000000008004ba8       0x50 ./src/application_printf.o
                0x0000000008004ba8                general_uart_init
 .text.general_crc_init
                0x0000000008004bf8       0x2c ./src/application_rng.o
                0x0000000008004bf8                general_crc_init
 .text.rng_getRandom
                0x0000000008004c24       0x18 ./src/application_rng.o
                0x0000000008004c24                rng_getRandom
 .text.rtc_calenderconfig
                0x0000000008004c3c       0x60 ./src/application_rtc.o
                0x0000000008004c3c                rtc_calenderconfig
 .text.general_rtc_init
                0x0000000008004c9c       0x7c ./src/application_rtc.o
                0x0000000008004c9c                general_rtc_init
 .text.general_usb_init
                0x0000000008004d18       0x20 ./src/application_usb.o
                0x0000000008004d18                general_usb_init
 .text.ws2812_setColor
                0x0000000008004d38       0xb8 ./src/application_ws2812.o
                0x0000000008004d38                ws2812_setColor
 .text.ws2812_setColorOne
                0x0000000008004df0       0x16 ./src/application_ws2812.o
                0x0000000008004df0                ws2812_setColorOne
 *fill*         0x0000000008004e06        0x2 
 .text.ws2812_setColorAll
                0x0000000008004e08       0x1c ./src/application_ws2812.o
                0x0000000008004e08                ws2812_setColorAll
 .text.ws2812_setColorOne_color
                0x0000000008004e24       0x14 ./src/application_ws2812.o
                0x0000000008004e24                ws2812_setColorOne_color
 .text.ws2812_getWheel
                0x0000000008004e38       0x50 ./src/application_ws2812.o
                0x0000000008004e38                ws2812_getWheel
 .text.general_wsLED_init
                0x0000000008004e88       0xe8 ./src/application_ws2812.o
                0x0000000008004e88                general_wsLED_init
 .text.startup.main
                0x0000000008004f70      0x370 ./src/main.o
                0x0000000008004f70                main
 .text.HAL_UART_TxCpltCallback
                0x00000000080052e0        0xc ./src/main.o
                0x00000000080052e0                HAL_UART_TxCpltCallback
 .text.HAL_UART_RxCpltCallback
                0x00000000080052ec       0x44 ./src/main.o
                0x00000000080052ec                HAL_UART_RxCpltCallback
 .text.HAL_ADC_ConvCpltCallback
                0x0000000008005330        0xc ./src/main.o
                0x0000000008005330                HAL_ADC_ConvCpltCallback
 .text.HAL_ADC_ConvHalfCpltCallback
                0x000000000800533c        0x2 ./src/main.o
                0x000000000800533c                HAL_ADC_ConvHalfCpltCallback
 .text.HAL_ADC_ErrorCallback
                0x000000000800533e        0x8 ./src/main.o
                0x000000000800533e                HAL_ADC_ErrorCallback
 .text.HAL_I2C_MasterTxCpltCallback
                0x0000000008005346        0x2 ./src/main.o
                0x0000000008005346                HAL_I2C_MasterTxCpltCallback
 .text.HAL_I2C_MasterRxCpltCallback
                0x0000000008005348        0x2 ./src/main.o
                0x0000000008005348                HAL_I2C_MasterRxCpltCallback
 .text.HAL_I2C_ErrorCallback
                0x000000000800534a        0x8 ./src/main.o
                0x000000000800534a                HAL_I2C_ErrorCallback
 *fill*         0x0000000008005352        0x2 
 .text.HAL_UART_MspInit
                0x0000000008005354      0x180 ./src/stm32f0xx_hal_msp.o
                0x0000000008005354                HAL_UART_MspInit
 .text.HAL_UART_MspDeInit
                0x00000000080054d4       0x9c ./src/stm32f0xx_hal_msp.o
                0x00000000080054d4                HAL_UART_MspDeInit
 .text.HAL_TIM_PWM_MspInit
                0x0000000008005570      0x138 ./src/stm32f0xx_hal_msp.o
                0x0000000008005570                HAL_TIM_PWM_MspInit
 .text.HAL_SPI_MspInit
                0x00000000080056a8       0x98 ./src/stm32f0xx_hal_msp.o
                0x00000000080056a8                HAL_SPI_MspInit
 .text.HAL_ADC_MspInit
                0x0000000008005740       0xec ./src/stm32f0xx_hal_msp.o
                0x0000000008005740                HAL_ADC_MspInit
 .text.HAL_ADC_MspDeInit
                0x000000000800582c       0x44 ./src/stm32f0xx_hal_msp.o
                0x000000000800582c                HAL_ADC_MspDeInit
 .text.HAL_I2C_MspInit
                0x0000000008005870       0x8c ./src/stm32f0xx_hal_msp.o
                0x0000000008005870                HAL_I2C_MspInit
 .text.HAL_RTC_MspInit
                0x00000000080058fc       0x64 ./src/stm32f0xx_hal_msp.o
                0x00000000080058fc                HAL_RTC_MspInit
 .text.HAL_CRC_MspInit
                0x0000000008005960       0x1c ./src/stm32f0xx_hal_msp.o
                0x0000000008005960                HAL_CRC_MspInit
 .text.NMI_Handler
                0x000000000800597c        0x2 ./src/stm32f0xx_it.o
                0x000000000800597c                NMI_Handler
 .text.HardFault_Handler
                0x000000000800597e        0x2 ./src/stm32f0xx_it.o
                0x000000000800597e                HardFault_Handler
 .text.SVC_Handler
                0x0000000008005980        0x2 ./src/stm32f0xx_it.o
                0x0000000008005980                SVC_Handler
 .text.PendSV_Handler
                0x0000000008005982        0x2 ./src/stm32f0xx_it.o
                0x0000000008005982                PendSV_Handler
 .text.SysTick_Handler
                0x0000000008005984        0x8 ./src/stm32f0xx_it.o
                0x0000000008005984                SysTick_Handler
 .text.DMA1_Channel2_3_IRQHandler
                0x000000000800598c       0x18 ./src/stm32f0xx_it.o
                0x000000000800598c                DMA1_Channel2_3_IRQHandler
 .text.USART1_IRQHandler
                0x00000000080059a4       0x10 ./src/stm32f0xx_it.o
                0x00000000080059a4                USART1_IRQHandler
 .text.DMA1_Channel4_5_6_7_IRQHandler
                0x00000000080059b4       0x10 ./src/stm32f0xx_it.o
                0x00000000080059b4                DMA1_Channel4_5_6_7_IRQHandler
 .text.ADC1_COMP_IRQHandler
                0x00000000080059c4       0x10 ./src/stm32f0xx_it.o
                0x00000000080059c4                ADC1_COMP_IRQHandler
 .text.DMA1_Channel1_IRQHandler
                0x00000000080059d4       0x10 ./src/stm32f0xx_it.o
                0x00000000080059d4                DMA1_Channel1_IRQHandler
 .text.I2C1_IRQHandler
                0x00000000080059e4       0x24 ./src/stm32f0xx_it.o
                0x00000000080059e4                I2C1_IRQHandler
 .text.USB_IRQHandler
                0x0000000008005a08        0x2 ./src/stm32f0xx_it.o
                0x0000000008005a08                USB_IRQHandler
 .text.TIM14_IRQHandler
                0x0000000008005a0a        0x2 ./src/stm32f0xx_it.o
                0x0000000008005a0a                TIM14_IRQHandler
 .text          0x0000000008005a0c       0x14 /Developer/Eclipse/gcc-arm-none-eabi-4_9-2015q2/bin/../lib/gcc/arm-none-eabi/4.9.3/armv6-m/libgcc.a(_thumb1_case_uqi.o)
                0x0000000008005a0c                __gnu_thumb1_case_uqi
 .text          0x0000000008005a20      0x120 /Developer/Eclipse/gcc-arm-none-eabi-4_9-2015q2/bin/../lib/gcc/arm-none-eabi/4.9.3/armv6-m/libgcc.a(_udivsi3.o)
                0x0000000008005a20                __udivsi3
                0x0000000008005a20                __aeabi_uidiv
                0x0000000008005b2c                __aeabi_uidivmod
 .text          0x0000000008005b40        0x4 /Developer/Eclipse/gcc-arm-none-eabi-4_9-2015q2/bin/../lib/gcc/arm-none-eabi/4.9.3/armv6-m/libgcc.a(_dvmd_tls.o)
                0x0000000008005b40                __aeabi_ldiv0
                0x0000000008005b40                __aeabi_idiv0
 .text          0x0000000008005b44       0x40 /Developer/Eclipse/gcc-arm-none-eabi-4_9-2015q2/bin/../lib/gcc/arm-none-eabi/4.9.3/armv6-m/libgcc.a(_aeabi_uldivmod.o)
                0x0000000008005b44                __aeabi_uldivmod
 .text          0x0000000008005b84       0x6c /Developer/Eclipse/gcc-arm-none-eabi-4_9-2015q2/bin/../lib/gcc/arm-none-eabi/4.9.3/armv6-m/libgcc.a(bpabi.o)
                0x0000000008005b84                __gnu_ldivmod_helper
                0x0000000008005bbc                __gnu_uldivmod_helper
 .text          0x0000000008005bf0       0x3c /Developer/Eclipse/gcc-arm-none-eabi-4_9-2015q2/bin/../lib/gcc/arm-none-eabi/4.9.3/armv6-m/libgcc.a(_clzsi2.o)
                0x0000000008005bf0                __clzsi2
 .text          0x0000000008005c2c       0x54 /Developer/Eclipse/gcc-arm-none-eabi-4_9-2015q2/bin/../lib/gcc/arm-none-eabi/4.9.3/armv6-m/libgcc.a(_muldi3.o)
                0x0000000008005c2c                __aeabi_lmul
                0x0000000008005c2c                __muldi3
 .text          0x0000000008005c80      0x1f0 /Developer/Eclipse/gcc-arm-none-eabi-4_9-2015q2/bin/../lib/gcc/arm-none-eabi/4.9.3/armv6-m/libgcc.a(_divdi3.o)
                0x0000000008005c80                __divdi3
 .text          0x0000000008005e70      0x158 /Developer/Eclipse/gcc-arm-none-eabi-4_9-2015q2/bin/../lib/gcc/arm-none-eabi/4.9.3/armv6-m/libgcc.a(_udivdi3.o)
                0x0000000008005e70                __udivdi3
 .text          0x0000000008005fc8       0x18 /Developer/Eclipse/gcc-arm-none-eabi-4_9-2015q2/bin/../lib/gcc/arm-none-eabi/4.9.3/armv6-m/libgcc.a(_clzdi2.o)
                0x0000000008005fc8                __clzdi2
 .text.atoi     0x0000000008005fe0        0xc /Developer/Eclipse/gcc-arm-none-eabi-4_9-2015q2/bin/../lib/gcc/arm-none-eabi/4.9.3/../../../../arm-none-eabi/lib/armv6-m/libg_nano.a(lib_a-atoi.o)
                0x0000000008005fe0                atoi
 .text.calloc   0x0000000008005fec       0x18 /Developer/Eclipse/gcc-arm-none-eabi-4_9-2015q2/bin/../lib/gcc/arm-none-eabi/4.9.3/../../../../arm-none-eabi/lib/armv6-m/libg_nano.a(lib_a-calloc.o)
                0x0000000008005fec                calloc
 .text.__errno  0x0000000008006004        0xc /Developer/Eclipse/gcc-arm-none-eabi-4_9-2015q2/bin/../lib/gcc/arm-none-eabi/4.9.3/../../../../arm-none-eabi/lib/armv6-m/libg_nano.a(lib_a-errno.o)
                0x0000000008006004                __errno
 .text.free     0x0000000008006010       0x14 /Developer/Eclipse/gcc-arm-none-eabi-4_9-2015q2/bin/../lib/gcc/arm-none-eabi/4.9.3/../../../../arm-none-eabi/lib/armv6-m/libg_nano.a(lib_a-malloc.o)
                0x0000000008006010                free
 .text.memcpy   0x0000000008006024       0x12 /Developer/Eclipse/gcc-arm-none-eabi-4_9-2015q2/bin/../lib/gcc/arm-none-eabi/4.9.3/../../../../arm-none-eabi/lib/armv6-m/libg_nano.a(lib_a-memcpy.o)
                0x0000000008006024                memcpy
 .text.memset   0x0000000008006036       0x10 /Developer/Eclipse/gcc-arm-none-eabi-4_9-2015q2/bin/../lib/gcc/arm-none-eabi/4.9.3/../../../../arm-none-eabi/lib/armv6-m/libg_nano.a(lib_a-memset.o)
                0x0000000008006036                memset
 .text._calloc_r
                0x0000000008006046       0x1c /Developer/Eclipse/gcc-arm-none-eabi-4_9-2015q2/bin/../lib/gcc/arm-none-eabi/4.9.3/../../../../arm-none-eabi/lib/armv6-m/libg_nano.a(lib_a-nano-callocr.o)
                0x0000000008006046                _calloc_r
 *fill*         0x0000000008006062        0x2 
 .text._free_r  0x0000000008006064       0x8c /Developer/Eclipse/gcc-arm-none-eabi-4_9-2015q2/bin/../lib/gcc/arm-none-eabi/4.9.3/../../../../arm-none-eabi/lib/armv6-m/libg_nano.a(lib_a-nano-freer.o)
                0x0000000008006064                _free_r
 .text._malloc_r
                0x00000000080060f0       0xb0 /Developer/Eclipse/gcc-arm-none-eabi-4_9-2015q2/bin/../lib/gcc/arm-none-eabi/4.9.3/../../../../arm-none-eabi/lib/armv6-m/libg_nano.a(lib_a-nano-mallocr.o)
                0x00000000080060f0                _malloc_r
 .text.realloc  0x00000000080061a0       0x18 /Developer/Eclipse/gcc-arm-none-eabi-4_9-2015q2/bin/../lib/gcc/arm-none-eabi/4.9.3/../../../../arm-none-eabi/lib/armv6-m/libg_nano.a(lib_a-realloc.o)
                0x00000000080061a0                realloc
 .text._sbrk_r  0x00000000080061b8       0x24 /Developer/Eclipse/gcc-arm-none-eabi-4_9-2015q2/bin/../lib/gcc/arm-none-eabi/4.9.3/../../../../arm-none-eabi/lib/armv6-m/libg_nano.a(lib_a-sbrkr.o)
                0x00000000080061b8                _sbrk_r
 .text.snprintf
                0x00000000080061dc       0x68 /Developer/Eclipse/gcc-arm-none-eabi-4_9-2015q2/bin/../lib/gcc/arm-none-eabi/4.9.3/../../../../arm-none-eabi/lib/armv6-m/libg_nano.a(lib_a-snprintf.o)
                0x00000000080061dc                snprintf
                0x00000000080061dc                sniprintf
 .text.strdup   0x0000000008006244       0x14 /Developer/Eclipse/gcc-arm-none-eabi-4_9-2015q2/bin/../lib/gcc/arm-none-eabi/4.9.3/../../../../arm-none-eabi/lib/armv6-m/libg_nano.a(lib_a-strdup.o)
                0x0000000008006244                strdup
 .text._strdup_r
                0x0000000008006258       0x26 /Developer/Eclipse/gcc-arm-none-eabi-4_9-2015q2/bin/../lib/gcc/arm-none-eabi/4.9.3/../../../../arm-none-eabi/lib/armv6-m/libg_nano.a(lib_a-strdup_r.o)
                0x0000000008006258                _strdup_r
 .text.strlen   0x000000000800627e        0xe /Developer/Eclipse/gcc-arm-none-eabi-4_9-2015q2/bin/../lib/gcc/arm-none-eabi/4.9.3/../../../../arm-none-eabi/lib/armv6-m/libg_nano.a(lib_a-strlen.o)
                0x000000000800627e                strlen
 .text.strstr   0x000000000800628c       0x36 /Developer/Eclipse/gcc-arm-none-eabi-4_9-2015q2/bin/../lib/gcc/arm-none-eabi/4.9.3/../../../../arm-none-eabi/lib/armv6-m/libg_nano.a(lib_a-strstr.o)
                0x000000000800628c                strstr
 .text.__strtok_r
                0x00000000080062c2       0x5e /Developer/Eclipse/gcc-arm-none-eabi-4_9-2015q2/bin/../lib/gcc/arm-none-eabi/4.9.3/../../../../arm-none-eabi/lib/armv6-m/libg_nano.a(lib_a-strtok_r.o)
                0x00000000080062c2                __strtok_r
 .text.strtok_r
                0x0000000008006320        0xa /Developer/Eclipse/gcc-arm-none-eabi-4_9-2015q2/bin/../lib/gcc/arm-none-eabi/4.9.3/../../../../arm-none-eabi/lib/armv6-m/libg_nano.a(lib_a-strtok_r.o)
                0x0000000008006320                strtok_r
 *fill*         0x000000000800632a        0x2 
 .text._strtol_r
                0x000000000800632c      0x120 /Developer/Eclipse/gcc-arm-none-eabi-4_9-2015q2/bin/../lib/gcc/arm-none-eabi/4.9.3/../../../../arm-none-eabi/lib/armv6-m/libg_nano.a(lib_a-strtol.o)
                0x000000000800632c                _strtol_r
 .text.strtol   0x000000000800644c       0x1c /Developer/Eclipse/gcc-arm-none-eabi-4_9-2015q2/bin/../lib/gcc/arm-none-eabi/4.9.3/../../../../arm-none-eabi/lib/armv6-m/libg_nano.a(lib_a-strtol.o)
                0x000000000800644c                strtol
 .text._realloc_r
                0x0000000008006468       0x4c /Developer/Eclipse/gcc-arm-none-eabi-4_9-2015q2/bin/../lib/gcc/arm-none-eabi/4.9.3/../../../../arm-none-eabi/lib/armv6-m/libg_nano.a(lib_a-nano-reallocr.o)
                0x0000000008006468                _realloc_r
 .text.__ssputs_r
                0x00000000080064b4       0xc0 /Developer/Eclipse/gcc-arm-none-eabi-4_9-2015q2/bin/../lib/gcc/arm-none-eabi/4.9.3/../../../../arm-none-eabi/lib/armv6-m/libg_nano.a(lib_a-nano-svfprintf.o)
                0x00000000080064b4                __ssputs_r
 .text._svfprintf_r
                0x0000000008006574      0x1ec /Developer/Eclipse/gcc-arm-none-eabi-4_9-2015q2/bin/../lib/gcc/arm-none-eabi/4.9.3/../../../../arm-none-eabi/lib/armv6-m/libg_nano.a(lib_a-nano-svfprintf.o)
                0x0000000008006574                _svfprintf_r
                0x0000000008006574                _svfiprintf_r
 .text._printf_common
                0x0000000008006760       0xdc /Developer/Eclipse/gcc-arm-none-eabi-4_9-2015q2/bin/../lib/gcc/arm-none-eabi/4.9.3/../../../../arm-none-eabi/lib/armv6-m/libg_nano.a(lib_a-nano-vfprintf_i.o)
                0x0000000008006760                _printf_common
 .text._printf_i
                0x000000000800683c      0x230 /Developer/Eclipse/gcc-arm-none-eabi-4_9-2015q2/bin/../lib/gcc/arm-none-eabi/4.9.3/../../../../arm-none-eabi/lib/armv6-m/libg_nano.a(lib_a-nano-vfprintf_i.o)
                0x000000000800683c                _printf_i
 .text.memchr   0x0000000008006a6c       0x16 /Developer/Eclipse/gcc-arm-none-eabi-4_9-2015q2/bin/../lib/gcc/arm-none-eabi/4.9.3/../../../../arm-none-eabi/lib/armv6-m/libg_nano.a(lib_a-memchr.o)
                0x0000000008006a6c                memchr
 .text.memmove  0x0000000008006a82       0x28 /Developer/Eclipse/gcc-arm-none-eabi-4_9-2015q2/bin/../lib/gcc/arm-none-eabi/4.9.3/../../../../arm-none-eabi/lib/armv6-m/libg_nano.a(lib_a-memmove.o)
                0x0000000008006a82                memmove
 .text._malloc_usable_size_r
                0x0000000008006aaa       0x16 /Developer/Eclipse/gcc-arm-none-eabi-4_9-2015q2/bin/../lib/gcc/arm-none-eabi/4.9.3/../../../../arm-none-eabi/lib/armv6-m/libg_nano.a(lib_a-nano-msizer.o)
                0x0000000008006aaa                _malloc_usable_size_r
 *(.rodata .rodata.*)
 .rodata        0x0000000008006ac0       0x20 ./stm32haldev/system/STM32F0xx_HAL_Driver/Src/stm32f0xx_hal_rcc.o
 .rodata.aAPBAHBPrescTable
                0x0000000008006ae0       0x10 ./stm32haldev/system/STM32F0xx_HAL_Driver/Src/stm32f0xx_hal_rcc.o
                0x0000000008006ae0                aAPBAHBPrescTable
 .rodata.CSWTCH.30
                0x0000000008006af0        0x4 ./stm32haldev/system/STM32F0xx_HAL_Driver/Src/stm32f0xx_hal_uart.o
 .rodata.str1.1
                0x0000000008006af4       0xb0 ./stm32haldev/stm32dev/src/general/stm32dev_flash_s25fl208.o
                                         0xb3 (size before relaxing)
 .rodata.str1.1
                0x0000000008006ba4       0x11 ./stm32haldev/stm32dev/src/general/stm32dev_general.o
                                         0x16 (size before relaxing)
 .rodata.bt_command_setPrintfEnabled
                0x0000000008006bb5       0x11 ./src/application_bluetooth.o
                0x0000000008006bb5                bt_command_setPrintfEnabled
 .rodata.bt_command_getAnimation
                0x0000000008006bc6        0xd ./src/application_bluetooth.o
                0x0000000008006bc6                bt_command_getAnimation
 .rodata.bt_command_getTemp
                0x0000000008006bd3        0x8 ./src/application_bluetooth.o
                0x0000000008006bd3                bt_command_getTemp
 .rodata.bt_command_getRGBCount
                0x0000000008006bdb        0xc ./src/application_bluetooth.o
                0x0000000008006bdb                bt_command_getRGBCount
 .rodata.bt_command_getRGB
                0x0000000008006be7        0x7 ./src/application_bluetooth.o
                0x0000000008006be7                bt_command_getRGB
 .rodata.bt_command_getAnimationOn
                0x0000000008006bee        0xf ./src/application_bluetooth.o
                0x0000000008006bee                bt_command_getAnimationOn
 .rodata.bt_command_getColorPattern
                0x0000000008006bfd       0x10 ./src/application_bluetooth.o
                0x0000000008006bfd                bt_command_getColorPattern
 .rodata.bt_command_getAnalog
                0x0000000008006c0d        0xa ./src/application_bluetooth.o
                0x0000000008006c0d                bt_command_getAnalog
 .rodata.str1.1
                0x0000000008006c17       0x40 ./src/application_bluetooth.o
                                         0x42 (size before relaxing)
 .rodata.bt_command_setRGBCount
                0x0000000008006c57        0xc ./src/application_bluetooth.o
                0x0000000008006c57                bt_command_setRGBCount
 .rodata.bt_command_getFirmwareVersion
                0x0000000008006c63       0x13 ./src/application_bluetooth.o
                0x0000000008006c63                bt_command_getFirmwareVersion
 .rodata.bt_command_setRGB
                0x0000000008006c76        0x7 ./src/application_bluetooth.o
                0x0000000008006c76                bt_command_setRGB
 .rodata.bt_command_getPrintfOn
                0x0000000008006c7d        0xc ./src/application_bluetooth.o
                0x0000000008006c7d                bt_command_getPrintfOn
 .rodata.bt_command_getRGBMax
                0x0000000008006c89        0xa ./src/application_bluetooth.o
                0x0000000008006c89                bt_command_getRGBMax
 .rodata.bt_command_getFlashParams
                0x0000000008006c93        0xf ./src/application_bluetooth.o
                0x0000000008006c93                bt_command_getFlashParams
 .rodata.bt_command_setRTC
                0x0000000008006ca2        0x7 ./src/application_bluetooth.o
                0x0000000008006ca2                bt_command_setRTC
 .rodata.bt_command_setAnimation
                0x0000000008006ca9        0xd ./src/application_bluetooth.o
                0x0000000008006ca9                bt_command_setAnimation
 .rodata.bt_command_setColorPattern
                0x0000000008006cb6       0x10 ./src/application_bluetooth.o
                0x0000000008006cb6                bt_command_setColorPattern
 .rodata.bt_command_getRTC
                0x0000000008006cc6        0x7 ./src/application_bluetooth.o
                0x0000000008006cc6                bt_command_getRTC
 .rodata.str1.1
                0x0000000008006ccd       0xe3 ./src/application_flash.o
                                         0xf4 (size before relaxing)
 .rodata.str1.1
                0x0000000008006db0       0x12 ./src/application_general.o
 .rodata.str1.1
                0x0000000008006dc2       0x52 ./src/application_lm75.o
                                         0x5c (size before relaxing)
 .rodata.str1.1
                0x0000000008006e14       0x1d ./src/application_printf.o
                                         0x20 (size before relaxing)
 .rodata.str1.1
                0x0000000008006e31       0x4a ./src/application_rtc.o
                                         0x4d (size before relaxing)
 .rodata.str1.1
                0x0000000008006e7b       0x33 ./src/application_ws2812.o
 .rodata.str1.1
                0x0000000008006eae       0xbf ./src/main.o
                                         0xc1 (size before relaxing)
 .rodata.str1.1
                0x0000000008006f6d        0x2 /Developer/Eclipse/gcc-arm-none-eabi-4_9-2015q2/bin/../lib/gcc/arm-none-eabi/4.9.3/../../../../arm-none-eabi/lib/armv6-m/libg_nano.a(lib_a-impure.o)
 .rodata._ctype_
                0x0000000008006f6f      0x101 /Developer/Eclipse/gcc-arm-none-eabi-4_9-2015q2/bin/../lib/gcc/arm-none-eabi/4.9.3/../../../../arm-none-eabi/lib/armv6-m/libg_nano.a(lib_a-ctype_.o)
                0x0000000008006f6f                _ctype_
 .rodata.str1.1
                0x0000000008007070       0x11 /Developer/Eclipse/gcc-arm-none-eabi-4_9-2015q2/bin/../lib/gcc/arm-none-eabi/4.9.3/../../../../arm-none-eabi/lib/armv6-m/libg_nano.a(lib_a-nano-svfprintf.o)
 .rodata.str1.1
                0x0000000008007081       0x22 /Developer/Eclipse/gcc-arm-none-eabi-4_9-2015q2/bin/../lib/gcc/arm-none-eabi/4.9.3/../../../../arm-none-eabi/lib/armv6-m/libg_nano.a(lib_a-nano-vfprintf_i.o)
 *(vtable)
 *(.eh_frame*)
 *(.glue_7)
 .glue_7        0x0000000000000000        0x0 linker stubs
 *(.glue_7t)
 .glue_7t       0x0000000000000000        0x0 linker stubs

.vfp11_veneer   0x00000000080070a4        0x0
 .vfp11_veneer  0x0000000000000000        0x0 linker stubs

.v4_bx          0x00000000080070a4        0x0
 .v4_bx         0x0000000000000000        0x0 linker stubs

.iplt           0x00000000080070a4        0x0
 .iplt          0x0000000000000000        0x0 ./stm32haldev/system/src/newlib/_exit.o

.ARM.extab
 *(.ARM.extab* .gnu.linkonce.armextab.*)
                0x00000000080070a4                __exidx_start = .

.ARM.exidx      0x00000000080070a4        0x8
 *(.ARM.exidx* .gnu.linkonce.armexidx.*)
 .ARM.exidx     0x00000000080070a4        0x8 /Developer/Eclipse/gcc-arm-none-eabi-4_9-2015q2/bin/../lib/gcc/arm-none-eabi/4.9.3/armv6-m/libgcc.a(_divdi3.o)
 .ARM.exidx     0x00000000080070ac        0x0 /Developer/Eclipse/gcc-arm-none-eabi-4_9-2015q2/bin/../lib/gcc/arm-none-eabi/4.9.3/armv6-m/libgcc.a(_udivdi3.o)
                                          0x8 (size before relaxing)
                0x00000000080070ac                __exidx_end = .

.rel.dyn        0x00000000080070ac        0x0
 .rel.iplt      0x0000000000000000        0x0 ./stm32haldev/system/src/newlib/_exit.o
                0x00000000080070ac                . = ALIGN (0x4)
                0x00000000080070ac                _etext = .
                0x00000000080070ac                __etext = .
                0x00000000080070ac                _sidata = _etext

.data           0x0000000020000000       0xd4 load address 0x00000000080070ac
                0x0000000020000000                . = ALIGN (0x4)
                0x0000000020000000                _sdata = .
                0x0000000020000000                __data_start__ = .
 *(.data_begin .data_begin.*)
 .data_begin    0x0000000020000000        0x4 ./stm32haldev/system/src/newlib/_startup.o
 *(.data .data.*)
 .data.argv.4157
                0x0000000020000004        0x8 ./stm32haldev/system/src/newlib/_syscalls.o
 .data.AHBPrescTable
                0x000000002000000c       0x10 ./stm32haldev/system/CMSIS/Device/ST/STM32F0xx/Source/system/system_stm32f0xx.o
                0x000000002000000c                AHBPrescTable
 .data.SystemCoreClock
                0x000000002000001c        0x4 ./stm32haldev/system/CMSIS/Device/ST/STM32F0xx/Source/system/system_stm32f0xx.o
                0x000000002000001c                SystemCoreClock
 .data.bt_commandlist
                0x0000000020000020       0x48 ./src/application_bluetooth.o
                0x0000000020000020                bt_commandlist
 .data.impure_data
                0x0000000020000068       0x60 /Developer/Eclipse/gcc-arm-none-eabi-4_9-2015q2/bin/../lib/gcc/arm-none-eabi/4.9.3/../../../../arm-none-eabi/lib/armv6-m/libg_nano.a(lib_a-impure.o)
 .data._impure_ptr
                0x00000000200000c8        0x4 /Developer/Eclipse/gcc-arm-none-eabi-4_9-2015q2/bin/../lib/gcc/arm-none-eabi/4.9.3/../../../../arm-none-eabi/lib/armv6-m/libg_nano.a(lib_a-impure.o)
                0x00000000200000c8                _impure_ptr
 .data.__ctype_ptr__
                0x00000000200000cc        0x4 /Developer/Eclipse/gcc-arm-none-eabi-4_9-2015q2/bin/../lib/gcc/arm-none-eabi/4.9.3/../../../../arm-none-eabi/lib/armv6-m/libg_nano.a(lib_a-ctype_.o)
                0x00000000200000cc                __ctype_ptr__
 *(.data_end .data_end.*)
 .data_end      0x00000000200000d0        0x4 ./stm32haldev/system/src/newlib/_startup.o
                0x00000000200000d4                . = ALIGN (0x4)
                0x00000000200000d4                _edata = .
                0x00000000200000d4                __data_end__ = .

.igot.plt       0x00000000200000d4        0x0 load address 0x0000000008007180
 .igot.plt      0x0000000000000000        0x0 ./stm32haldev/system/src/newlib/_exit.o

.bss            0x00000000200000d4     0x1770 load address 0x0000000008007180
                0x00000000200000d4                . = ALIGN (0x4)
                0x00000000200000d4                __bss_start__ = .
                0x00000000200000d4                _sbss = .
 *(.bss_begin .bss_begin.*)
 .bss_begin     0x00000000200000d4        0x4 ./stm32haldev/system/src/newlib/_startup.o
 *(.bss .bss.*)
 .bss.current_heap_end.3862
                0x00000000200000d8        0x4 ./stm32haldev/system/src/newlib/_sbrk.o
 .bss.name.4156
                0x00000000200000dc        0x1 ./stm32haldev/system/src/newlib/_syscalls.o
 *fill*         0x00000000200000dd        0x3 
 .bss.uwTick    0x00000000200000e0        0x4 ./stm32haldev/system/STM32F0xx_HAL_Driver/Src/stm32f0xx_hal.o
 .bss._printfRoutine
                0x00000000200000e4        0x4 ./stm32haldev/stm32dev/src/general/stm32dev_flash_s25fl208.o
 .bss._SPI_CS_PORT
                0x00000000200000e8        0x4 ./stm32haldev/stm32dev/src/general/stm32dev_flash_s25fl208.o
 .bss._rxBufferSize
                0x00000000200000ec        0x4 ./stm32haldev/stm32dev/src/general/stm32dev_flash_s25fl208.o
 .bss._SPI_CS_PIN
                0x00000000200000f0        0x1 ./stm32haldev/stm32dev/src/general/stm32dev_flash_s25fl208.o
 *fill*         0x00000000200000f1        0x3 
 .bss._txBufferSize
                0x00000000200000f4        0x4 ./stm32haldev/stm32dev/src/general/stm32dev_flash_s25fl208.o
 .bss._rxBuffer
                0x00000000200000f8        0x4 ./stm32haldev/stm32dev/src/general/stm32dev_flash_s25fl208.o
 .bss._txBuffer
                0x00000000200000fc        0x4 ./stm32haldev/stm32dev/src/general/stm32dev_flash_s25fl208.o
 .bss._spiHandle
                0x0000000020000100        0x4 ./stm32haldev/stm32dev/src/general/stm32dev_flash_s25fl208.o
 .bss.retVal.5790
                0x0000000020000104        0x3 ./stm32haldev/stm32dev/src/general/stm32dev_general.o
 .bss.str.5760  0x0000000020000107       0x10 ./stm32haldev/stm32dev/src/general/stm32dev_general.o
 .bss.ubSequenceCompleted
                0x0000000020000117        0x1 ./src/application_adc.o
                0x0000000020000117                ubSequenceCompleted
 .bss.buffer.9685
                0x0000000020000118       0x20 ./src/application_adc.o
 .bss.bt_fullStringReceived
                0x0000000020000138        0x1 ./src/application_bluetooth.o
                0x0000000020000138                bt_fullStringReceived
 *fill*         0x0000000020000139        0x3 
 .bss.GPIO_InitStruct.9673
                0x000000002000013c       0x14 ./src/application_flash.o
 .bss.GPIO_InitStruct.9729
                0x0000000020000150       0x14 ./src/application_general.o
 .bss.uart_receivenumber
                0x0000000020000164        0x1 ./src/application_printf.o
                0x0000000020000164                uart_receivenumber
 .bss.UartReady
                0x0000000020000165        0x1 ./src/application_printf.o
                0x0000000020000165                UartReady
 *fill*         0x0000000020000166        0x2 
 .bss.uhTimerPeriod
                0x0000000020000168        0x4 ./src/application_ws2812.o
                0x0000000020000168                uhTimerPeriod
 .bss.hdma_rx.9649
                0x000000002000016c       0x38 ./src/stm32f0xx_hal_msp.o
 .bss.hdma_tx.9648
                0x00000000200001a4       0x38 ./src/stm32f0xx_hal_msp.o
 .bss.DmaHandle.9691
                0x00000000200001dc       0x38 ./src/stm32f0xx_hal_msp.o
 .bss.hdma_tim.9666
                0x0000000020000214       0x38 ./src/stm32f0xx_hal_msp.o
 .bss.__malloc_sbrk_start
                0x000000002000024c        0x4 /Developer/Eclipse/gcc-arm-none-eabi-4_9-2015q2/bin/../lib/gcc/arm-none-eabi/4.9.3/../../../../arm-none-eabi/lib/armv6-m/libg_nano.a(lib_a-nano-mallocr.o)
                0x000000002000024c                __malloc_sbrk_start
 .bss.__malloc_free_list
                0x0000000020000250        0x4 /Developer/Eclipse/gcc-arm-none-eabi-4_9-2015q2/bin/../lib/gcc/arm-none-eabi/4.9.3/../../../../arm-none-eabi/lib/armv6-m/libg_nano.a(lib_a-nano-mallocr.o)
                0x0000000020000250                __malloc_free_list
 *(COMMON)
 COMMON         0x0000000020000254        0x4 ./stm32haldev/system/src/newlib/_syscalls.o
                0x0000000020000254                errno
 COMMON         0x0000000020000258       0x56 ./src/application_adc.o
                0x0000000020000258                AdcHandle
                0x00000000200002a4                aADCxConvertedValues
 *fill*         0x00000000200002ae        0x2 
 COMMON         0x00000000200002b0      0x232 ./src/application_bluetooth.o
                0x00000000200002b0                UartHandle
                0x0000000020000320                bt_rgbColors
 *fill*         0x00000000200004e2        0x2 
 COMMON         0x00000000200004e4      0x296 ./src/application_flash.o
                0x00000000200004e4                flash_applicationParams
                0x00000000200004f8                FLASH_rxbuffer
                0x0000000020000608                SpiHandle
                0x000000002000066c                FLASH_txbuffer
 *fill*         0x000000002000077a        0x2 
 COMMON         0x000000002000077c       0x94 ./src/application_ledPWM.o
                0x000000002000077c                TimHandle_LEDPWM2
                0x00000000200007b8                sConfig
                0x00000000200007d4                TimHandle_LEDPWM1
 COMMON         0x0000000020000810       0x3c ./src/application_lm75.o
                0x0000000020000810                I2cHandle
 COMMON         0x000000002000084c      0x139 ./src/application_printf.o
                0x000000002000084c                uart_receivebuffer
                0x0000000020000914                UartHandle_printf
                0x0000000020000984                uart_receiveChar
 *fill*         0x0000000020000985        0x3 
 COMMON         0x0000000020000988       0x24 ./src/application_rng.o
                0x0000000020000988                CrcHandle
 COMMON         0x00000000200009ac       0x20 ./src/application_rtc.o
                0x00000000200009ac                RtcHandle
 COMMON         0x00000000200009cc      0xe74 ./src/application_ws2812.o
                0x00000000200009cc                aCCValue_Buffer
                0x0000000020001804                TimHandle
 *(.bss_end .bss_end.*)
 .bss_end       0x0000000020001840        0x4 ./stm32haldev/system/src/newlib/_startup.o
                0x0000000020001844                . = ALIGN (0x4)
                0x0000000020001844                __bss_end__ = .
                0x0000000020001844                _ebss = .

.noinit         0x0000000020001844        0x0
                0x0000000020001844                . = ALIGN (0x4)
                0x0000000020001844                _noinit = .
 *(.noinit .noinit.*)
                0x0000000020001844                . = ALIGN (0x4)
                0x0000000020001844                _end_noinit = .
                0x0000000020001844                PROVIDE (end, _end_noinit)
                0x0000000020001844                PROVIDE (_end, _end_noinit)
                0x0000000020001844                PROVIDE (__end, _end_noinit)
                0x0000000020001844                PROVIDE (__end__, _end_noinit)

._check_stack   0x0000000020001844      0x100 load address 0x00000000080088f0
                0x0000000020001844                . = ALIGN (0x4)
                0x0000000020001944                . = (. + _Minimum_Stack_Size)
 *fill*         0x0000000020001844      0x100 
                0x0000000020001944                . = ALIGN (0x4)

.bss_CCMRAM
 *(.bss.CCMRAM .bss.CCMRAM.*)

.b1text
 *(.b1text)
 *(.b1rodata)
 *(.b1rodata.*)

.eb0text
 *(.eb0text)
 *(.eb0rodata)
 *(.eb0rodata.*)

.eb1text
 *(.eb1text)
 *(.eb1rodata)
 *(.eb1rodata.*)

.eb2text
 *(.eb2text)
 *(.eb2rodata)
 *(.eb2rodata.*)

.eb3text
 *(.eb3text)
 *(.eb3rodata)
 *(.eb3rodata.*)

.stab
 *(.stab)

.stabstr
 *(.stabstr)

.stab.excl
 *(.stab.excl)

.stab.exclstr
 *(.stab.exclstr)

.stab.index
 *(.stab.index)

.stab.indexstr
 *(.stab.indexstr)

.comment        0x0000000000000000       0x70
 *(.comment)
 .comment       0x0000000000000000       0x70 ./stm32haldev/system/src/newlib/_exit.o
                                         0x71 (size before relaxing)
 .comment       0x0000000000000000       0x71 ./stm32haldev/system/src/newlib/_sbrk.o
 .comment       0x0000000000000000       0x71 ./stm32haldev/system/src/newlib/_startup.o
 .comment       0x0000000000000000       0x71 ./stm32haldev/system/src/newlib/_syscalls.o
 .comment       0x0000000000000000       0x71 ./stm32haldev/system/src/cortexm/_initialize_hardware.o
 .comment       0x0000000000000000       0x71 ./stm32haldev/system/src/cortexm/exception_handlers.o
 .comment       0x0000000000000000       0x71 ./stm32haldev/system/STM32F0xx_HAL_Driver/Src/stm32f0xx_hal.o
 .comment       0x0000000000000000       0x71 ./stm32haldev/system/STM32F0xx_HAL_Driver/Src/stm32f0xx_hal_adc.o
 .comment       0x0000000000000000       0x71 ./stm32haldev/system/STM32F0xx_HAL_Driver/Src/stm32f0xx_hal_adc_ex.o
 .comment       0x0000000000000000       0x71 ./stm32haldev/system/STM32F0xx_HAL_Driver/Src/stm32f0xx_hal_cortex.o
 .comment       0x0000000000000000       0x71 ./stm32haldev/system/STM32F0xx_HAL_Driver/Src/stm32f0xx_hal_crc.o
 .comment       0x0000000000000000       0x71 ./stm32haldev/system/STM32F0xx_HAL_Driver/Src/stm32f0xx_hal_crc_ex.o
 .comment       0x0000000000000000       0x71 ./stm32haldev/system/STM32F0xx_HAL_Driver/Src/stm32f0xx_hal_dma.o
 .comment       0x0000000000000000       0x71 ./stm32haldev/system/STM32F0xx_HAL_Driver/Src/stm32f0xx_hal_gpio.o
 .comment       0x0000000000000000       0x71 ./stm32haldev/system/STM32F0xx_HAL_Driver/Src/stm32f0xx_hal_i2c.o
 .comment       0x0000000000000000       0x71 ./stm32haldev/system/STM32F0xx_HAL_Driver/Src/stm32f0xx_hal_i2c_ex.o
 .comment       0x0000000000000000       0x71 ./stm32haldev/system/STM32F0xx_HAL_Driver/Src/stm32f0xx_hal_msp_template.o
 .comment       0x0000000000000000       0x71 ./stm32haldev/system/STM32F0xx_HAL_Driver/Src/stm32f0xx_hal_pwr.o
 .comment       0x0000000000000000       0x71 ./stm32haldev/system/STM32F0xx_HAL_Driver/Src/stm32f0xx_hal_rcc.o
 .comment       0x0000000000000000       0x71 ./stm32haldev/system/STM32F0xx_HAL_Driver/Src/stm32f0xx_hal_rcc_ex.o
 .comment       0x0000000000000000       0x71 ./stm32haldev/system/STM32F0xx_HAL_Driver/Src/stm32f0xx_hal_rtc.o
 .comment       0x0000000000000000       0x71 ./stm32haldev/system/STM32F0xx_HAL_Driver/Src/stm32f0xx_hal_rtc_ex.o
 .comment       0x0000000000000000       0x71 ./stm32haldev/system/STM32F0xx_HAL_Driver/Src/stm32f0xx_hal_spi.o
 .comment       0x0000000000000000       0x71 ./stm32haldev/system/STM32F0xx_HAL_Driver/Src/stm32f0xx_hal_tim.o
 .comment       0x0000000000000000       0x71 ./stm32haldev/system/STM32F0xx_HAL_Driver/Src/stm32f0xx_hal_uart.o
 .comment       0x0000000000000000       0x71 ./stm32haldev/system/STM32F0xx_HAL_Driver/Src/stm32f0xx_hal_uart_ex.o
 .comment       0x0000000000000000       0x71 ./stm32haldev/system/CMSIS/Device/ST/STM32F0xx/Source/system/system_stm32f0xx.o
 .comment       0x0000000000000000       0x71 ./stm32haldev/stm32dev/src/stm32f0/stm32dev_i2c_f0.o
 .comment       0x0000000000000000       0x71 ./stm32haldev/stm32dev/src/general/stm32dev_flash_s25fl208.o
 .comment       0x0000000000000000       0x71 ./stm32haldev/stm32dev/src/general/stm32dev_general.o
 .comment       0x0000000000000000       0x71 ./src/application_adc.o
 .comment       0x0000000000000000       0x71 ./src/application_bluetooth.o
 .comment       0x0000000000000000       0x71 ./src/application_flash.o
 .comment       0x0000000000000000       0x71 ./src/application_general.o
 .comment       0x0000000000000000       0x71 ./src/application_ledPWM.o
 .comment       0x0000000000000000       0x71 ./src/application_lm75.o
 .comment       0x0000000000000000       0x71 ./src/application_printf.o
 .comment       0x0000000000000000       0x71 ./src/application_rng.o
 .comment       0x0000000000000000       0x71 ./src/application_rtc.o
 .comment       0x0000000000000000       0x71 ./src/application_usb.o
 .comment       0x0000000000000000       0x71 ./src/application_ws2812.o
 .comment       0x0000000000000000       0x71 ./src/main.o
 .comment       0x0000000000000000       0x71 ./src/stm32f0xx_hal_msp.o
 .comment       0x0000000000000000       0x71 ./src/stm32f0xx_it.o

.ARM.attributes
                0x0000000000000000       0x2f
 .ARM.attributes
                0x0000000000000000       0x31 ./stm32haldev/system/src/newlib/_exit.o
 .ARM.attributes
                0x0000000000000031       0x31 ./stm32haldev/system/src/newlib/_sbrk.o
 .ARM.attributes
                0x0000000000000062       0x31 ./stm32haldev/system/src/newlib/_startup.o
 .ARM.attributes
                0x0000000000000093       0x31 ./stm32haldev/system/src/newlib/_syscalls.o
 .ARM.attributes
                0x00000000000000c4       0x31 ./stm32haldev/system/src/cortexm/_initialize_hardware.o
 .ARM.attributes
                0x00000000000000f5       0x31 ./stm32haldev/system/src/cortexm/exception_handlers.o
 .ARM.attributes
                0x0000000000000126       0x31 ./stm32haldev/system/STM32F0xx_HAL_Driver/Src/stm32f0xx_hal.o
 .ARM.attributes
                0x0000000000000157       0x31 ./stm32haldev/system/STM32F0xx_HAL_Driver/Src/stm32f0xx_hal_adc.o
 .ARM.attributes
                0x0000000000000188       0x31 ./stm32haldev/system/STM32F0xx_HAL_Driver/Src/stm32f0xx_hal_adc_ex.o
 .ARM.attributes
                0x00000000000001b9       0x31 ./stm32haldev/system/STM32F0xx_HAL_Driver/Src/stm32f0xx_hal_cortex.o
 .ARM.attributes
                0x00000000000001ea       0x31 ./stm32haldev/system/STM32F0xx_HAL_Driver/Src/stm32f0xx_hal_crc.o
 .ARM.attributes
                0x000000000000021b       0x31 ./stm32haldev/system/STM32F0xx_HAL_Driver/Src/stm32f0xx_hal_crc_ex.o
 .ARM.attributes
                0x000000000000024c       0x31 ./stm32haldev/system/STM32F0xx_HAL_Driver/Src/stm32f0xx_hal_dma.o
 .ARM.attributes
                0x000000000000027d       0x31 ./stm32haldev/system/STM32F0xx_HAL_Driver/Src/stm32f0xx_hal_gpio.o
 .ARM.attributes
                0x00000000000002ae       0x31 ./stm32haldev/system/STM32F0xx_HAL_Driver/Src/stm32f0xx_hal_i2c.o
 .ARM.attributes
                0x00000000000002df       0x31 ./stm32haldev/system/STM32F0xx_HAL_Driver/Src/stm32f0xx_hal_i2c_ex.o
 .ARM.attributes
                0x0000000000000310       0x31 ./stm32haldev/system/STM32F0xx_HAL_Driver/Src/stm32f0xx_hal_msp_template.o
 .ARM.attributes
                0x0000000000000341       0x31 ./stm32haldev/system/STM32F0xx_HAL_Driver/Src/stm32f0xx_hal_pwr.o
 .ARM.attributes
                0x0000000000000372       0x31 ./stm32haldev/system/STM32F0xx_HAL_Driver/Src/stm32f0xx_hal_rcc.o
 .ARM.attributes
                0x00000000000003a3       0x31 ./stm32haldev/system/STM32F0xx_HAL_Driver/Src/stm32f0xx_hal_rcc_ex.o
 .ARM.attributes
                0x00000000000003d4       0x31 ./stm32haldev/system/STM32F0xx_HAL_Driver/Src/stm32f0xx_hal_rtc.o
 .ARM.attributes
                0x0000000000000405       0x31 ./stm32haldev/system/STM32F0xx_HAL_Driver/Src/stm32f0xx_hal_rtc_ex.o
 .ARM.attributes
                0x0000000000000436       0x31 ./stm32haldev/system/STM32F0xx_HAL_Driver/Src/stm32f0xx_hal_spi.o
 .ARM.attributes
                0x0000000000000467       0x31 ./stm32haldev/system/STM32F0xx_HAL_Driver/Src/stm32f0xx_hal_tim.o
 .ARM.attributes
                0x0000000000000498       0x31 ./stm32haldev/system/STM32F0xx_HAL_Driver/Src/stm32f0xx_hal_uart.o
 .ARM.attributes
                0x00000000000004c9       0x31 ./stm32haldev/system/STM32F0xx_HAL_Driver/Src/stm32f0xx_hal_uart_ex.o
 .ARM.attributes
                0x00000000000004fa       0x31 ./stm32haldev/system/CMSIS/Device/ST/STM32F0xx/Source/system/system_stm32f0xx.o
 .ARM.attributes
                0x000000000000052b       0x21 ./stm32haldev/system/CMSIS/Device/ST/STM32F0xx/Source/stm32f072xb/startup_stm32f072xb.o
 .ARM.attributes
                0x000000000000054c       0x31 ./stm32haldev/stm32dev/src/stm32f0/stm32dev_i2c_f0.o
 .ARM.attributes
                0x000000000000057d       0x31 ./stm32haldev/stm32dev/src/general/stm32dev_flash_s25fl208.o
 .ARM.attributes
                0x00000000000005ae       0x31 ./stm32haldev/stm32dev/src/general/stm32dev_general.o
 .ARM.attributes
                0x00000000000005df       0x31 ./src/application_adc.o
 .ARM.attributes
                0x0000000000000610       0x31 ./src/application_bluetooth.o
 .ARM.attributes
                0x0000000000000641       0x31 ./src/application_flash.o
 .ARM.attributes
                0x0000000000000672       0x31 ./src/application_general.o
 .ARM.attributes
                0x00000000000006a3       0x31 ./src/application_ledPWM.o
 .ARM.attributes
                0x00000000000006d4       0x31 ./src/application_lm75.o
 .ARM.attributes
                0x0000000000000705       0x31 ./src/application_printf.o
 .ARM.attributes
                0x0000000000000736       0x31 ./src/application_rng.o
 .ARM.attributes
                0x0000000000000767       0x31 ./src/application_rtc.o
 .ARM.attributes
                0x0000000000000798       0x31 ./src/application_usb.o
 .ARM.attributes
                0x00000000000007c9       0x31 ./src/application_ws2812.o
 .ARM.attributes
                0x00000000000007fa       0x31 ./src/main.o
 .ARM.attributes
                0x000000000000082b       0x31 ./src/stm32f0xx_hal_msp.o
 .ARM.attributes
                0x000000000000085c       0x31 ./src/stm32f0xx_it.o
 .ARM.attributes
                0x000000000000088d       0x1e /Developer/Eclipse/gcc-arm-none-eabi-4_9-2015q2/bin/../lib/gcc/arm-none-eabi/4.9.3/armv6-m/libgcc.a(_thumb1_case_uqi.o)
 .ARM.attributes
                0x00000000000008ab       0x1e /Developer/Eclipse/gcc-arm-none-eabi-4_9-2015q2/bin/../lib/gcc/arm-none-eabi/4.9.3/armv6-m/libgcc.a(_udivsi3.o)
 .ARM.attributes
                0x00000000000008c9       0x1e /Developer/Eclipse/gcc-arm-none-eabi-4_9-2015q2/bin/../lib/gcc/arm-none-eabi/4.9.3/armv6-m/libgcc.a(_dvmd_tls.o)
 .ARM.attributes
                0x00000000000008e7       0x1e /Developer/Eclipse/gcc-arm-none-eabi-4_9-2015q2/bin/../lib/gcc/arm-none-eabi/4.9.3/armv6-m/libgcc.a(_aeabi_uldivmod.o)
 .ARM.attributes
                0x0000000000000905       0x2c /Developer/Eclipse/gcc-arm-none-eabi-4_9-2015q2/bin/../lib/gcc/arm-none-eabi/4.9.3/armv6-m/libgcc.a(bpabi.o)
 .ARM.attributes
                0x0000000000000931       0x1e /Developer/Eclipse/gcc-arm-none-eabi-4_9-2015q2/bin/../lib/gcc/arm-none-eabi/4.9.3/armv6-m/libgcc.a(_clzsi2.o)
 .ARM.attributes
                0x000000000000094f       0x2c /Developer/Eclipse/gcc-arm-none-eabi-4_9-2015q2/bin/../lib/gcc/arm-none-eabi/4.9.3/armv6-m/libgcc.a(_muldi3.o)
 .ARM.attributes
                0x000000000000097b       0x2c /Developer/Eclipse/gcc-arm-none-eabi-4_9-2015q2/bin/../lib/gcc/arm-none-eabi/4.9.3/armv6-m/libgcc.a(_divdi3.o)
 .ARM.attributes
                0x00000000000009a7       0x2c /Developer/Eclipse/gcc-arm-none-eabi-4_9-2015q2/bin/../lib/gcc/arm-none-eabi/4.9.3/armv6-m/libgcc.a(_udivdi3.o)
 .ARM.attributes
                0x00000000000009d3       0x1e /Developer/Eclipse/gcc-arm-none-eabi-4_9-2015q2/bin/../lib/gcc/arm-none-eabi/4.9.3/armv6-m/libgcc.a(_clzdi2.o)
 .ARM.attributes
                0x00000000000009f1       0x2c /Developer/Eclipse/gcc-arm-none-eabi-4_9-2015q2/bin/../lib/gcc/arm-none-eabi/4.9.3/../../../../arm-none-eabi/lib/armv6-m/libg_nano.a(lib_a-atoi.o)
 .ARM.attributes
                0x0000000000000a1d       0x2c /Developer/Eclipse/gcc-arm-none-eabi-4_9-2015q2/bin/../lib/gcc/arm-none-eabi/4.9.3/../../../../arm-none-eabi/lib/armv6-m/libg_nano.a(lib_a-calloc.o)
 .ARM.attributes
                0x0000000000000a49       0x2c /Developer/Eclipse/gcc-arm-none-eabi-4_9-2015q2/bin/../lib/gcc/arm-none-eabi/4.9.3/../../../../arm-none-eabi/lib/armv6-m/libg_nano.a(lib_a-errno.o)
 .ARM.attributes
                0x0000000000000a75       0x2c /Developer/Eclipse/gcc-arm-none-eabi-4_9-2015q2/bin/../lib/gcc/arm-none-eabi/4.9.3/../../../../arm-none-eabi/lib/armv6-m/libg_nano.a(lib_a-impure.o)
 .ARM.attributes
                0x0000000000000aa1       0x2c /Developer/Eclipse/gcc-arm-none-eabi-4_9-2015q2/bin/../lib/gcc/arm-none-eabi/4.9.3/../../../../arm-none-eabi/lib/armv6-m/libg_nano.a(lib_a-malloc.o)
 .ARM.attributes
                0x0000000000000acd       0x2c /Developer/Eclipse/gcc-arm-none-eabi-4_9-2015q2/bin/../lib/gcc/arm-none-eabi/4.9.3/../../../../arm-none-eabi/lib/armv6-m/libg_nano.a(lib_a-memcpy.o)
 .ARM.attributes
                0x0000000000000af9       0x2c /Developer/Eclipse/gcc-arm-none-eabi-4_9-2015q2/bin/../lib/gcc/arm-none-eabi/4.9.3/../../../../arm-none-eabi/lib/armv6-m/libg_nano.a(lib_a-memset.o)
 .ARM.attributes
                0x0000000000000b25       0x2c /Developer/Eclipse/gcc-arm-none-eabi-4_9-2015q2/bin/../lib/gcc/arm-none-eabi/4.9.3/../../../../arm-none-eabi/lib/armv6-m/libg_nano.a(lib_a-nano-callocr.o)
 .ARM.attributes
                0x0000000000000b51       0x2c /Developer/Eclipse/gcc-arm-none-eabi-4_9-2015q2/bin/../lib/gcc/arm-none-eabi/4.9.3/../../../../arm-none-eabi/lib/armv6-m/libg_nano.a(lib_a-nano-freer.o)
 .ARM.attributes