Archive member included because of file (symbol)

/Developer/Eclipse/gcc-arm-none-eabi-4_9-2015q2/bin/../lib/gcc/arm-none-eabi/4.9.3/../../../../arm-none-eabi/lib/armv6-m/libm.a(lib_a-w_pow.o)
                              ./stm32haldev/stm32dev/src/general/stm32dev_general.o (pow)
/Developer/Eclipse/gcc-arm-none-eabi-4_9-2015q2/bin/../lib/gcc/arm-none-eabi/4.9.3/../../../../arm-none-eabi/lib/armv6-m/libm.a(lib_a-e_pow.o)
                              /Developer/Eclipse/gcc-arm-none-eabi-4_9-2015q2/bin/../lib/gcc/arm-none-eabi/4.9.3/../../../../arm-none-eabi/lib/armv6-m/libm.a(lib_a-w_pow.o) (__ieee754_pow)
/Developer/Eclipse/gcc-arm-none-eabi-4_9-2015q2/bin/../lib/gcc/arm-none-eabi/4.9.3/../../../../arm-none-eabi/lib/armv6-m/libm.a(lib_a-e_sqrt.o)
                              /Developer/Eclipse/gcc-arm-none-eabi-4_9-2015q2/bin/../lib/gcc/arm-none-eabi/4.9.3/../../../../arm-none-eabi/lib/armv6-m/libm.a(lib_a-e_pow.o) (__ieee754_sqrt)
/Developer/Eclipse/gcc-arm-none-eabi-4_9-2015q2/bin/../lib/gcc/arm-none-eabi/4.9.3/../../../../arm-none-eabi/lib/armv6-m/libm.a(lib_a-s_fabs.o)
                              /Developer/Eclipse/gcc-arm-none-eabi-4_9-2015q2/bin/../lib/gcc/arm-none-eabi/4.9.3/../../../../arm-none-eabi/lib/armv6-m/libm.a(lib_a-e_pow.o) (fabs)
/Developer/Eclipse/gcc-arm-none-eabi-4_9-2015q2/bin/../lib/gcc/arm-none-eabi/4.9.3/../../../../arm-none-eabi/lib/armv6-m/libm.a(lib_a-s_finite.o)
                              /Developer/Eclipse/gcc-arm-none-eabi-4_9-2015q2/bin/../lib/gcc/arm-none-eabi/4.9.3/../../../../arm-none-eabi/lib/armv6-m/libm.a(lib_a-w_pow.o) (finite)
/Developer/Eclipse/gcc-arm-none-eabi-4_9-2015q2/bin/../lib/gcc/arm-none-eabi/4.9.3/../../../../arm-none-eabi/lib/armv6-m/libm.a(lib_a-s_fpclassify.o)
                              /Developer/Eclipse/gcc-arm-none-eabi-4_9-2015q2/bin/../lib/gcc/arm-none-eabi/4.9.3/../../../../arm-none-eabi/lib/armv6-m/libm.a(lib_a-w_pow.o) (__fpclassifyd)
/Developer/Eclipse/gcc-arm-none-eabi-4_9-2015q2/bin/../lib/gcc/arm-none-eabi/4.9.3/../../../../arm-none-eabi/lib/armv6-m/libm.a(lib_a-s_lib_ver.o)
                              /Developer/Eclipse/gcc-arm-none-eabi-4_9-2015q2/bin/../lib/gcc/arm-none-eabi/4.9.3/../../../../arm-none-eabi/lib/armv6-m/libm.a(lib_a-w_pow.o) (__fdlib_version)
/Developer/Eclipse/gcc-arm-none-eabi-4_9-2015q2/bin/../lib/gcc/arm-none-eabi/4.9.3/../../../../arm-none-eabi/lib/armv6-m/libm.a(lib_a-s_matherr.o)
                              /Developer/Eclipse/gcc-arm-none-eabi-4_9-2015q2/bin/../lib/gcc/arm-none-eabi/4.9.3/../../../../arm-none-eabi/lib/armv6-m/libm.a(lib_a-w_pow.o) (matherr)
/Developer/Eclipse/gcc-arm-none-eabi-4_9-2015q2/bin/../lib/gcc/arm-none-eabi/4.9.3/../../../../arm-none-eabi/lib/armv6-m/libm.a(lib_a-s_nan.o)
                              /Developer/Eclipse/gcc-arm-none-eabi-4_9-2015q2/bin/../lib/gcc/arm-none-eabi/4.9.3/../../../../arm-none-eabi/lib/armv6-m/libm.a(lib_a-e_pow.o) (nan)
/Developer/Eclipse/gcc-arm-none-eabi-4_9-2015q2/bin/../lib/gcc/arm-none-eabi/4.9.3/../../../../arm-none-eabi/lib/armv6-m/libm.a(lib_a-s_rint.o)
                              /Developer/Eclipse/gcc-arm-none-eabi-4_9-2015q2/bin/../lib/gcc/arm-none-eabi/4.9.3/../../../../arm-none-eabi/lib/armv6-m/libm.a(lib_a-w_pow.o) (rint)
/Developer/Eclipse/gcc-arm-none-eabi-4_9-2015q2/bin/../lib/gcc/arm-none-eabi/4.9.3/../../../../arm-none-eabi/lib/armv6-m/libm.a(lib_a-s_scalbn.o)
                              /Developer/Eclipse/gcc-arm-none-eabi-4_9-2015q2/bin/../lib/gcc/arm-none-eabi/4.9.3/../../../../arm-none-eabi/lib/armv6-m/libm.a(lib_a-e_pow.o) (scalbn)
/Developer/Eclipse/gcc-arm-none-eabi-4_9-2015q2/bin/../lib/gcc/arm-none-eabi/4.9.3/../../../../arm-none-eabi/lib/armv6-m/libm.a(lib_a-s_copysign.o)
                              /Developer/Eclipse/gcc-arm-none-eabi-4_9-2015q2/bin/../lib/gcc/arm-none-eabi/4.9.3/../../../../arm-none-eabi/lib/armv6-m/libm.a(lib_a-s_scalbn.o) (copysign)
/Developer/Eclipse/gcc-arm-none-eabi-4_9-2015q2/bin/../lib/gcc/arm-none-eabi/4.9.3/armv6-m/libgcc.a(_thumb1_case_uqi.o)
                              ./stm32haldev/system/STM32F0xx_HAL_Driver/Src/stm32f0xx_hal_irda.o (__gnu_thumb1_case_uqi)
/Developer/Eclipse/gcc-arm-none-eabi-4_9-2015q2/bin/../lib/gcc/arm-none-eabi/4.9.3/armv6-m/libgcc.a(_udivsi3.o)
                              ./stm32haldev/system/STM32F0xx_HAL_Driver/Src/stm32f0xx_hal.o (__aeabi_uidiv)
/Developer/Eclipse/gcc-arm-none-eabi-4_9-2015q2/bin/../lib/gcc/arm-none-eabi/4.9.3/armv6-m/libgcc.a(_dvmd_tls.o)
                              /Developer/Eclipse/gcc-arm-none-eabi-4_9-2015q2/bin/../lib/gcc/arm-none-eabi/4.9.3/armv6-m/libgcc.a(_udivsi3.o) (__aeabi_idiv0)
/Developer/Eclipse/gcc-arm-none-eabi-4_9-2015q2/bin/../lib/gcc/arm-none-eabi/4.9.3/armv6-m/libgcc.a(_lshrdi3.o)
                              ./stm32haldev/system/STM32F0xx_HAL_Driver/Src/stm32f0xx_hal_flash.o (__aeabi_llsr)
/Developer/Eclipse/gcc-arm-none-eabi-4_9-2015q2/bin/../lib/gcc/arm-none-eabi/4.9.3/armv6-m/libgcc.a(_arm_cmpdf2.o)
[...]
Memory Configuration

Name             Origin             Length             Attributes
RAM              0x0000000020000000 0x0000000000004000 xrw
CCMRAM           0x0000000000000000 0x0000000000000000 xrw
FLASH            0x0000000008000000 0x0000000000020000 xr
FLASHB1          0x0000000000000000 0x0000000000000000 xr
EXTMEMB0         0x0000000000000000 0x0000000000000000 xr
EXTMEMB1         0x0000000000000000 0x0000000000000000 xr
EXTMEMB2         0x0000000000000000 0x0000000000000000 xr
EXTMEMB3         0x0000000000000000 0x0000000000000000 xr
MEMORY_ARRAY     0x0000000000000000 0x0000000000000000 xrw
*default*        0x0000000000000000 0xffffffffffffffff

Linker script and memory map

LOAD ./stm32haldev/system/src/newlib/_exit.o
LOAD ./stm32haldev/system/src/newlib/_sbrk.o
LOAD ./stm32haldev/system/src/newlib/_startup.o
LOAD ./stm32haldev/system/src/newlib/_syscalls.o
LOAD ./stm32haldev/system/src/newlib/assert.o
LOAD ./stm32haldev/system/src/diag/Trace.o
LOAD ./stm32haldev/system/src/diag/trace_impl.o
LOAD ./stm32haldev/system/src/cortexm/_initialize_hardware.o
LOAD ./stm32haldev/system/src/cortexm/_reset_hardware.o
LOAD ./stm32haldev/system/src/cortexm/exception_handlers.o
LOAD ./stm32haldev/system/STM32F0xx_HAL_Driver/Src/stm32f0xx_hal.o
LOAD ./stm32haldev/system/STM32F0xx_HAL_Driver/Src/stm32f0xx_hal_adc.o
LOAD ./stm32haldev/system/STM32F0xx_HAL_Driver/Src/stm32f0xx_hal_adc_ex.o
LOAD ./stm32haldev/system/STM32F0xx_HAL_Driver/Src/stm32f0xx_hal_can.o
LOAD ./stm32haldev/system/STM32F0xx_HAL_Driver/Src/stm32f0xx_hal_cec.o
LOAD ./stm32haldev/system/STM32F0xx_HAL_Driver/Src/stm32f0xx_hal_comp.o
LOAD ./stm32haldev/system/STM32F0xx_HAL_Driver/Src/stm32f0xx_hal_cortex.o
LOAD ./stm32haldev/system/STM32F0xx_HAL_Driver/Src/stm32f0xx_hal_crc.o
LOAD ./stm32haldev/system/STM32F0xx_HAL_Driver/Src/stm32f0xx_hal_crc_ex.o
LOAD ./stm32haldev/system/STM32F0xx_HAL_Driver/Src/stm32f0xx_hal_dac.o
LOAD ./stm32haldev/system/STM32F0xx_HAL_Driver/Src/stm32f0xx_hal_dac_ex.o
LOAD ./stm32haldev/system/STM32F0xx_HAL_Driver/Src/stm32f0xx_hal_dma.o
LOAD ./stm32haldev/system/STM32F0xx_HAL_Driver/Src/stm32f0xx_hal_flash.o
LOAD ./stm32haldev/system/STM32F0xx_HAL_Driver/Src/stm32f0xx_hal_flash_ex.o
LOAD ./stm32haldev/system/STM32F0xx_HAL_Driver/Src/stm32f0xx_hal_gpio.o
LOAD ./stm32haldev/system/STM32F0xx_HAL_Driver/Src/stm32f0xx_hal_i2c.o
LOAD ./stm32haldev/system/STM32F0xx_HAL_Driver/Src/stm32f0xx_hal_i2c_ex.o
LOAD ./stm32haldev/system/STM32F0xx_HAL_Driver/Src/stm32f0xx_hal_i2s.o
LOAD ./stm32haldev/system/STM32F0xx_HAL_Driver/Src/stm32f0xx_hal_irda.o
LOAD ./stm32haldev/system/STM32F0xx_HAL_Driver/Src/stm32f0xx_hal_iwdg.o
LOAD ./stm32haldev/system/STM32F0xx_HAL_Driver/Src/stm32f0xx_hal_msp_template.o
LOAD ./stm32haldev/system/STM32F0xx_HAL_Driver/Src/stm32f0xx_hal_pcd.o
LOAD ./stm32haldev/system/STM32F0xx_HAL_Driver/Src/stm32f0xx_hal_pcd_ex.o
LOAD ./stm32haldev/system/STM32F0xx_HAL_Driver/Src/stm32f0xx_hal_pwr.o
LOAD ./stm32haldev/system/STM32F0xx_HAL_Driver/Src/stm32f0xx_hal_pwr_ex.o
LOAD ./stm32haldev/system/STM32F0xx_HAL_Driver/Src/stm32f0xx_hal_rcc.o
LOAD ./stm32haldev/system/STM32F0xx_HAL_Driver/Src/stm32f0xx_hal_rcc_ex.o
LOAD ./stm32haldev/system/STM32F0xx_HAL_Driver/Src/stm32f0xx_hal_rtc.o
LOAD ./stm32haldev/system/STM32F0xx_HAL_Driver/Src/stm32f0xx_hal_rtc_ex.o
LOAD ./stm32haldev/system/STM32F0xx_HAL_Driver/Src/stm32f0xx_hal_smartcard.o
LOAD ./stm32haldev/system/STM32F0xx_HAL_Driver/Src/stm32f0xx_hal_smartcard_ex.o
LOAD ./stm32haldev/system/STM32F0xx_HAL_Driver/Src/stm32f0xx_hal_smbus.o
LOAD ./stm32haldev/system/STM32F0xx_HAL_Driver/Src/stm32f0xx_hal_spi.o
LOAD ./stm32haldev/system/STM32F0xx_HAL_Driver/Src/stm32f0xx_hal_spi_ex.o
LOAD ./stm32haldev/system/STM32F0xx_HAL_Driver/Src/stm32f0xx_hal_tim.o
LOAD ./stm32haldev/system/STM32F0xx_HAL_Driver/Src/stm32f0xx_hal_tim_ex.o
LOAD ./stm32haldev/system/STM32F0xx_HAL_Driver/Src/stm32f0xx_hal_tsc.o
LOAD ./stm32haldev/system/STM32F0xx_HAL_Driver/Src/stm32f0xx_hal_uart.o
LOAD ./stm32haldev/system/STM32F0xx_HAL_Driver/Src/stm32f0xx_hal_uart_ex.o
LOAD ./stm32haldev/system/STM32F0xx_HAL_Driver/Src/stm32f0xx_hal_usart.o
LOAD ./stm32haldev/system/STM32F0xx_HAL_Driver/Src/stm32f0xx_hal_wwdg.o
LOAD ./stm32haldev/system/CMSIS/Device/ST/STM32F0xx/Source/system/system_stm32f0xx.o
LOAD ./stm32haldev/system/CMSIS/Device/ST/STM32F0xx/Source/stm32f072xb/startup_stm32f072xb.o
LOAD ./stm32haldev/stm32dev/src/stm32f0/stm32dev_dma_f0.o
LOAD ./stm32haldev/stm32dev/src/stm32f0/stm32dev_gpio_f0.o
LOAD ./stm32haldev/stm32dev/src/stm32f0/stm32dev_rcc_f0.o
LOAD ./stm32haldev/stm32dev/src/stm32f0/stm32dev_spi_f0.o
LOAD ./stm32haldev/stm32dev/src/general/stm32dev_dds_AD9833.o
LOAD ./stm32haldev/stm32dev/src/general/stm32dev_dds_AD9834.o
LOAD ./stm32haldev/stm32dev/src/general/stm32dev_dds_AD9850.o
LOAD ./stm32haldev/stm32dev/src/general/stm32dev_dds_AD9851.o
LOAD ./stm32haldev/stm32dev/src/general/stm32dev_flash_s25fl208.o
LOAD ./stm32haldev/stm32dev/src/general/stm32dev_general.o
LOAD ./stm32haldev/stm32dev/src/general/stm32dev_led_ws2812b.o
LOAD ./stm32haldev/stm32dev/src/general/stm32dev_screen_ssd1306.o
LOAD ./stm32haldev/stm32dev/boards/alt0064_A.o
LOAD ./stm32haldev/stm32dev/boards/alt0065_A.o
LOAD ./stm32haldev/stm32dev/boards/alt0068_A.o
LOAD ./stm32haldev/stm32dev/boards/f429disco.o
LOAD ./src/_write.o
LOAD ./src/main.o
LOAD ./src/stm32f0xx_hal_msp.o
LOAD ./src/stm32f0xx_it.o
LOAD /Developer/Eclipse/gcc-arm-none-eabi-4_9-2015q2/bin/../lib/gcc/arm-none-eabi/4.9.3/../../../../arm-none-eabi/lib/armv6-m/libstdc++_nano.a
LOAD /Developer/Eclipse/gcc-arm-none-eabi-4_9-2015q2/bin/../lib/gcc/arm-none-eabi/4.9.3/../../../../arm-none-eabi/lib/armv6-m/libm.a
START GROUP
LOAD /Developer/Eclipse/gcc-arm-none-eabi-4_9-2015q2/bin/../lib/gcc/arm-none-eabi/4.9.3/armv6-m/libgcc.a
LOAD /Developer/Eclipse/gcc-arm-none-eabi-4_9-2015q2/bin/../lib/gcc/arm-none-eabi/4.9.3/../../../../arm-none-eabi/lib/armv6-m/libg_nano.a
LOAD /Developer/Eclipse/gcc-arm-none-eabi-4_9-2015q2/bin/../lib/gcc/arm-none-eabi/4.9.3/../../../../arm-none-eabi/lib/armv6-m/libc_nano.a
END GROUP
START GROUP
LOAD /Developer/Eclipse/gcc-arm-none-eabi-4_9-2015q2/bin/../lib/gcc/arm-none-eabi/4.9.3/armv6-m/libgcc.a
LOAD /Developer/Eclipse/gcc-arm-none-eabi-4_9-2015q2/bin/../lib/gcc/arm-none-eabi/4.9.3/../../../../arm-none-eabi/lib/armv6-m/libc_nano.a
END GROUP
                0x0000000020004000                __stack = (ORIGIN (RAM) + 0x4000)
                0x0000000020004000                _estack = __stack
                0x0000000000000400                __Main_Stack_Size = 0x400
                0x0000000000000400                PROVIDE (_Main_Stack_Size, __Main_Stack_Size)
                0x0000000020003c00                __Main_Stack_Limit = (__stack - __Main_Stack_Size)
                0x0000000020003c00                PROVIDE (_Main_Stack_Limit, __Main_Stack_Limit)
                0x0000000000000100                _Minimum_Stack_Size = 0x100
                0x000000002000189c                PROVIDE (_Heap_Begin, _end_noinit)
                0x0000000020003c00                PROVIDE (_Heap_Limit, (__stack - __Main_Stack_Size))

.isr_vector     0x0000000008000000      0x204
                0x0000000008000000                . = ALIGN (0x4)
 *(.isr_vector)
 .isr_vector    0x0000000008000000       0xc0 ./stm32haldev/system/CMSIS/Device/ST/STM32F0xx/Source/stm32f072xb/startup_stm32f072xb.o
                0x0000000008000000                g_pfnVectors
 *(.cfmconfig)
 *(.after_vectors .after_vectors.*)
 .after_vectors
                0x00000000080000c0      0x110 ./stm32haldev/system/src/newlib/_startup.o
                0x00000000080000c0                _start
 .after_vectors
                0x00000000080001d0       0x34 ./stm32haldev/system/src/cortexm/exception_handlers.o
                0x00000000080001d0                Reset_Handler
                0x00000000080001f2                HardFault_Handler_C
                0x0000000008000204                . = ALIGN (0x4)

.inits          0x0000000008000204        0x0
                0x0000000008000204                . = ALIGN (0x4)
 *(.init)
 *(.fini)
                0x0000000008000204                . = ALIGN (0x4)
                0x0000000008000204                PROVIDE (__preinit_array_start, .)
 *(.preinit_array_sysinit .preinit_array_sysinit.*)
 *(.preinit_array_platform .preinit_array_platform.*)
 *(.preinit_array .preinit_array.*)
                0x0000000008000204                PROVIDE (__preinit_array_end, .)
                0x0000000008000204                . = ALIGN (0x4)
                0x0000000008000204                PROVIDE (__init_array_start, .)
 *(SORT(.init_array.*))
 *(.init_array)
                0x0000000008000204                PROVIDE (__init_array_end, .)
                0x0000000008000204                . = ALIGN (0x4)
                0x0000000008000204                PROVIDE (__fini_array_start, .)
 *(SORT(.fini_array.*))
 *(.fini_array)
                0x0000000008000204                PROVIDE (__fini_array_end, .)
                0x0000000008000204                . = ALIGN (0x4)

.flashtext      0x0000000008000204        0x0
                0x0000000008000204                . = ALIGN (0x4)
 *(.flashtext .flashtext.*)
                0x0000000008000204                . = ALIGN (0x4)

.text           0x0000000008000204     0x4b04
                0x0000000008000204                . = ALIGN (0x4)
 *(.text .text.*)
 .text._exit    0x0000000008000204        0x2 ./stm32haldev/system/src/newlib/_exit.o
                0x0000000008000204                _exit
 *fill*         0x0000000008000206        0x2 
 .text._sbrk    0x0000000008000208       0x40 ./stm32haldev/system/src/newlib/_sbrk.o
                0x0000000008000208                _sbrk
 .text.__initialize_args
                0x0000000008000248       0x10 ./stm32haldev/system/src/newlib/_syscalls.o
                0x0000000008000248                __initialize_args
 .text.__initialize_hardware_early
                0x0000000008000258        0x8 ./stm32haldev/system/src/cortexm/_initialize_hardware.o
                0x0000000008000258                __initialize_hardware_early
 .text.__initialize_hardware
                0x0000000008000260        0x8 ./stm32haldev/system/src/cortexm/_initialize_hardware.o
                0x0000000008000260                __initialize_hardware
 .text.HAL_InitTick
                0x0000000008000268       0x24 ./stm32haldev/system/STM32F0xx_HAL_Driver/Src/stm32f0xx_hal.o
                0x0000000008000268                HAL_InitTick
 .text.HAL_Init
                0x000000000800028c       0x20 ./stm32haldev/system/STM32F0xx_HAL_Driver/Src/stm32f0xx_hal.o
                0x000000000800028c                HAL_Init
 .text.HAL_IncTick
                0x00000000080002ac       0x10 ./stm32haldev/system/STM32F0xx_HAL_Driver/Src/stm32f0xx_hal.o
                0x00000000080002ac                HAL_IncTick
 .text.HAL_GetTick
                0x00000000080002bc        0xc ./stm32haldev/system/STM32F0xx_HAL_Driver/Src/stm32f0xx_hal.o
                0x00000000080002bc                HAL_GetTick
 .text.HAL_Delay
                0x00000000080002c8       0x18 ./stm32haldev/system/STM32F0xx_HAL_Driver/Src/stm32f0xx_hal.o
                0x00000000080002c8                HAL_Delay
 .text.HAL_NVIC_SetPriority
                0x00000000080002e0       0x64 ./stm32haldev/system/STM32F0xx_HAL_Driver/Src/stm32f0xx_hal_cortex.o
                0x00000000080002e0                HAL_NVIC_SetPriority
 .text.HAL_NVIC_EnableIRQ
                0x0000000008000344       0x14 ./stm32haldev/system/STM32F0xx_HAL_Driver/Src/stm32f0xx_hal_cortex.o
                0x0000000008000344                HAL_NVIC_EnableIRQ
 .text.HAL_NVIC_DisableIRQ
                0x0000000008000358       0x14 ./stm32haldev/system/STM32F0xx_HAL_Driver/Src/stm32f0xx_hal_cortex.o
                0x0000000008000358                HAL_NVIC_DisableIRQ
 .text.HAL_SYSTICK_Config
                0x000000000800036c       0x34 ./stm32haldev/system/STM32F0xx_HAL_Driver/Src/stm32f0xx_hal_cortex.o
                0x000000000800036c                HAL_SYSTICK_Config
 .text.HAL_DMA_Init
                0x00000000080003a0       0x50 ./stm32haldev/system/STM32F0xx_HAL_Driver/Src/stm32f0xx_hal_dma.o
                0x00000000080003a0                HAL_DMA_Init
 .text.HAL_DMA_DeInit
                0x00000000080003f0      0x120 ./stm32haldev/system/STM32F0xx_HAL_Driver/Src/stm32f0xx_hal_dma.o
                0x00000000080003f0                HAL_DMA_DeInit
 .text.HAL_DMA_Start_IT
                0x0000000008000510       0x56 ./stm32haldev/system/STM32F0xx_HAL_Driver/Src/stm32f0xx_hal_dma.o
                0x0000000008000510                HAL_DMA_Start_IT
 *fill*         0x0000000008000566        0x2 
 .text.HAL_DMA_IRQHandler
                0x0000000008000568      0x24c ./stm32haldev/system/STM32F0xx_HAL_Driver/Src/stm32f0xx_hal_dma.o
                0x0000000008000568                HAL_DMA_IRQHandler
 .text.HAL_GPIO_Init
                0x00000000080007b4      0x170 ./stm32haldev/system/STM32F0xx_HAL_Driver/Src/stm32f0xx_hal_gpio.o
                0x00000000080007b4                HAL_GPIO_Init
 .text.HAL_GPIO_DeInit
                0x0000000008000924       0xf0 ./stm32haldev/system/STM32F0xx_HAL_Driver/Src/stm32f0xx_hal_gpio.o
                0x0000000008000924                HAL_GPIO_DeInit
 .text.HAL_GPIO_ReadPin
                0x0000000008000a14        0xc ./stm32haldev/system/STM32F0xx_HAL_Driver/Src/stm32f0xx_hal_gpio.o
                0x0000000008000a14                HAL_GPIO_ReadPin
 .text.HAL_GPIO_WritePin
                0x0000000008000a20        0xc ./stm32haldev/system/STM32F0xx_HAL_Driver/Src/stm32f0xx_hal_gpio.o
                0x0000000008000a20                HAL_GPIO_WritePin
 .text.HAL_GPIO_TogglePin
                0x0000000008000a2c        0x8 ./stm32haldev/system/STM32F0xx_HAL_Driver/Src/stm32f0xx_hal_gpio.o
                0x0000000008000a2c                HAL_GPIO_TogglePin
 .text.HAL_MspInit
                0x0000000008000a34        0x2 ./stm32haldev/system/STM32F0xx_HAL_Driver/Src/stm32f0xx_hal_msp_template.o
                0x0000000008000a34                HAL_MspInit
 *fill*         0x0000000008000a36        0x2 
 .text.HAL_RCC_OscConfig
                0x0000000008000a38      0x484 ./stm32haldev/system/STM32F0xx_HAL_Driver/Src/stm32f0xx_hal_rcc.o
                0x0000000008000a38                HAL_RCC_OscConfig
 .text.HAL_RCC_ClockConfig
                0x0000000008000ebc      0x204 ./stm32haldev/system/STM32F0xx_HAL_Driver/Src/stm32f0xx_hal_rcc.o
                0x0000000008000ebc                HAL_RCC_ClockConfig
 .text.HAL_RCC_GetSysClockFreq
                0x00000000080010c0       0x78 ./stm32haldev/system/STM32F0xx_HAL_Driver/Src/stm32f0xx_hal_rcc.o
                0x00000000080010c0                HAL_RCC_GetSysClockFreq
 .text.HAL_RCC_GetHCLKFreq
                0x0000000008001138       0x28 ./stm32haldev/system/STM32F0xx_HAL_Driver/Src/stm32f0xx_hal_rcc.o
                0x0000000008001138                HAL_RCC_GetHCLKFreq
 .text.HAL_RCC_GetPCLK1Freq
                0x0000000008001160       0x20 ./stm32haldev/system/STM32F0xx_HAL_Driver/Src/stm32f0xx_hal_rcc.o
                0x0000000008001160                HAL_RCC_GetPCLK1Freq
 .text.SPI_WaitFifoStateUntilTimeout
                0x0000000008001180       0xac ./stm32haldev/system/STM32F0xx_HAL_Driver/Src/stm32f0xx_hal_spi.o
 .text.SPI_WaitFlagStateUntilTimeout
                0x000000000800122c       0x94 ./stm32haldev/system/STM32F0xx_HAL_Driver/Src/stm32f0xx_hal_spi.o
 .text.SPI_EndRxTxTransaction
                0x00000000080012c0       0x30 ./stm32haldev/system/STM32F0xx_HAL_Driver/Src/stm32f0xx_hal_spi.o
 .text.HAL_SPI_Init
                0x00000000080012f0       0xcc ./stm32haldev/system/STM32F0xx_HAL_Driver/Src/stm32f0xx_hal_spi.o
                0x00000000080012f0                HAL_SPI_Init
 .text.HAL_SPI_TransmitReceive
                0x00000000080013bc      0x298 ./stm32haldev/system/STM32F0xx_HAL_Driver/Src/stm32f0xx_hal_spi.o
                0x00000000080013bc                HAL_SPI_TransmitReceive
 .text.TIM_OC1_SetConfig
                0x0000000008001654       0x88 ./stm32haldev/system/STM32F0xx_HAL_Driver/Src/stm32f0xx_hal_tim.o
 .text.TIM_OC3_SetConfig
                0x00000000080016dc       0x8c ./stm32haldev/system/STM32F0xx_HAL_Driver/Src/stm32f0xx_hal_tim.o
 .text.TIM_OC4_SetConfig
                0x0000000008001768       0x74 ./stm32haldev/system/STM32F0xx_HAL_Driver/Src/stm32f0xx_hal_tim.o
 .text.HAL_TIM_PWM_PulseFinishedCallback
                0x00000000080017dc        0x2 ./stm32haldev/system/STM32F0xx_HAL_Driver/Src/stm32f0xx_hal_tim.o
                0x00000000080017dc                HAL_TIM_PWM_PulseFinishedCallback
 .text.TIM_DMADelayPulseCplt
                0x00000000080017de       0x3c ./stm32haldev/system/STM32F0xx_HAL_Driver/Src/stm32f0xx_hal_tim.o
                0x00000000080017de                TIM_DMADelayPulseCplt
 .text.HAL_TIM_ErrorCallback
                0x000000000800181a        0x2 ./stm32haldev/system/STM32F0xx_HAL_Driver/Src/stm32f0xx_hal_tim.o
                0x000000000800181a                HAL_TIM_ErrorCallback
 .text.TIM_DMAError
                0x000000000800181c       0x12 ./stm32haldev/system/STM32F0xx_HAL_Driver/Src/stm32f0xx_hal_tim.o
                0x000000000800181c                TIM_DMAError
 *fill*         0x000000000800182e        0x2 
 .text.TIM_Base_SetConfig
                0x0000000008001830       0x98 ./stm32haldev/system/STM32F0xx_HAL_Driver/Src/stm32f0xx_hal_tim.o
                0x0000000008001830                TIM_Base_SetConfig
 .text.HAL_TIM_PWM_Init
                0x00000000080018c8       0x36 ./stm32haldev/system/STM32F0xx_HAL_Driver/Src/stm32f0xx_hal_tim.o
                0x00000000080018c8                HAL_TIM_PWM_Init
 *fill*         0x00000000080018fe        0x2 
 .text.TIM_OC2_SetConfig
                0x0000000008001900       0x84 ./stm32haldev/system/STM32F0xx_HAL_Driver/Src/stm32f0xx_hal_tim.o
                0x0000000008001900                TIM_OC2_SetConfig
 .text.HAL_TIM_PWM_ConfigChannel
                0x0000000008001984       0xcc ./stm32haldev/system/STM32F0xx_HAL_Driver/Src/stm32f0xx_hal_tim.o
                0x0000000008001984                HAL_TIM_PWM_ConfigChannel
 .text.TIM_CCxChannelCmd
                0x0000000008001a50       0x16 ./stm32haldev/system/STM32F0xx_HAL_Driver/Src/stm32f0xx_hal_tim.o
                0x0000000008001a50                TIM_CCxChannelCmd
 *fill*         0x0000000008001a66        0x2 
 .text.HAL_TIM_PWM_Start_DMA
                0x0000000008001a68      0x108 ./stm32haldev/system/STM32F0xx_HAL_Driver/Src/stm32f0xx_hal_tim.o
                0x0000000008001a68                HAL_TIM_PWM_Start_DMA
 .text.HAL_UART_DeInit
                0x0000000008001b70       0x32 ./stm32haldev/system/STM32F0xx_HAL_Driver/Src/stm32f0xx_hal_uart.o
                0x0000000008001b70                HAL_UART_DeInit
 *fill*         0x0000000008001ba2        0x2 
 .text.HAL_UART_Transmit_DMA
                0x0000000008001ba4       0x84 ./stm32haldev/system/STM32F0xx_HAL_Driver/Src/stm32f0xx_hal_uart.o
                0x0000000008001ba4                HAL_UART_Transmit_DMA
 .text.HAL_UART_Receive_DMA
                0x0000000008001c28       0x84 ./stm32haldev/system/STM32F0xx_HAL_Driver/Src/stm32f0xx_hal_uart.o
                0x0000000008001c28                HAL_UART_Receive_DMA
 .text.UART_DMATransmitCplt
                0x0000000008001cac       0x30 ./stm32haldev/system/STM32F0xx_HAL_Driver/Src/stm32f0xx_hal_uart.o
 .text.HAL_UART_TxHalfCpltCallback
                0x0000000008001cdc        0x2 ./stm32haldev/system/STM32F0xx_HAL_Driver/Src/stm32f0xx_hal_uart.o
                0x0000000008001cdc                HAL_UART_TxHalfCpltCallback
 .text.UART_DMATxHalfCplt
                0x0000000008001cde        0xa ./stm32haldev/system/STM32F0xx_HAL_Driver/Src/stm32f0xx_hal_uart.o
 .text.UART_DMAReceiveCplt
                0x0000000008001ce8       0x38 ./stm32haldev/system/STM32F0xx_HAL_Driver/Src/stm32f0xx_hal_uart.o
 .text.HAL_UART_RxHalfCpltCallback
                0x0000000008001d20        0x2 ./stm32haldev/system/STM32F0xx_HAL_Driver/Src/stm32f0xx_hal_uart.o
                0x0000000008001d20                HAL_UART_RxHalfCpltCallback
 .text.UART_DMARxHalfCplt
                0x0000000008001d22        0xa ./stm32haldev/system/STM32F0xx_HAL_Driver/Src/stm32f0xx_hal_uart.o
 .text.HAL_UART_ErrorCallback
                0x0000000008001d2c        0x2 ./stm32haldev/system/STM32F0xx_HAL_Driver/Src/stm32f0xx_hal_uart.o
                0x0000000008001d2c                HAL_UART_ErrorCallback
 .text.UART_DMAError
                0x0000000008001d2e       0x26 ./stm32haldev/system/STM32F0xx_HAL_Driver/Src/stm32f0xx_hal_uart.o
 .text.UART_SetConfig
                0x0000000008001d54      0x168 ./stm32haldev/system/STM32F0xx_HAL_Driver/Src/stm32f0xx_hal_uart.o
                0x0000000008001d54                UART_SetConfig
 .text.UART_AdvFeatureConfig
                0x0000000008001ebc       0xd0 ./stm32haldev/system/STM32F0xx_HAL_Driver/Src/stm32f0xx_hal_uart.o
                0x0000000008001ebc                UART_AdvFeatureConfig
 .text.UART_WaitOnFlagUntilTimeout
                0x0000000008001f8c       0x90 ./stm32haldev/system/STM32F0xx_HAL_Driver/Src/stm32f0xx_hal_uart.o
                0x0000000008001f8c                UART_WaitOnFlagUntilTimeout
 .text.HAL_UART_Transmit
                0x000000000800201c       0xb8 ./stm32haldev/system/STM32F0xx_HAL_Driver/Src/stm32f0xx_hal_uart.o
                0x000000000800201c                HAL_UART_Transmit
 .text.UART_CheckIdleState
                0x00000000080020d4       0x70 ./stm32haldev/system/STM32F0xx_HAL_Driver/Src/stm32f0xx_hal_uart.o
                0x00000000080020d4                UART_CheckIdleState
 .text.HAL_UART_Init
                0x0000000008002144       0x6c ./stm32haldev/system/STM32F0xx_HAL_Driver/Src/stm32f0xx_hal_uart.o
                0x0000000008002144                HAL_UART_Init
 .text.UART_Transmit_IT
                0x00000000080021b0       0x64 ./stm32haldev/system/STM32F0xx_HAL_Driver/Src/stm32f0xx_hal_uart.o
                0x00000000080021b0                UART_Transmit_IT
 .text.UART_EndTransmit_IT
                0x0000000008002214       0x2e ./stm32haldev/system/STM32F0xx_HAL_Driver/Src/stm32f0xx_hal_uart.o
                0x0000000008002214                UART_EndTransmit_IT
 *fill*         0x0000000008002242        0x2 
 .text.UART_Receive_IT
                0x0000000008002244       0x8c ./stm32haldev/system/STM32F0xx_HAL_Driver/Src/stm32f0xx_hal_uart.o
                0x0000000008002244                UART_Receive_IT
 .text.HAL_UARTEx_WakeupCallback
                0x00000000080022d0        0x2 ./stm32haldev/system/STM32F0xx_HAL_Driver/Src/stm32f0xx_hal_uart_ex.o
                0x00000000080022d0                HAL_UARTEx_WakeupCallback
 .text.HAL_UART_IRQHandler
                0x00000000080022d2       0xfc ./stm32haldev/system/STM32F0xx_HAL_Driver/Src/stm32f0xx_hal_uart_ex.o
                0x00000000080022d2                HAL_UART_IRQHandler
 *fill*         0x00000000080023ce        0x2 
 .text.SystemInit
                0x00000000080023d0       0x60 ./stm32haldev/system/CMSIS/Device/ST/STM32F0xx/Source/system/system_stm32f0xx.o
                0x00000000080023d0                SystemInit
 .text.SystemCoreClockUpdate
                0x0000000008002430       0x74 ./stm32haldev/system/CMSIS/Device/ST/STM32F0xx/Source/system/system_stm32f0xx.o
                0x0000000008002430                SystemCoreClockUpdate
 .text.Default_Handler
                0x00000000080024a4        0x2 ./stm32haldev/system/CMSIS/Device/ST/STM32F0xx/Source/stm32f072xb/startup_stm32f072xb.o
                0x00000000080024a4                TIM1_BRK_UP_TRG_COM_IRQHandler
                0x00000000080024a4                TSC_IRQHandler
                0x00000000080024a4                ADC1_COMP_IRQHandler
                0x00000000080024a4                I2C1_IRQHandler
                0x00000000080024a4                RCC_CRS_IRQHandler
                0x00000000080024a4                SPI1_IRQHandler
                0x00000000080024a4                TIM6_DAC_IRQHandler
                0x00000000080024a4                USART3_4_IRQHandler
                0x00000000080024a4                EXTI2_3_IRQHandler
                0x00000000080024a4                I2C2_IRQHandler
                0x00000000080024a4                TIM17_IRQHandler
                0x00000000080024a4                CEC_CAN_IRQHandler
                0x00000000080024a4                RTC_IRQHandler
                0x00000000080024a4                PVD_VDDIO2_IRQHandler
                0x00000000080024a4                TIM16_IRQHandler
                0x00000000080024a4                TIM3_IRQHandler
                0x00000000080024a4                EXTI4_15_IRQHandler
                0x00000000080024a4                DMA1_Channel1_IRQHandler
                0x00000000080024a4                Default_Handler
                0x00000000080024a4                TIM14_IRQHandler
                0x00000000080024a4                TIM7_IRQHandler
                0x00000000080024a4                TIM15_IRQHandler
                0x00000000080024a4                EXTI0_1_IRQHandler
                0x00000000080024a4                USB_IRQHandler
                0x00000000080024a4                SPI2_IRQHandler
                0x00000000080024a4                WWDG_IRQHandler
                0x00000000080024a4                TIM2_IRQHandler
                0x00000000080024a4                USART2_IRQHandler
                0x00000000080024a4                FLASH_IRQHandler
                0x00000000080024a4                TIM1_CC_IRQHandler
 *fill*         0x00000000080024a6        0x2 
 .text.stm32dev_flash_s25fl208_setPrintfRoutine
                0x00000000080024a8        0xc ./stm32haldev/stm32dev/src/general/stm32dev_flash_s25fl208.o
                0x00000000080024a8                stm32dev_flash_s25fl208_setPrintfRoutine
 .text.stm32dev_flash_s25fl208_transmitToSPI
                0x00000000080024b4       0x4c ./stm32haldev/stm32dev/src/general/stm32dev_flash_s25fl208.o
                0x00000000080024b4                stm32dev_flash_s25fl208_transmitToSPI
 .text.stm32dev_flash_s25fl208_transmitToPrintf
                0x0000000008002500       0x14 ./stm32haldev/stm32dev/src/general/stm32dev_flash_s25fl208.o
                0x0000000008002500                stm32dev_flash_s25fl208_transmitToPrintf
 .text.stm32dev_flash_s25fl208_init
                0x0000000008002514       0x78 ./stm32haldev/stm32dev/src/general/stm32dev_flash_s25fl208.o
                0x0000000008002514                stm32dev_flash_s25fl208_init
 .text.stm32dev_flash_s25fl208_transmitToSPI_noCSwBuffer
                0x000000000800258c       0x24 ./stm32haldev/stm32dev/src/general/stm32dev_flash_s25fl208.o
                0x000000000800258c                stm32dev_flash_s25fl208_transmitToSPI_noCSwBuffer
 .text.stm32dev_flash_s25fl208_sendCommand_writeEnable
                0x00000000080025b0       0x18 ./stm32haldev/stm32dev/src/general/stm32dev_flash_s25fl208.o
                0x00000000080025b0                stm32dev_flash_s25fl208_sendCommand_writeEnable
 .text.stm32dev_flash_s25fl208_sendCommand_readStatusRegister
                0x00000000080025c8       0x20 ./stm32haldev/stm32dev/src/general/stm32dev_flash_s25fl208.o
                0x00000000080025c8                stm32dev_flash_s25fl208_sendCommand_readStatusRegister
 .text.stm32dev_flash_s25fl208_sendCommand_readData
                0x00000000080025e8       0x2c ./stm32haldev/stm32dev/src/general/stm32dev_flash_s25fl208.o
                0x00000000080025e8                stm32dev_flash_s25fl208_sendCommand_readData
 .text.stm32dev_flash_s25fl208_sendCommand_releaseDeepPowerDown
                0x0000000008002614       0x18 ./stm32haldev/stm32dev/src/general/stm32dev_flash_s25fl208.o
                0x0000000008002614                stm32dev_flash_s25fl208_sendCommand_releaseDeepPowerDown
 .text.stm32dev_flash_s25fl208_sendCommand_readManDevID
                0x000000000800262c       0x34 ./stm32haldev/stm32dev/src/general/stm32dev_flash_s25fl208.o
                0x000000000800262c                stm32dev_flash_s25fl208_sendCommand_readManDevID
 .text.stm32dev_flash_s25fl208_sendCommand_readJedecID
                0x0000000008002660       0x34 ./stm32haldev/stm32dev/src/general/stm32dev_flash_s25fl208.o
                0x0000000008002660                stm32dev_flash_s25fl208_sendCommand_readJedecID
 .text.stm32dev_flash_s25fl208_sendCommand_readDeviceIdentifiers
                0x0000000008002694       0x30 ./stm32haldev/stm32dev/src/general/stm32dev_flash_s25fl208.o
                0x0000000008002694                stm32dev_flash_s25fl208_sendCommand_readDeviceIdentifiers
 .text.stm32dev_flash_s25fl208_convert_statusRegister
                0x00000000080026c4       0x22 ./stm32haldev/stm32dev/src/general/stm32dev_flash_s25fl208.o
                0x00000000080026c4                stm32dev_flash_s25fl208_convert_statusRegister
 .text.stm32dev_flash_s25fl208_waitForProgrammingDone
                0x00000000080026e6       0x12 ./stm32haldev/stm32dev/src/general/stm32dev_flash_s25fl208.o
                0x00000000080026e6                stm32dev_flash_s25fl208_waitForProgrammingDone
 .text.stm32dev_flash_s25fl208_sendCommand_writeStatusRegister
                0x00000000080026f8       0x30 ./stm32haldev/stm32dev/src/general/stm32dev_flash_s25fl208.o
                0x00000000080026f8                stm32dev_flash_s25fl208_sendCommand_writeStatusRegister
 .text.stm32dev_flash_s25fl208_sendCommand_sectorErase
                0x0000000008002728       0x44 ./stm32haldev/stm32dev/src/general/stm32dev_flash_s25fl208.o
                0x0000000008002728                stm32dev_flash_s25fl208_sendCommand_sectorErase
 .text.stm32dev_flash_s25fl208_sendCommand_pageProgram
                0x000000000800276c       0x9c ./stm32haldev/stm32dev/src/general/stm32dev_flash_s25fl208.o
                0x000000000800276c                stm32dev_flash_s25fl208_sendCommand_pageProgram
 .text.stm32dev_flash_s25fl208_print_statusRegister
                0x0000000008002808       0x74 ./stm32haldev/stm32dev/src/general/stm32dev_flash_s25fl208.o
                0x0000000008002808                stm32dev_flash_s25fl208_print_statusRegister
 .text.stm32dev_flash_s25fl208_print_deviceInfo
                0x000000000800287c       0x64 ./stm32haldev/stm32dev/src/general/stm32dev_flash_s25fl208.o
                0x000000000800287c                stm32dev_flash_s25fl208_print_deviceInfo
 .text.stm32dev_flash_s25fl208_print_submemoryBlock
                0x00000000080028e0       0x3c ./stm32haldev/stm32dev/src/general/stm32dev_flash_s25fl208.o
                0x00000000080028e0                stm32dev_flash_s25fl208_print_submemoryBlock
 .text.stm32dev_flash_s25fl208_print_memoryBlock
                0x000000000800291c       0x8c ./stm32haldev/stm32dev/src/general/stm32dev_flash_s25fl208.o
                0x000000000800291c                stm32dev_flash_s25fl208_print_memoryBlock
 .text.stm32dev_general_getDec
                0x00000000080029a8       0x3c ./stm32haldev/stm32dev/src/general/stm32dev_general.o
                0x00000000080029a8                stm32dev_general_getDec
 .text.stm32dev_general_getHex
                0x00000000080029e4       0x30 ./stm32haldev/stm32dev/src/general/stm32dev_general.o
                0x00000000080029e4                stm32dev_general_getHex
 .text.stm32dev_general_getHex8
                0x0000000008002a14       0x1c ./stm32haldev/stm32dev/src/general/stm32dev_general.o
                0x0000000008002a14                stm32dev_general_getHex8
 .text.stm32dev_general_strsplit
                0x0000000008002a30       0x8a ./stm32haldev/stm32dev/src/general/stm32dev_general.o
                0x0000000008002a30                stm32dev_general_strsplit
 *fill*         0x0000000008002aba        0x2 
 .text.Error_Handler
                0x0000000008002abc       0x14 ./src/main.o
 .text.uart_sendPrintf
                0x0000000008002ad0       0x2c ./src/main.o
                0x0000000008002ad0                uart_sendPrintf
 .text.flash_initParams
                0x0000000008002afc       0x28 ./src/main.o
                0x0000000008002afc                flash_initParams
 .text.flash_readApplicationParams
                0x0000000008002b24       0x2a ./src/main.o
                0x0000000008002b24                flash_readApplicationParams
 *fill*         0x0000000008002b4e        0x2 
 .text.flash_writeData
                0x0000000008002b50       0x64 ./src/main.o
                0x0000000008002b50                flash_writeData
 .text.flash_synchronizeData
                0x0000000008002bb4       0x9c ./src/main.o
                0x0000000008002bb4                flash_synchronizeData
 .text.HAL_UART_TxCpltCallback
                0x0000000008002c50        0xc ./src/main.o
                0x0000000008002c50                HAL_UART_TxCpltCallback
 .text.HAL_UART_RxCpltCallback
                0x0000000008002c5c       0x5c ./src/main.o
                0x0000000008002c5c                HAL_UART_RxCpltCallback
 .text.uart_sendDMA
                0x0000000008002cb8       0x30 ./src/main.o
                0x0000000008002cb8                uart_sendDMA
 .text.ws2812_setColorOne
                0x0000000008002ce8       0xb8 ./src/main.o
                0x0000000008002ce8                ws2812_setColorOne
 .text.ws2812_setColorAll
                0x0000000008002da0       0xa4 ./src/main.o
                0x0000000008002da0                ws2812_setColorAll
 .text.ws2812_setColorOne_color
                0x0000000008002e44       0x14 ./src/main.o
                0x0000000008002e44                ws2812_setColorOne_color
 .text.ws2812_getWheel
                0x0000000008002e58       0x50 ./src/main.o
                0x0000000008002e58                ws2812_getWheel
 .text.bt_getCommandPtr
                0x0000000008002ea8       0x28 ./src/main.o
                0x0000000008002ea8                bt_getCommandPtr
 .text.bt_sendFlashParams
                0x0000000008002ed0       0x10 ./src/main.o
                0x0000000008002ed0                bt_sendFlashParams
 .text.bt_handleIncoming
                0x0000000008002ee0      0x15c ./src/main.o
                0x0000000008002ee0                bt_handleIncoming
 .text.uart_fullStringReceived
                0x000000000800303c       0x2c ./src/main.o
                0x000000000800303c                uart_fullStringReceived
 .text.startup.main
                0x0000000008003068      0x424 ./src/main.o
                0x0000000008003068                main
 .text.HAL_UART_MspInit
                0x000000000800348c      0x180 ./src/stm32f0xx_hal_msp.o
                0x000000000800348c                HAL_UART_MspInit
 .text.HAL_UART_MspDeInit
                0x000000000800360c       0x9c ./src/stm32f0xx_hal_msp.o
                0x000000000800360c                HAL_UART_MspDeInit
 .text.HAL_TIM_PWM_MspInit
                0x00000000080036a8       0xa0 ./src/stm32f0xx_hal_msp.o
                0x00000000080036a8                HAL_TIM_PWM_MspInit
 .text.HAL_SPI_MspInit
                0x0000000008003748       0x98 ./src/stm32f0xx_hal_msp.o
                0x0000000008003748                HAL_SPI_MspInit
 .text.NMI_Handler
                0x00000000080037e0        0x2 ./src/stm32f0xx_it.o
                0x00000000080037e0                NMI_Handler
 .text.HardFault_Handler
                0x00000000080037e2        0x2 ./src/stm32f0xx_it.o
                0x00000000080037e2                HardFault_Handler
 .text.SVC_Handler
                0x00000000080037e4        0x2 ./src/stm32f0xx_it.o
                0x00000000080037e4                SVC_Handler
 .text.PendSV_Handler
                0x00000000080037e6        0x2 ./src/stm32f0xx_it.o
                0x00000000080037e6                PendSV_Handler
 .text.SysTick_Handler
                0x00000000080037e8        0x8 ./src/stm32f0xx_it.o
                0x00000000080037e8                SysTick_Handler
 .text.DMA1_Channel2_3_IRQHandler
                0x00000000080037f0       0x18 ./src/stm32f0xx_it.o
                0x00000000080037f0                DMA1_Channel2_3_IRQHandler
 .text.USART1_IRQHandler
                0x0000000008003808       0x10 ./src/stm32f0xx_it.o
                0x0000000008003808                USART1_IRQHandler
 .text.DMA1_Channel4_5_6_7_IRQHandler
                0x0000000008003818       0x10 ./src/stm32f0xx_it.o
                0x0000000008003818                DMA1_Channel4_5_6_7_IRQHandler
 .text          0x0000000008003828       0x14 /Developer/Eclipse/gcc-arm-none-eabi-4_9-2015q2/bin/../lib/gcc/arm-none-eabi/4.9.3/armv6-m/libgcc.a(_thumb1_case_uqi.o)
                0x0000000008003828                __gnu_thumb1_case_uqi
 .text          0x000000000800383c      0x120 /Developer/Eclipse/gcc-arm-none-eabi-4_9-2015q2/bin/../lib/gcc/arm-none-eabi/4.9.3/armv6-m/libgcc.a(_udivsi3.o)
                0x000000000800383c                __udivsi3
                0x000000000800383c                __aeabi_uidiv
                0x0000000008003948                __aeabi_uidivmod
 .text          0x000000000800395c        0x4 /Developer/Eclipse/gcc-arm-none-eabi-4_9-2015q2/bin/../lib/gcc/arm-none-eabi/4.9.3/armv6-m/libgcc.a(_dvmd_tls.o)
                0x000000000800395c                __aeabi_ldiv0
                0x000000000800395c                __aeabi_idiv0
 .text          0x0000000008003960       0x40 /Developer/Eclipse/gcc-arm-none-eabi-4_9-2015q2/bin/../lib/gcc/arm-none-eabi/4.9.3/armv6-m/libgcc.a(_aeabi_uldivmod.o)
                0x0000000008003960                __aeabi_uldivmod
 .text          0x00000000080039a0       0x6c /Developer/Eclipse/gcc-arm-none-eabi-4_9-2015q2/bin/../lib/gcc/arm-none-eabi/4.9.3/armv6-m/libgcc.a(bpabi.o)
                0x00000000080039a0                __gnu_ldivmod_helper
                0x00000000080039d8                __gnu_uldivmod_helper
 .text          0x0000000008003a0c       0x3c /Developer/Eclipse/gcc-arm-none-eabi-4_9-2015q2/bin/../lib/gcc/arm-none-eabi/4.9.3/armv6-m/libgcc.a(_clzsi2.o)
                0x0000000008003a0c                __clzsi2
 .text          0x0000000008003a48       0x54 /Developer/Eclipse/gcc-arm-none-eabi-4_9-2015q2/bin/../lib/gcc/arm-none-eabi/4.9.3/armv6-m/libgcc.a(_muldi3.o)
                0x0000000008003a48                __aeabi_lmul
                0x0000000008003a48                __muldi3
 .text          0x0000000008003a9c      0x1f0 /Developer/Eclipse/gcc-arm-none-eabi-4_9-2015q2/bin/../lib/gcc/arm-none-eabi/4.9.3/armv6-m/libgcc.a(_divdi3.o)
                0x0000000008003a9c                __divdi3
 .text          0x0000000008003c8c      0x158 /Developer/Eclipse/gcc-arm-none-eabi-4_9-2015q2/bin/../lib/gcc/arm-none-eabi/4.9.3/armv6-m/libgcc.a(_udivdi3.o)
                0x0000000008003c8c                __udivdi3
 .text          0x0000000008003de4       0x18 /Developer/Eclipse/gcc-arm-none-eabi-4_9-2015q2/bin/../lib/gcc/arm-none-eabi/4.9.3/armv6-m/libgcc.a(_clzdi2.o)
                0x0000000008003de4                __clzdi2
 .text.atoi     0x0000000008003dfc        0xc /Developer/Eclipse/gcc-arm-none-eabi-4_9-2015q2/bin/../lib/gcc/arm-none-eabi/4.9.3/../../../../arm-none-eabi/lib/armv6-m/libg_nano.a(lib_a-atoi.o)
                0x0000000008003dfc                atoi
 .text.calloc   0x0000000008003e08       0x18 /Developer/Eclipse/gcc-arm-none-eabi-4_9-2015q2/bin/../lib/gcc/arm-none-eabi/4.9.3/../../../../arm-none-eabi/lib/armv6-m/libg_nano.a(lib_a-calloc.o)
                0x0000000008003e08                calloc
 .text.__errno  0x0000000008003e20        0xc /Developer/Eclipse/gcc-arm-none-eabi-4_9-2015q2/bin/../lib/gcc/arm-none-eabi/4.9.3/../../../../arm-none-eabi/lib/armv6-m/libg_nano.a(lib_a-errno.o)
                0x0000000008003e20                __errno
 .text.free     0x0000000008003e2c       0x14 /Developer/Eclipse/gcc-arm-none-eabi-4_9-2015q2/bin/../lib/gcc/arm-none-eabi/4.9.3/../../../../arm-none-eabi/lib/armv6-m/libg_nano.a(lib_a-malloc.o)
                0x0000000008003e2c                free
 .text.memcpy   0x0000000008003e40       0x12 /Developer/Eclipse/gcc-arm-none-eabi-4_9-2015q2/bin/../lib/gcc/arm-none-eabi/4.9.3/../../../../arm-none-eabi/lib/armv6-m/libg_nano.a(lib_a-memcpy.o)
                0x0000000008003e40                memcpy
 .text.memset   0x0000000008003e52       0x10 /Developer/Eclipse/gcc-arm-none-eabi-4_9-2015q2/bin/../lib/gcc/arm-none-eabi/4.9.3/../../../../arm-none-eabi/lib/armv6-m/libg_nano.a(lib_a-memset.o)
                0x0000000008003e52                memset
 .text._calloc_r
                0x0000000008003e62       0x1c /Developer/Eclipse/gcc-arm-none-eabi-4_9-2015q2/bin/../lib/gcc/arm-none-eabi/4.9.3/../../../../arm-none-eabi/lib/armv6-m/libg_nano.a(lib_a-nano-callocr.o)
                0x0000000008003e62                _calloc_r
 *fill*         0x0000000008003e7e        0x2 
 .text._free_r  0x0000000008003e80       0x8c /Developer/Eclipse/gcc-arm-none-eabi-4_9-2015q2/bin/../lib/gcc/arm-none-eabi/4.9.3/../../../../arm-none-eabi/lib/armv6-m/libg_nano.a(lib_a-nano-freer.o)
                0x0000000008003e80                _free_r
 .text._malloc_r
                0x0000000008003f0c       0xb0 /Developer/Eclipse/gcc-arm-none-eabi-4_9-2015q2/bin/../lib/gcc/arm-none-eabi/4.9.3/../../../../arm-none-eabi/lib/armv6-m/libg_nano.a(lib_a-nano-mallocr.o)
                0x0000000008003f0c                _malloc_r
 .text.realloc  0x0000000008003fbc       0x18 /Developer/Eclipse/gcc-arm-none-eabi-4_9-2015q2/bin/../lib/gcc/arm-none-eabi/4.9.3/../../../../arm-none-eabi/lib/armv6-m/libg_nano.a(lib_a-realloc.o)
                0x0000000008003fbc                realloc
 .text._sbrk_r  0x0000000008003fd4       0x24 /Developer/Eclipse/gcc-arm-none-eabi-4_9-2015q2/bin/../lib/gcc/arm-none-eabi/4.9.3/../../../../arm-none-eabi/lib/armv6-m/libg_nano.a(lib_a-sbrkr.o)
                0x0000000008003fd4                _sbrk_r
 .text.snprintf
                0x0000000008003ff8       0x68 /Developer/Eclipse/gcc-arm-none-eabi-4_9-2015q2/bin/../lib/gcc/arm-none-eabi/4.9.3/../../../../arm-none-eabi/lib/armv6-m/libg_nano.a(lib_a-snprintf.o)
                0x0000000008003ff8                snprintf
                0x0000000008003ff8                sniprintf
 .text.strdup   0x0000000008004060       0x14 /Developer/Eclipse/gcc-arm-none-eabi-4_9-2015q2/bin/../lib/gcc/arm-none-eabi/4.9.3/../../../../arm-none-eabi/lib/armv6-m/libg_nano.a(lib_a-strdup.o)
                0x0000000008004060                strdup
 .text._strdup_r
                0x0000000008004074       0x26 /Developer/Eclipse/gcc-arm-none-eabi-4_9-2015q2/bin/../lib/gcc/arm-none-eabi/4.9.3/../../../../arm-none-eabi/lib/armv6-m/libg_nano.a(lib_a-strdup_r.o)
                0x0000000008004074                _strdup_r
 .text.strlen   0x000000000800409a        0xe /Developer/Eclipse/gcc-arm-none-eabi-4_9-2015q2/bin/../lib/gcc/arm-none-eabi/4.9.3/../../../../arm-none-eabi/lib/armv6-m/libg_nano.a(lib_a-strlen.o)
                0x000000000800409a                strlen
 .text.strstr   0x00000000080040a8       0x36 /Developer/Eclipse/gcc-arm-none-eabi-4_9-2015q2/bin/../lib/gcc/arm-none-eabi/4.9.3/../../../../arm-none-eabi/lib/armv6-m/libg_nano.a(lib_a-strstr.o)
                0x00000000080040a8                strstr
 .text.__strtok_r
                0x00000000080040de       0x5e /Developer/Eclipse/gcc-arm-none-eabi-4_9-2015q2/bin/../lib/gcc/arm-none-eabi/4.9.3/../../../../arm-none-eabi/lib/armv6-m/libg_nano.a(lib_a-strtok_r.o)
                0x00000000080040de                __strtok_r
 .text.strtok_r
                0x000000000800413c        0xa /Developer/Eclipse/gcc-arm-none-eabi-4_9-2015q2/bin/../lib/gcc/arm-none-eabi/4.9.3/../../../../arm-none-eabi/lib/armv6-m/libg_nano.a(lib_a-strtok_r.o)
                0x000000000800413c                strtok_r
 *fill*         0x0000000008004146        0x2 
 .text._strtol_r
                0x0000000008004148      0x120 /Developer/Eclipse/gcc-arm-none-eabi-4_9-2015q2/bin/../lib/gcc/arm-none-eabi/4.9.3/../../../../arm-none-eabi/lib/armv6-m/libg_nano.a(lib_a-strtol.o)
                0x0000000008004148                _strtol_r
 .text.strtol   0x0000000008004268       0x1c /Developer/Eclipse/gcc-arm-none-eabi-4_9-2015q2/bin/../lib/gcc/arm-none-eabi/4.9.3/../../../../arm-none-eabi/lib/armv6-m/libg_nano.a(lib_a-strtol.o)
                0x0000000008004268                strtol
 .text._realloc_r
                0x0000000008004284       0x4c /Developer/Eclipse/gcc-arm-none-eabi-4_9-2015q2/bin/../lib/gcc/arm-none-eabi/4.9.3/../../../../arm-none-eabi/lib/armv6-m/libg_nano.a(lib_a-nano-reallocr.o)
                0x0000000008004284                _realloc_r
 .text.__ssputs_r
                0x00000000080042d0       0xc0 /Developer/Eclipse/gcc-arm-none-eabi-4_9-2015q2/bin/../lib/gcc/arm-none-eabi/4.9.3/../../../../arm-none-eabi/lib/armv6-m/libg_nano.a(lib_a-nano-svfprintf.o)
                0x00000000080042d0                __ssputs_r
 .text._svfprintf_r
                0x0000000008004390      0x1ec /Developer/Eclipse/gcc-arm-none-eabi-4_9-2015q2/bin/../lib/gcc/arm-none-eabi/4.9.3/../../../../arm-none-eabi/lib/armv6-m/libg_nano.a(lib_a-nano-svfprintf.o)
                0x0000000008004390                _svfprintf_r
                0x0000000008004390                _svfiprintf_r
 .text._printf_common
                0x000000000800457c       0xdc /Developer/Eclipse/gcc-arm-none-eabi-4_9-2015q2/bin/../lib/gcc/arm-none-eabi/4.9.3/../../../../arm-none-eabi/lib/armv6-m/libg_nano.a(lib_a-nano-vfprintf_i.o)
                0x000000000800457c                _printf_common
 .text._printf_i
                0x0000000008004658      0x230 /Developer/Eclipse/gcc-arm-none-eabi-4_9-2015q2/bin/../lib/gcc/arm-none-eabi/4.9.3/../../../../arm-none-eabi/lib/armv6-m/libg_nano.a(lib_a-nano-vfprintf_i.o)
                0x0000000008004658                _printf_i
 .text.memchr   0x0000000008004888       0x16 /Developer/Eclipse/gcc-arm-none-eabi-4_9-2015q2/bin/../lib/gcc/arm-none-eabi/4.9.3/../../../../arm-none-eabi/lib/armv6-m/libg_nano.a(lib_a-memchr.o)
                0x0000000008004888                memchr
 .text.memmove  0x000000000800489e       0x28 /Developer/Eclipse/gcc-arm-none-eabi-4_9-2015q2/bin/../lib/gcc/arm-none-eabi/4.9.3/../../../../arm-none-eabi/lib/armv6-m/libg_nano.a(lib_a-memmove.o)
                0x000000000800489e                memmove
 .text._malloc_usable_size_r
                0x00000000080048c6       0x16 /Developer/Eclipse/gcc-arm-none-eabi-4_9-2015q2/bin/../lib/gcc/arm-none-eabi/4.9.3/../../../../arm-none-eabi/lib/armv6-m/libg_nano.a(lib_a-nano-msizer.o)
                0x00000000080048c6                _malloc_usable_size_r
 *(.rodata .rodata.*)
 .rodata        0x00000000080048dc       0x20 ./stm32haldev/system/STM32F0xx_HAL_Driver/Src/stm32f0xx_hal_rcc.o
 .rodata.aAPBAHBPrescTable
                0x00000000080048fc       0x10 ./stm32haldev/system/STM32F0xx_HAL_Driver/Src/stm32f0xx_hal_rcc.o
                0x00000000080048fc                aAPBAHBPrescTable
 .rodata.CSWTCH.30
                0x000000000800490c        0x4 ./stm32haldev/system/STM32F0xx_HAL_Driver/Src/stm32f0xx_hal_uart.o
 .rodata.str1.1
                0x0000000008004910       0x8e ./stm32haldev/stm32dev/src/general/stm32dev_flash_s25fl208.o
                                         0x91 (size before relaxing)
 .rodata.str1.1
                0x000000000800499e       0x11 ./stm32haldev/stm32dev/src/general/stm32dev_general.o
                                         0x16 (size before relaxing)
 .rodata.bt_command_setRGBCount
                0x00000000080049af        0xc ./src/main.o
                0x00000000080049af                bt_command_setRGBCount
 .rodata.bt_command_setColorPattern
                0x00000000080049bb       0x10 ./src/main.o
                0x00000000080049bb                bt_command_setColorPattern
 .rodata.bt_command_getPrintfOn
                0x00000000080049cb        0xc ./src/main.o
                0x00000000080049cb                bt_command_getPrintfOn
 .rodata.bt_command_setRGB
                0x00000000080049d7        0x7 ./src/main.o
                0x00000000080049d7                bt_command_setRGB
 .rodata.bt_command_getRGB
                0x00000000080049de        0x7 ./src/main.o
                0x00000000080049de                bt_command_getRGB
 .rodata.bt_command_setAnimation
                0x00000000080049e5        0xd ./src/main.o
                0x00000000080049e5                bt_command_setAnimation
 .rodata.bt_command_getRGBMax
                0x00000000080049f2        0xa ./src/main.o
                0x00000000080049f2                bt_command_getRGBMax
 .rodata.bt_command_setRTC
                0x00000000080049fc        0x7 ./src/main.o
                0x00000000080049fc                bt_command_setRTC
 .rodata.bt_command_getColorPattern
                0x0000000008004a03       0x10 ./src/main.o
                0x0000000008004a03                bt_command_getColorPattern
 .rodata.bt_command_getFlashParams
                0x0000000008004a13        0xf ./src/main.o
                0x0000000008004a13                bt_command_getFlashParams
 .rodata.bt_command_setPrintfEnabled
                0x0000000008004a22       0x11 ./src/main.o
                0x0000000008004a22                bt_command_setPrintfEnabled
 .rodata.bt_command_getRTC
                0x0000000008004a33        0x7 ./src/main.o
                0x0000000008004a33                bt_command_getRTC
 .rodata.bt_command_getAnimation
                0x0000000008004a3a        0xd ./src/main.o
                0x0000000008004a3a                bt_command_getAnimation
 .rodata.bt_command_getTemp
                0x0000000008004a47        0x8 ./src/main.o
                0x0000000008004a47                bt_command_getTemp
 .rodata.bt_command_getFirmwareVersion
                0x0000000008004a4f       0x13 ./src/main.o
                0x0000000008004a4f                bt_command_getFirmwareVersion
 .rodata.bt_command_getRGBCount
                0x0000000008004a62        0xc ./src/main.o
                0x0000000008004a62                bt_command_getRGBCount
 .rodata.bt_command_getAnalog
                0x0000000008004a6e        0xa ./src/main.o
                0x0000000008004a6e                bt_command_getAnalog
 .rodata.str1.1
                0x0000000008004a78      0x14b ./src/main.o
                                        0x15e (size before relaxing)
 .rodata.bt_command_getAnimationOn
                0x0000000008004bc3        0xf ./src/main.o
                0x0000000008004bc3                bt_command_getAnimationOn
 .rodata.str1.1
                0x0000000008004bd2        0x2 /Developer/Eclipse/gcc-arm-none-eabi-4_9-2015q2/bin/../lib/gcc/arm-none-eabi/4.9.3/../../../../arm-none-eabi/lib/armv6-m/libg_nano.a(lib_a-impure.o)
 .rodata._ctype_
                0x0000000008004bd4      0x101 /Developer/Eclipse/gcc-arm-none-eabi-4_9-2015q2/bin/../lib/gcc/arm-none-eabi/4.9.3/../../../../arm-none-eabi/lib/armv6-m/libg_nano.a(lib_a-ctype_.o)
                0x0000000008004bd4                _ctype_
 .rodata.str1.1
                0x0000000008004cd5       0x11 /Developer/Eclipse/gcc-arm-none-eabi-4_9-2015q2/bin/../lib/gcc/arm-none-eabi/4.9.3/../../../../arm-none-eabi/lib/armv6-m/libg_nano.a(lib_a-nano-svfprintf.o)
 .rodata.str1.1
                0x0000000008004ce6       0x22 /Developer/Eclipse/gcc-arm-none-eabi-4_9-2015q2/bin/../lib/gcc/arm-none-eabi/4.9.3/../../../../arm-none-eabi/lib/armv6-m/libg_nano.a(lib_a-nano-vfprintf_i.o)
 *(vtable)
 *(.eh_frame*)
 *(.glue_7)
 .glue_7        0x0000000000000000        0x0 linker stubs
 *(.glue_7t)
 .glue_7t       0x0000000000000000        0x0 linker stubs

.vfp11_veneer   0x0000000008004d08        0x0
 .vfp11_veneer  0x0000000000000000        0x0 linker stubs

.v4_bx          0x0000000008004d08        0x0
 .v4_bx         0x0000000000000000        0x0 linker stubs

.iplt           0x0000000008004d08        0x0
 .iplt          0x0000000000000000        0x0 ./stm32haldev/system/src/newlib/_exit.o

.ARM.extab
 *(.ARM.extab* .gnu.linkonce.armextab.*)
                0x0000000008004d08                __exidx_start = .

.ARM.exidx      0x0000000008004d08        0x8
 *(.ARM.exidx* .gnu.linkonce.armexidx.*)
 .ARM.exidx     0x0000000008004d08        0x8 /Developer/Eclipse/gcc-arm-none-eabi-4_9-2015q2/bin/../lib/gcc/arm-none-eabi/4.9.3/armv6-m/libgcc.a(_divdi3.o)
 .ARM.exidx     0x0000000008004d10        0x0 /Developer/Eclipse/gcc-arm-none-eabi-4_9-2015q2/bin/../lib/gcc/arm-none-eabi/4.9.3/armv6-m/libgcc.a(_udivdi3.o)
                                          0x8 (size before relaxing)
                0x0000000008004d10                __exidx_end = .

.rel.dyn        0x0000000008004d10        0x0
 .rel.iplt      0x0000000000000000        0x0 ./stm32haldev/system/src/newlib/_exit.o
                0x0000000008004d10                . = ALIGN (0x4)
                0x0000000008004d10                _etext = .
                0x0000000008004d10                __etext = .
                0x0000000008004d10                _sidata = _etext

.data           0x0000000020000000       0xd4 load address 0x0000000008004d10
                0x0000000020000000                . = ALIGN (0x4)
                0x0000000020000000                _sdata = .
                0x0000000020000000                __data_start__ = .
 *(.data_begin .data_begin.*)
 .data_begin    0x0000000020000000        0x4 ./stm32haldev/system/src/newlib/_startup.o
 *(.data .data.*)
 .data.argv.4157
                0x0000000020000004        0x8 ./stm32haldev/system/src/newlib/_syscalls.o
 .data.AHBPrescTable
                0x000000002000000c       0x10 ./stm32haldev/system/CMSIS/Device/ST/STM32F0xx/Source/system/system_stm32f0xx.o
                0x000000002000000c                AHBPrescTable
 .data.SystemCoreClock
                0x000000002000001c        0x4 ./stm32haldev/system/CMSIS/Device/ST/STM32F0xx/Source/system/system_stm32f0xx.o
                0x000000002000001c                SystemCoreClock
 .data.bt_commandlist
                0x0000000020000020       0x48 ./src/main.o
                0x0000000020000020                bt_commandlist
 .data.impure_data
                0x0000000020000068       0x60 /Developer/Eclipse/gcc-arm-none-eabi-4_9-2015q2/bin/../lib/gcc/arm-none-eabi/4.9.3/../../../../arm-none-eabi/lib/armv6-m/libg_nano.a(lib_a-impure.o)
 .data._impure_ptr
                0x00000000200000c8        0x4 /Developer/Eclipse/gcc-arm-none-eabi-4_9-2015q2/bin/../lib/gcc/arm-none-eabi/4.9.3/../../../../arm-none-eabi/lib/armv6-m/libg_nano.a(lib_a-impure.o)
                0x00000000200000c8                _impure_ptr
 .data.__ctype_ptr__
                0x00000000200000cc        0x4 /Developer/Eclipse/gcc-arm-none-eabi-4_9-2015q2/bin/../lib/gcc/arm-none-eabi/4.9.3/../../../../arm-none-eabi/lib/armv6-m/libg_nano.a(lib_a-ctype_.o)
                0x00000000200000cc                __ctype_ptr__
 *(.data_end .data_end.*)
 .data_end      0x00000000200000d0        0x4 ./stm32haldev/system/src/newlib/_startup.o
                0x00000000200000d4                . = ALIGN (0x4)
                0x00000000200000d4                _edata = .
                0x00000000200000d4                __data_end__ = .

.igot.plt       0x00000000200000d4        0x0 load address 0x0000000008004de4
 .igot.plt      0x0000000000000000        0x0 ./stm32haldev/system/src/newlib/_exit.o

.bss            0x00000000200000d4     0x17c8 load address 0x0000000008004de4
                0x00000000200000d4                . = ALIGN (0x4)
                0x00000000200000d4                __bss_start__ = .
                0x00000000200000d4                _sbss = .
 *(.bss_begin .bss_begin.*)
 .bss_begin     0x00000000200000d4        0x4 ./stm32haldev/system/src/newlib/_startup.o
 *(.bss .bss.*)
 .bss.current_heap_end.3862
                0x00000000200000d8        0x4 ./stm32haldev/system/src/newlib/_sbrk.o
 .bss.name.4156
                0x00000000200000dc        0x1 ./stm32haldev/system/src/newlib/_syscalls.o
 *fill*         0x00000000200000dd        0x3 
 .bss.uwTick    0x00000000200000e0        0x4 ./stm32haldev/system/STM32F0xx_HAL_Driver/Src/stm32f0xx_hal.o
 .bss._printfRoutine
                0x00000000200000e4        0x4 ./stm32haldev/stm32dev/src/general/stm32dev_flash_s25fl208.o
 .bss._rxBufferSize
                0x00000000200000e8        0x4 ./stm32haldev/stm32dev/src/general/stm32dev_flash_s25fl208.o
 .bss._SPI_CS_PIN
                0x00000000200000ec        0x1 ./stm32haldev/stm32dev/src/general/stm32dev_flash_s25fl208.o
 *fill*         0x00000000200000ed        0x3 
 .bss._txBufferSize
                0x00000000200000f0        0x4 ./stm32haldev/stm32dev/src/general/stm32dev_flash_s25fl208.o
 .bss._SPI_CS_PORT
                0x00000000200000f4        0x4 ./stm32haldev/stm32dev/src/general/stm32dev_flash_s25fl208.o
 .bss._txBuffer
                0x00000000200000f8        0x4 ./stm32haldev/stm32dev/src/general/stm32dev_flash_s25fl208.o
 .bss._spiHandle
                0x00000000200000fc        0x4 ./stm32haldev/stm32dev/src/general/stm32dev_flash_s25fl208.o
 .bss._rxBuffer
                0x0000000020000100        0x4 ./stm32haldev/stm32dev/src/general/stm32dev_flash_s25fl208.o
 .bss.retVal.5786
                0x0000000020000104       0x10 ./stm32haldev/stm32dev/src/general/stm32dev_general.o
 .bss.retVal.5790
                0x0000000020000114        0x3 ./stm32haldev/stm32dev/src/general/stm32dev_general.o
 .bss.str.5760  0x0000000020000117       0x10 ./stm32haldev/stm32dev/src/general/stm32dev_general.o
 *fill*         0x0000000020000127        0x1 
 .bss.uhTimerPeriod
                0x0000000020000128        0x4 ./src/main.o
                0x0000000020000128                uhTimerPeriod
 .bss.bt_fullStringReceived
                0x000000002000012c        0x1 ./src/main.o
                0x000000002000012c                bt_fullStringReceived
 .bss.uart_receivenumber
                0x000000002000012d        0x1 ./src/main.o
                0x000000002000012d                uart_receivenumber
 *fill*         0x000000002000012e        0x2 
 .bss.GPIO_InitStruct
                0x0000000020000130       0x14 ./src/main.o
 .bss.UartReady
                0x0000000020000144        0x1 ./src/main.o
                0x0000000020000144                UartReady
 *fill*         0x0000000020000145        0x3 
 .bss.hdma_tim.8849
                0x0000000020000148       0x38 ./src/stm32f0xx_hal_msp.o
 .bss.hdma_rx.8832
                0x0000000020000180       0x38 ./src/stm32f0xx_hal_msp.o
 .bss.hdma_tx.8831
                0x00000000200001b8       0x38 ./src/stm32f0xx_hal_msp.o
 .bss.__malloc_sbrk_start
                0x00000000200001f0        0x4 /Developer/Eclipse/gcc-arm-none-eabi-4_9-2015q2/bin/../lib/gcc/arm-none-eabi/4.9.3/../../../../arm-none-eabi/lib/armv6-m/libg_nano.a(lib_a-nano-mallocr.o)
                0x00000000200001f0                __malloc_sbrk_start
 .bss.__malloc_free_list
                0x00000000200001f4        0x4 /Developer/Eclipse/gcc-arm-none-eabi-4_9-2015q2/bin/../lib/gcc/arm-none-eabi/4.9.3/../../../../arm-none-eabi/lib/armv6-m/libg_nano.a(lib_a-nano-mallocr.o)
                0x00000000200001f4                __malloc_free_list
 *(COMMON)
 COMMON         0x00000000200001f8        0x4 ./stm32haldev/system/src/newlib/_syscalls.o
                0x00000000200001f8                errno
 COMMON         0x00000000200001fc     0x169c ./src/main.o
                0x00000000200001fc                aCCValue_Buffer
                0x0000000020001034                uart_receivebuffer
                0x00000000200010fc                flash_applicationParams
                0x0000000020001110                UartHandle
                0x0000000020001180                FLASH_rxbuffer
                0x0000000020001394                UartHandle_printf
                0x0000000020001404                bt_rgbColors
                0x00000000200015c6                uart_receiveChar
                0x00000000200015c8                SpiHandle
                0x000000002000162c                sConfig
                0x0000000020001648                FLASH_txbuffer
                0x000000002000185c                TimHandle
 *(.bss_end .bss_end.*)
 .bss_end       0x0000000020001898        0x4 ./stm32haldev/system/src/newlib/_startup.o
                0x000000002000189c                . = ALIGN (0x4)
                0x000000002000189c                __bss_end__ = .
                0x000000002000189c                _ebss = .

.noinit         0x000000002000189c        0x0
                0x000000002000189c                . = ALIGN (0x4)
                0x000000002000189c                _noinit = .
 *(.noinit .noinit.*)
                0x000000002000189c                . = ALIGN (0x4)
                0x000000002000189c                _end_noinit = .
                0x000000002000189c                PROVIDE (end, _end_noinit)
                0x000000002000189c                PROVIDE (_end, _end_noinit)
                0x000000002000189c                PROVIDE (__end, _end_noinit)
                0x000000002000189c                PROVIDE (__end__, _end_noinit)

._check_stack   0x000000002000189c      0x100 load address 0x00000000080065ac
                0x000000002000189c                . = ALIGN (0x4)
                0x000000002000199c                . = (. + _Minimum_Stack_Size)
 *fill*         0x000000002000189c      0x100 
                0x000000002000199c                . = ALIGN (0x4)

.bss_CCMRAM
 *(.bss.CCMRAM .bss.CCMRAM.*)

.b1text
 *(.b1text)
 *(.b1rodata)
 *(.b1rodata.*)

.eb0text
 *(.eb0text)
 *(.eb0rodata)
 *(.eb0rodata.*)

.eb1text
 *(.eb1text)
 *(.eb1rodata)
 *(.eb1rodata.*)

.eb2text
 *(.eb2text)
 *(.eb2rodata)
 *(.eb2rodata.*)

.eb3text
 *(.eb3text)
 *(.eb3rodata)
 *(.eb3rodata.*)

.stab
 *(.stab)

.stabstr
 *(.stabstr)

.stab.excl
 *(.stab.excl)

.stab.exclstr
 *(.stab.exclstr)

.stab.index
 *(.stab.index)

.stab.indexstr
 *(.stab.indexstr)

.comment        0x0000000000000000       0x70
 *(.comment)
 .comment       0x0000000000000000       0x70 ./stm32haldev/system/src/newlib/_exit.o
                                         0x71 (size before relaxing)
 .comment       0x0000000000000000       0x71 ./stm32haldev/system/src/newlib/_sbrk.o
 .comment       0x0000000000000000       0x71 ./stm32haldev/system/src/newlib/_startup.o
 .comment       0x0000000000000000       0x71 ./stm32haldev/system/src/newlib/_syscalls.o
 .comment       0x0000000000000000       0x71 ./stm32haldev/system/src/cortexm/_initialize_hardware.o
 .comment       0x0000000000000000       0x71 ./stm32haldev/system/src/cortexm/exception_handlers.o
 .comment       0x0000000000000000       0x71 ./stm32haldev/system/STM32F0xx_HAL_Driver/Src/stm32f0xx_hal.o
 .comment       0x0000000000000000       0x71 ./stm32haldev/system/STM32F0xx_HAL_Driver/Src/stm32f0xx_hal_cortex.o
 .comment       0x0000000000000000       0x71 ./stm32haldev/system/STM32F0xx_HAL_Driver/Src/stm32f0xx_hal_dma.o
 .comment       0x0000000000000000       0x71 ./stm32haldev/system/STM32F0xx_HAL_Driver/Src/stm32f0xx_hal_gpio.o
 .comment       0x0000000000000000       0x71 ./stm32haldev/system/STM32F0xx_HAL_Driver/Src/stm32f0xx_hal_msp_template.o
 .comment       0x0000000000000000       0x71 ./stm32haldev/system/STM32F0xx_HAL_Driver/Src/stm32f0xx_hal_rcc.o
 .comment       0x0000000000000000       0x71 ./stm32haldev/system/STM32F0xx_HAL_Driver/Src/stm32f0xx_hal_spi.o
 .comment       0x0000000000000000       0x71 ./stm32haldev/system/STM32F0xx_HAL_Driver/Src/stm32f0xx_hal_tim.o
 .comment       0x0000000000000000       0x71 ./stm32haldev/system/STM32F0xx_HAL_Driver/Src/stm32f0xx_hal_uart.o
 .comment       0x0000000000000000       0x71 ./stm32haldev/system/STM32F0xx_HAL_Driver/Src/stm32f0xx_hal_uart_ex.o
 .comment       0x0000000000000000       0x71 ./stm32haldev/system/CMSIS/Device/ST/STM32F0xx/Source/system/system_stm32f0xx.o
 .comment       0x0000000000000000       0x71 ./stm32haldev/stm32dev/src/general/stm32dev_flash_s25fl208.o
 .comment       0x0000000000000000       0x71 ./stm32haldev/stm32dev/src/general/stm32dev_general.o
 .comment       0x0000000000000000       0x71 ./src/main.o
 .comment       0x0000000000000000       0x71 ./src/stm32f0xx_hal_msp.o
 .comment       0x0000000000000000       0x71 ./src/stm32f0xx_it.o

.ARM.attributes
                0x0000000000000000       0x2f
 .ARM.attributes
                0x0000000000000000       0x31 ./stm32haldev/system/src/newlib/_exit.o
 .ARM.attributes
                0x0000000000000031       0x31 ./stm32haldev/system/src/newlib/_sbrk.o
 .ARM.attributes
                0x0000000000000062       0x31 ./stm32haldev/system/src/newlib/_startup.o
 .ARM.attributes
                0x0000000000000093       0x31 ./stm32haldev/system/src/newlib/_syscalls.o
 .ARM.attributes
                0x00000000000000c4       0x31 ./stm32haldev/system/src/cortexm/_initialize_hardware.o
 .ARM.attributes
                0x00000000000000f5       0x31 ./stm32haldev/system/src/cortexm/exception_handlers.o
 .ARM.attributes
                0x0000000000000126       0x31 ./stm32haldev/system/STM32F0xx_HAL_Driver/Src/stm32f0xx_hal.o
 .ARM.attributes
                0x0000000000000157       0x31 ./stm32haldev/system/STM32F0xx_HAL_Driver/Src/stm32f0xx_hal_cortex.o
 .ARM.attributes
                0x0000000000000188       0x31 ./stm32haldev/system/STM32F0xx_HAL_Driver/Src/stm32f0xx_hal_dma.o
 .ARM.attributes
                0x00000000000001b9       0x31 ./stm32haldev/system/STM32F0xx_HAL_Driver/Src/stm32f0xx_hal_gpio.o
 .ARM.attributes
                0x00000000000001ea       0x31 ./stm32haldev/system/STM32F0xx_HAL_Driver/Src/stm32f0xx_hal_msp_template.o
 .ARM.attributes
                0x000000000000021b       0x31 ./stm32haldev/system/STM32F0xx_HAL_Driver/Src/stm32f0xx_hal_rcc.o
 .ARM.attributes
                0x000000000000024c       0x31 ./stm32haldev/system/STM32F0xx_HAL_Driver/Src/stm32f0xx_hal_spi.o
 .ARM.attributes
                0x000000000000027d       0x31 ./stm32haldev/system/STM32F0xx_HAL_Driver/Src/stm32f0xx_hal_tim.o
 .ARM.attributes
                0x00000000000002ae       0x31 ./stm32haldev/system/STM32F0xx_HAL_Driver/Src/stm32f0xx_hal_uart.o
 .ARM.attributes
                0x00000000000002df       0x31 ./stm32haldev/system/STM32F0xx_HAL_Driver/Src/stm32f0xx_hal_uart_ex.o
 .ARM.attributes
                0x0000000000000310       0x31 ./stm32haldev/system/CMSIS/Device/ST/STM32F0xx/Source/system/system_stm32f0xx.o
 .ARM.attributes
                0x0000000000000341       0x21 ./stm32haldev/system/CMSIS/Device/ST/STM32F0xx/Source/stm32f072xb/startup_stm32f072xb.o
 .ARM.attributes
                0x0000000000000362       0x31 ./stm32haldev/stm32dev/src/general/stm32dev_flash_s25fl208.o
 .ARM.attributes
                0x0000000000000393       0x31 ./stm32haldev/stm32dev/src/general/stm32dev_general.o
 .ARM.attributes
                0x00000000000003c4       0x31 ./src/main.o
 .ARM.attributes
                0x00000000000003f5       0x31 ./src/stm32f0xx_hal_msp.o
 .ARM.attributes
                0x0000000000000426       0x31 ./src/stm32f0xx_it.o
 .ARM.attributes
                0x0000000000000457       0x1e /Developer/Eclipse/gcc-arm-none-eabi-4_9-2015q2/bin/../lib/gcc/arm-none-eabi/4.9.3/armv6-m/libgcc.a(_thumb1_case_uqi.o)
 .ARM.attributes
                0x0000000000000475       0x1e /Developer/Eclipse/gcc-arm-none-eabi-4_9-2015q2/bin/../lib/gcc/arm-none-eabi/4.9.3/armv6-m/libgcc.a(_udivsi3.o)
 .ARM.attributes
                0x0000000000000493       0x1e /Developer/Eclipse/gcc-arm-none-eabi-4_9-2015q2/bin/../lib/gcc/arm-none-eabi/4.9.3/armv6-m/libgcc.a(_dvmd_tls.o)
 .ARM.attributes
                0x00000000000004b1       0x1e /Developer/Eclipse/gcc-arm-none-eabi-4_9-2015q2/bin/../lib/gcc/arm-none-eabi/4.9.3/armv6-m/libgcc.a(_aeabi_uldivmod.o)
 .ARM.attributes
                0x00000000000004cf       0x2c /Developer/Eclipse/gcc-arm-none-eabi-4_9-2015q2/bin/../lib/gcc/arm-none-eabi/4.9.3/armv6-m/libgcc.a(bpabi.o)
 .ARM.attributes
                0x00000000000004fb       0x1e /Developer/Eclipse/gcc-arm-none-eabi-4_9-2015q2/bin/../lib/gcc/arm-none-eabi/4.9.3/armv6-m/libgcc.a(_clzsi2.o)
 .ARM.attributes
                0x0000000000000519       0x2c /Developer/Eclipse/gcc-arm-none-eabi-4_9-2015q2/bin/../lib/gcc/arm-none-eabi/4.9.3/armv6-m/libgcc.a(_muldi3.o)
 .ARM.attributes
                0x0000000000000545       0x2c /Developer/Eclipse/gcc-arm-none-eabi-4_9-2015q2/bin/../lib/gcc/arm-none-eabi/4.9.3/armv6-m/libgcc.a(_divdi3.o)
 .ARM.attributes
                0x0000000000000571       0x2c /Developer/Eclipse/gcc-arm-none-eabi-4_9-2015q2/bin/../lib/gcc/arm-none-eabi/4.9.3/armv6-m/libgcc.a(_udivdi3.o)
 .ARM.attributes
                0x000000000000059d       0x1e /Developer/Eclipse/gcc-arm-none-eabi-4_9-2015q2/bin/../lib/gcc/arm-none-eabi/4.9.3/armv6-m/libgcc.a(_clzdi2.o)
 .ARM.attributes
                0x00000000000005bb       0x2c /Developer/Eclipse/gcc-arm-none-eabi-4_9-2015q2/bin/../lib/gcc/arm-none-eabi/4.9.3/../../../../arm-none-eabi/lib/armv6-m/libg_nano.a(lib_a-atoi.o)
 .ARM.attributes
                0x00000000000005e7       0x2c /Developer/Eclipse/gcc-arm-none-eabi-4_9-2015q2/bin/../lib/gcc/arm-none-eabi/4.9.3/../../../../arm-none-eabi/lib/armv6-m/libg_nano.a(lib_a-calloc.o)
 .ARM.attributes
                0x0000000000000613       0x2c /Developer/Eclipse/gcc-arm-none-eabi-4_9-2015q2/bin/../lib/gcc/arm-none-eabi/4.9.3/../../../../arm-none-eabi/lib/armv6-m/libg_nano.a(lib_a-errno.o)
 .ARM.attributes
                0x000000000000063f       0x2c /Developer/Eclipse/gcc-arm-none-eabi-4_9-2015q2/bin/../lib/gcc/arm-none-eabi/4.9.3/../../../../arm-none-eabi/lib/armv6-m/libg_nano.a(lib_a-impure.o)
 .ARM.attributes
                0x000000000000066b       0x2c /Developer/Eclipse/gcc-arm-none-eabi-4_9-2015q2/bin/../lib/gcc/arm-none-eabi/4.9.3/../../../../arm-none-eabi/lib/armv6-m/libg_nano.a(lib_a-malloc.o)
 .ARM.attributes
                0x0000000000000697       0x2c /Developer/Eclipse/gcc-arm-none-eabi-4_9-2015q2/bin/../lib/gcc/arm-none-eabi/4.9.3/../../../../arm-none-eabi/lib/armv6-m/libg_nano.a(lib_a-memcpy.o)
 .ARM.attributes
                0x00000000000006c3       0x2c /Developer/Eclipse/gcc-arm-none-eabi-4_9-2015q2/bin/../lib/gcc/arm-none-eabi/4.9.3/../../../../arm-none-eabi/lib/armv6-m/libg_nano.a(lib_a-memset.o)
 .ARM.attributes
                0x00000000000006ef       0x2c /Developer/Eclipse/gcc-arm-none-eabi-4_9-2015q2/bin/../lib/gcc/arm-none-eabi/4.9.3/../../../../arm-none-eabi/lib/armv6-m/libg_nano.a(lib_a-nano-callocr.o)
 .ARM.attributes
                0x000000000000071b       0x2c /Developer/Eclipse/gcc-arm-none-eabi-4_9-2015q2/bin/../lib/gcc/arm-none-eabi/4.9.3/../../../../arm-none-eabi/lib/armv6-m/libg_nano.a(lib_a-nano-freer.o)
 .ARM.attributes
                0x0000000000000747       0x2c /Developer/Eclipse/gcc-arm-none-eabi-4_9-2015q2/bin/../lib/gcc/arm-none-eabi/4.9.3/../../../../arm-none-eabi/lib/armv6-m/libg_nano.a(lib_a-nano-mallocr.o)
 .ARM.attributes
                0x0000000000000773       0x2c /Developer/Eclipse/gcc-arm-none-eabi-4_9-2015q2/bin/../lib/gcc/arm-none-eabi/4.9.3/../../../../arm-none-eabi/lib/armv6-m/libg_nano.a(lib_a-realloc.o)
 .ARM.attributes
                0x000000000000079f       0x2c /Developer/Eclipse/gcc-arm-none-eabi-4_9-2015q2/bin/../lib/gcc/arm-none-eabi/4.9.3/../../../../arm-none-eabi/lib/armv6-m/libg_nano.a(lib_a-sbrkr.o)
 .ARM.attributes
                0x00000000000007cb       0x2c /Developer/Eclipse/gcc-arm-none-eabi-4_9-2015q2/bin/../lib/gcc/arm-none-eabi/4.9.3/../../../../arm-none-eabi/lib/armv6-m/libg_nano.a(lib_a-snprintf.o)
 .ARM.attributes
                0x00000000000007f7       0x2c /Developer/Eclipse/gcc-arm-none-eabi-4_9-2015q2/bin/../lib/gcc/arm-none-eabi/4.9.3/../../../../arm-none-eabi/lib/armv6-m/libg_nano.a(lib_a-strdup.o)
 .ARM.attributes
                0x0000000000000823       0x2c /Developer/Eclipse/gcc-arm-none-eabi-4_9-2015q2/bin/../lib/gcc/arm-none-eabi/4.9.3/../../../../arm-none-eabi/lib/armv6-m/libg_nano.a(lib_a-strdup_r.o)
 .ARM.attributes
                0x000000000000084f       0x2c /Developer/Eclipse/gcc-arm-none-eabi-4_9-2015q2/bin/../lib/gcc/arm-none-eabi/4.9.3/../../../../arm-none-eabi/lib/armv6-m/libg_nano.a(lib_a-strlen.o)
 .ARM.attributes
                0x000000000000087b       0x2c /Developer/Eclipse/gcc-arm-none-eabi-4_9-2015q2/bin/../lib/gcc/arm-none-eabi/4.9.3/../../../../arm-none-eabi/lib/armv6-m/libg_nano.a(lib_a-strstr.o)
 .ARM.attributes
                0x00000000000008a7       0x2c /Developer/Eclipse/gcc-arm-none-eabi-4_9-2015q2/bin/../lib/gcc/arm-none-eabi/4.9.3/../../../../arm-none-eabi/lib/armv6-m/libg_nano.a(lib_a-strtok_r.o)
 .ARM.attributes
                0x00000000000008d3       0x2c /Developer/Eclipse/gcc-arm-none-eabi-4_9-2015q2/bin/../lib/gcc/arm-none-eabi/4.9.3/../../../../arm-none-eabi/lib/armv6-m/libg_nano.a(lib_a-strtol.o)
 .ARM.attributes
                0x00000000000008ff       0x2c /Developer/Eclipse/gcc-arm-none-eabi-4_9-2015q2/bin/../lib/gcc/arm-none-eabi/4.9.3/../../../../arm-none-eabi/lib/armv6-m/libg_nano.a(lib_a-ctype_.o)
 .ARM.attributes
                0x000000000000092b       0x2c /Developer/Eclipse/gcc-arm-none-eabi-4_9-2015q2/bin/../lib/gcc/arm-none-eabi/4.9.3/../../../../arm-none-eabi/lib/armv6-m/libg_nano.a(lib_a-nano-reallocr.o)
 .ARM.attributes
                0x0000000000000957       0x2c /Developer/Eclipse/gcc-arm-none-eabi-4_9-2015q2/bin/../lib/gcc/arm-none-eabi/4.9.3/../../../../arm-none-eabi/lib/armv6-m/libg_nano.a(lib_a-nano-svfprintf.o)
 .ARM.attributes
                0x0000000000000983       0x2c /Developer/Eclipse/gcc-arm-none-eabi-4_9-2015q2/bin/../lib/gcc/arm-none-eabi/4.9.3/../../../../arm-none-eabi/lib/armv6-m/libg_nano.a(lib_a-nano-vfprintf_i.o)
 .ARM.attributes
                0x00000000000009af       0x2c /Developer/Eclipse/gcc-arm-none-eabi-4_9-2015q2/bin/../lib/gcc/arm-none-eabi/4.9.3/../../../../arm-none-eabi/lib/armv6-m/libg_nano.a(lib_a-memchr.o)
 .ARM.attributes
                0x00000000000009db       0x2c /Developer/Eclipse/gcc-arm-none-eabi-4_9-2015q2/bin/../lib/gcc/arm-none-eabi/4.9.3/../../../../arm-none-eabi/lib/armv6-m/libg_nano.a(lib_a-memmove.o)
 .ARM.attributes
                0x0000000000000a07       0x2c /Developer/Eclipse/gcc-arm-none-eabi-4_9-2015q2/bin/../lib/gcc/arm-none-eabi/4.9.3/../../../../arm-none-eabi/lib/armv6-m/libg_nano.a(lib_a-nano-msizer.o)

.debug
 *(.debug)

.line
 *(.line)

.debug_srcinfo
 *(.debug_srcinfo)

.debug_sfnames
 *(.debug_sfnames)

.debug_aranges  0x0000000000000000      0xd78
 *(.debug_aranges)
 .debug_aranges
                0x0000000000000000       0x28 ./stm32haldev/system/src/newlib/_exit.o
 .debug_aranges
                0x0000000000000028       0x20 ./stm32haldev/system/src/newlib/_sbrk.o
 .debug_aranges
                0x0000000000000048       0x40 ./stm32haldev/system/src/newlib/_startup.o
 .debug_aranges
                0x0000000000000088       0x30 ./stm32haldev/system/src/newlib/_syscalls.o
 .debug_aranges
                0x00000000000000b8       0x28 ./stm32haldev/system/src/cortexm/_initialize_hardware.o
 .debug_aranges
                0x00000000000000e0       0x50 ./stm32haldev/system/src/cortexm/exception_handlers.o
 .debug_aranges
                0x0000000000000130       0xa0 ./stm32haldev/system/STM32F0xx_HAL_Driver/Src/stm32f0xx_hal.o
 .debug_aranges
                0x00000000000001d0       0x78 ./stm32haldev/system/STM32F0xx_HAL_Driver/Src/stm32f0xx_hal_cortex.o
 .debug_aranges
                0x0000000000000248       0x60 ./stm32haldev/system/STM32F0xx_HAL_Driver/Src/stm32f0xx_hal_dma.o
 .debug_aranges
                0x00000000000002a8       0x58 ./stm32haldev/system/STM32F0xx_HAL_Driver/Src/stm32f0xx_hal_gpio.o
 .debug_aranges
                0x0000000000000300       0x38 ./stm32haldev/system/STM32F0xx_HAL_Driver/Src/stm32f0xx_hal_msp_template.o
 .debug_aranges
                0x0000000000000338       0x80 ./stm32haldev/system/STM32F0xx_HAL_Driver/Src/stm32f0xx_hal_rcc.o
 .debug_aranges
                0x00000000000003b8      0x1c8 ./stm32haldev/system/STM32F0xx_HAL_Driver/Src/stm32f0xx_hal_spi.o
 .debug_aranges
                0x0000000000000580      0x330 ./stm32haldev/system/STM32F0xx_HAL_Driver/Src/stm32f0xx_hal_tim.o
 .debug_aranges
                0x00000000000008b0      0x150 ./stm32haldev/system/STM32F0xx_HAL_Driver/Src/stm32f0xx_hal_uart.o
 .debug_aranges
                0x0000000000000a00       0x60 ./stm32haldev/system/STM32F0xx_HAL_Driver/Src/stm32f0xx_hal_uart_ex.o
 .debug_aranges
                0x0000000000000a60       0x28 ./stm32haldev/system/CMSIS/Device/ST/STM32F0xx/Source/system/system_stm32f0xx.o
 .debug_aranges
                0x0000000000000a88       0x28 ./stm32haldev/system/CMSIS/Device/ST/STM32F0xx/Source/stm32f072xb/startup_stm32f072xb.o
 .debug_aranges
                0x0000000000000ab0      0x110 ./stm32haldev/stm32dev/src/general/stm32dev_flash_s25fl208.o
 .debug_aranges
                0x0000000000000bc0       0x58 ./stm32haldev/stm32dev/src/general/stm32dev_general.o
 .debug_aranges
                0x0000000000000c18       0xc8 ./src/main.o
 .debug_aranges
                0x0000000000000ce0       0x40 ./src/stm32f0xx_hal_msp.o
 .debug_aranges
                0x0000000000000d20       0x58 ./src/stm32f0xx_it.o

.debug_pubnames
 *(.debug_pubnames)

.debug_info     0x0000000000000000     0xff44
 *(.debug_info .gnu.linkonce.wi.*)
 .debug_info    0x0000000000000000       0xc1 ./stm32haldev/system/src/newlib/_exit.o
 .debug_info    0x00000000000000c1      0x11d ./stm32haldev/system/src/newlib/_sbrk.o
 .debug_info    0x00000000000001de      0x460 ./stm32haldev/system/src/newlib/_startup.o
 .debug_info    0x000000000000063e      0x1a1 ./stm32haldev/system/src/newlib/_syscalls.o
 .debug_info    0x00000000000007df       0xbb ./stm32haldev/system/src/cortexm/_initialize_hardware.o
 .debug_info    0x000000000000089a      0x1b8 ./stm32haldev/system/src/cortexm/exception_handlers.o
 .debug_info    0x0000000000000a52      0x5e3 ./stm32haldev/system/STM32F0xx_HAL_Driver/Src/stm32f0xx_hal.o
 .debug_info    0x0000000000001035      0x7b0 ./stm32haldev/system/STM32F0xx_HAL_Driver/Src/stm32f0xx_hal_cortex.o
 .debug_info    0x00000000000017e5      0x617 ./stm32haldev/system/STM32F0xx_HAL_Driver/Src/stm32f0xx_hal_dma.o
 .debug_info    0x0000000000001dfc      0x5d6 ./stm32haldev/system/STM32F0xx_HAL_Driver/Src/stm32f0xx_hal_gpio.o
 .debug_info    0x00000000000023d2       0xc5 ./stm32haldev/system/STM32F0xx_HAL_Driver/Src/stm32f0xx_hal_msp_template.o
 .debug_info    0x0000000000002497      0x9e8 ./stm32haldev/system/STM32F0xx_HAL_Driver/Src/stm32f0xx_hal_rcc.o
 .debug_info    0x0000000000002e7f     0x1c1c ./stm32haldev/system/STM32F0xx_HAL_Driver/Src/stm32f0xx_hal_spi.o
 .debug_info    0x0000000000004a9b     0x3366 ./stm32haldev/system/STM32F0xx_HAL_Driver/Src/stm32f0xx_hal_tim.o
 .debug_info    0x0000000000007e01     0x1227 ./stm32haldev/system/STM32F0xx_HAL_Driver/Src/stm32f0xx_hal_uart.o
 .debug_info    0x0000000000009028      0xa06 ./stm32haldev/system/STM32F0xx_HAL_Driver/Src/stm32f0xx_hal_uart_ex.o
 .debug_info    0x0000000000009a2e      0x1f9 ./stm32haldev/system/CMSIS/Device/ST/STM32F0xx/Source/system/system_stm32f0xx.o
 .debug_info    0x0000000000009c27       0xfc ./stm32haldev/system/CMSIS/Device/ST/STM32F0xx/Source/stm32f072xb/startup_stm32f072xb.o
 .debug_info    0x0000000000009d23     0x16df ./stm32haldev/stm32dev/src/general/stm32dev_flash_s25fl208.o
 .debug_info    0x000000000000b402      0x53d ./stm32haldev/stm32dev/src/general/stm32dev_general.o
 .debug_info    0x000000000000b93f     0x29e1 ./src/main.o
 .debug_info    0x000000000000e320     0x1347 ./src/stm32f0xx_hal_msp.o
 .debug_info    0x000000000000f667      0x8dd ./src/stm32f0xx_it.o

.debug_abbrev   0x0000000000000000     0x27be
 *(.debug_abbrev)
 .debug_abbrev  0x0000000000000000       0x80 ./stm32haldev/system/src/newlib/_exit.o
 .debug_abbrev  0x0000000000000080       0xb6 ./stm32haldev/system/src/newlib/_sbrk.o
 .debug_abbrev  0x0000000000000136      0x1fc ./stm32haldev/system/src/newlib/_startup.o
 .debug_abbrev  0x0000000000000332       0xe2 ./stm32haldev/system/src/newlib/_syscalls.o
 .debug_abbrev  0x0000000000000414       0x5e ./stm32haldev/system/src/cortexm/_initialize_hardware.o
 .debug_abbrev  0x0000000000000472       0xf8 ./stm32haldev/system/src/cortexm/exception_handlers.o
 .debug_abbrev  0x000000000000056a      0x1da ./stm32haldev/system/STM32F0xx_HAL_Driver/Src/stm32f0xx_hal.o
 .debug_abbrev  0x0000000000000744      0x239 ./stm32haldev/system/STM32F0xx_HAL_Driver/Src/stm32f0xx_hal_cortex.o
 .debug_abbrev  0x000000000000097d      0x1f1 ./stm32haldev/system/STM32F0xx_HAL_Driver/Src/stm32f0xx_hal_dma.o
 .debug_abbrev  0x0000000000000b6e      0x1dc ./stm32haldev/system/STM32F0xx_HAL_Driver/Src/stm32f0xx_hal_gpio.o
 .debug_abbrev  0x0000000000000d4a       0x42 ./stm32haldev/system/STM32F0xx_HAL_Driver/Src/stm32f0xx_hal_msp_template.o
 .debug_abbrev  0x0000000000000d8c      0x25b ./stm32haldev/system/STM32F0xx_HAL_Driver/Src/stm32f0xx_hal_rcc.o
 .debug_abbrev  0x0000000000000fe7      0x333 ./stm32haldev/system/STM32F0xx_HAL_Driver/Src/stm32f0xx_hal_spi.o
 .debug_abbrev  0x000000000000131a      0x305 ./stm32haldev/system/STM32F0xx_HAL_Driver/Src/stm32f0xx_hal_tim.o
 .debug_abbrev  0x000000000000161f      0x1dd ./stm32haldev/system/STM32F0xx_HAL_Driver/Src/stm32f0xx_hal_uart.o
 .debug_abbrev  0x00000000000017fc      0x214 ./stm32haldev/system/STM32F0xx_HAL_Driver/Src/stm32f0xx_hal_uart_ex.o
 .debug_abbrev  0x0000000000001a10       0xee ./stm32haldev/system/CMSIS/Device/ST/STM32F0xx/Source/system/system_stm32f0xx.o
 .debug_abbrev  0x0000000000001afe       0x12 ./stm32haldev/system/CMSIS/Device/ST/STM32F0xx/Source/stm32f072xb/startup_stm32f072xb.o
 .debug_abbrev  0x0000000000001b10      0x34e ./stm32haldev/stm32dev/src/general/stm32dev_flash_s25fl208.o
 .debug_abbrev  0x0000000000001e5e      0x1a0 ./stm32haldev/stm32dev/src/general/stm32dev_general.o
 .debug_abbrev  0x0000000000001ffe      0x43a ./src/main.o
 .debug_abbrev  0x0000000000002438      0x21e ./src/stm32f0xx_hal_msp.o
 .debug_abbrev  0x0000000000002656      0x168 ./src/stm32f0xx_it.o

.debug_line     0x0000000000000000     0x6bc4
 *(.debug_line)
 .debug_line    0x0000000000000000       0xec ./stm32haldev/system/src/newlib/_exit.o
 .debug_line    0x00000000000000ec       0xfc ./stm32haldev/system/src/newlib/_sbrk.o
 .debug_line    0x00000000000001e8      0x1b4 ./stm32haldev/system/src/newlib/_startup.o
 .debug_line    0x000000000000039c      0x165 ./stm32haldev/system/src/newlib/_syscalls.o
 .debug_line    0x0000000000000501      0x124 ./stm32haldev/system/src/cortexm/_initialize_hardware.o
 .debug_line    0x0000000000000625      0x1f1 ./stm32haldev/system/src/cortexm/exception_handlers.o
 .debug_line    0x0000000000000816      0x422 ./stm32haldev/system/STM32F0xx_HAL_Driver/Src/stm32f0xx_hal.o
 .debug_line    0x0000000000000c38      0x3d1 ./stm32haldev/system/STM32F0xx_HAL_Driver/Src/stm32f0xx_hal_cortex.o
 .debug_line    0x0000000000001009      0x668 ./stm32haldev/system/STM32F0xx_HAL_Driver/Src/stm32f0xx_hal_dma.o
 .debug_line    0x0000000000001671      0x3d2 ./stm32haldev/system/STM32F0xx_HAL_Driver/Src/stm32f0xx_hal_gpio.o
 .debug_line    0x0000000000001a43       0xdc ./stm32haldev/system/STM32F0xx_HAL_Driver/Src/stm32f0xx_hal_msp_template.o
 .debug_line    0x0000000000001b1f      0x5c8 ./stm32haldev/system/STM32F0xx_HAL_Driver/Src/stm32f0xx_hal_rcc.o
 .debug_line    0x00000000000020e7      0xc29 ./stm32haldev/system/STM32F0xx_HAL_Driver/Src/stm32f0xx_hal_spi.o
 .debug_line    0x0000000000002d10     0x1552 ./stm32haldev/system/STM32F0xx_HAL_Driver/Src/stm32f0xx_hal_tim.o
 .debug_line    0x0000000000004262      0xa89 ./stm32haldev/system/STM32F0xx_HAL_Driver/Src/stm32f0xx_hal_uart.o
 .debug_line    0x0000000000004ceb      0x48f ./stm32haldev/system/STM32F0xx_HAL_Driver/Src/stm32f0xx_hal_uart_ex.o
 .debug_line    0x000000000000517a      0x1c8 ./stm32haldev/system/CMSIS/Device/ST/STM32F0xx/Source/system/system_stm32f0xx.o
 .debug_line    0x0000000000005342       0xe7 ./stm32haldev/system/CMSIS/Device/ST/STM32F0xx/Source/stm32f072xb/startup_stm32f072xb.o
 .debug_line    0x0000000000005429      0x6e3 ./stm32haldev/stm32dev/src/general/stm32dev_flash_s25fl208.o
 .debug_line    0x0000000000005b0c      0x260 ./stm32haldev/stm32dev/src/general/stm32dev_general.o
 .debug_line    0x0000000000005d6c      0x797 ./src/main.o
 .debug_line    0x0000000000006503      0x3f0 ./src/stm32f0xx_hal_msp.o
 .debug_line    0x00000000000068f3      0x2d1 ./src/stm32f0xx_it.o

.debug_frame    0x0000000000000000     0x28b8
 *(.debug_frame)
 .debug_frame   0x0000000000000000       0x38 ./stm32haldev/system/src/newlib/_exit.o
 .debug_frame   0x0000000000000038       0x28 ./stm32haldev/system/src/newlib/_sbrk.o
 .debug_frame   0x0000000000000060       0x88 ./stm32haldev/system/src/newlib/_startup.o
 .debug_frame   0x00000000000000e8       0x50 ./stm32haldev/system/src/newlib/_syscalls.o
 .debug_frame   0x0000000000000138       0x40 ./stm32haldev/system/src/cortexm/_initialize_hardware.o
 .debug_frame   0x0000000000000178       0x88 ./stm32haldev/system/src/cortexm/exception_handlers.o
 .debug_frame   0x0000000000000200      0x144 ./stm32haldev/system/STM32F0xx_HAL_Driver/Src/stm32f0xx_hal.o
 .debug_frame   0x0000000000000344       0xe4 ./stm32haldev/system/STM32F0xx_HAL_Driver/Src/stm32f0xx_hal_cortex.o
 .debug_frame   0x0000000000000428      0x100 ./stm32haldev/system/STM32F0xx_HAL_Driver/Src/stm32f0xx_hal_dma.o
 .debug_frame   0x0000000000000528       0xbc ./stm32haldev/system/STM32F0xx_HAL_Driver/Src/stm32f0xx_hal_gpio.o
 .debug_frame   0x00000000000005e4       0x50 ./stm32haldev/system/STM32F0xx_HAL_Driver/Src/stm32f0xx_hal_msp_template.o
 .debug_frame   0x0000000000000634      0x140 ./stm32haldev/system/STM32F0xx_HAL_Driver/Src/stm32f0xx_hal_rcc.o
 .debug_frame   0x0000000000000774      0x568 ./stm32haldev/system/STM32F0xx_HAL_Driver/Src/stm32f0xx_hal_spi.o
 .debug_frame   0x0000000000000cdc      0x904 ./stm32haldev/system/STM32F0xx_HAL_Driver/Src/stm32f0xx_hal_tim.o
 .debug_frame   0x00000000000015e0      0x3b8 ./stm32haldev/system/STM32F0xx_HAL_Driver/Src/stm32f0xx_hal_uart.o
 .debug_frame   0x0000000000001998      0x100 ./stm32haldev/system/STM32F0xx_HAL_Driver/Src/stm32f0xx_hal_uart_ex.o
 .debug_frame   0x0000000000001a98       0x40 ./stm32haldev/system/CMSIS/Device/ST/STM32F0xx/Source/system/system_stm32f0xx.o
 .debug_frame   0x0000000000001ad8      0x368 ./stm32haldev/stm32dev/src/general/stm32dev_flash_s25fl208.o
 .debug_frame   0x0000000000001e40       0xfc ./stm32haldev/stm32dev/src/general/stm32dev_general.o
 .debug_frame   0x0000000000001f3c      0x24c ./src/main.o
 .debug_frame   0x0000000000002188       0x98 ./src/stm32f0xx_hal_msp.o
 .debug_frame   0x0000000000002220       0xb0 ./src/stm32f0xx_it.o
 .debug_frame   0x00000000000022d0       0x20 /Developer/Eclipse/gcc-arm-none-eabi-4_9-2015q2/bin/../lib/gcc/arm-none-eabi/4.9.3/armv6-m/libgcc.a(_udivsi3.o)
 .debug_frame   0x00000000000022f0       0x50 /Developer/Eclipse/gcc-arm-none-eabi-4_9-2015q2/bin/../lib/gcc/arm-none-eabi/4.9.3/armv6-m/libgcc.a(bpabi.o)
 .debug_frame   0x0000000000002340       0x34 /Developer/Eclipse/gcc-arm-none-eabi-4_9-2015q2/bin/../lib/gcc/arm-none-eabi/4.9.3/armv6-m/libgcc.a(_muldi3.o)
 .debug_frame   0x0000000000002374       0x3c /Developer/Eclipse/gcc-arm-none-eabi-4_9-2015q2/bin/../lib/gcc/arm-none-eabi/4.9.3/armv6-m/libgcc.a(_divdi3.o)
 .debug_frame   0x00000000000023b0       0x3c /Developer/Eclipse/gcc-arm-none-eabi-4_9-2015q2/bin/../lib/gcc/arm-none-eabi/4.9.3/armv6-m/libgcc.a(_udivdi3.o)
 .debug_frame   0x00000000000023ec       0x40 /Developer/Eclipse/gcc-arm-none-eabi-4_9-2015q2/bin/../lib/gcc/arm-none-eabi/4.9.3/../../../../arm-none-eabi/lib/armv6-m/libg_nano.a(lib_a-atoi.o)
 .debug_frame   0x000000000000242c       0x28 /Developer/Eclipse/gcc-arm-none-eabi-4_9-2015q2/bin/../lib/gcc/arm-none-eabi/4.9.3/../../../../arm-none-eabi/lib/armv6-m/libg_nano.a(lib_a-calloc.o)
 .debug_frame   0x0000000000002454       0x20 /Developer/Eclipse/gcc-arm-none-eabi-4_9-2015q2/bin/../lib/gcc/arm-none-eabi/4.9.3/../../../../arm-none-eabi/lib/armv6-m/libg_nano.a(lib_a-errno.o)
 .debug_frame   0x0000000000002474       0x40 /Developer/Eclipse/gcc-arm-none-eabi-4_9-2015q2/bin/../lib/gcc/arm-none-eabi/4.9.3/../../../../arm-none-eabi/lib/armv6-m/libg_nano.a(lib_a-malloc.o)
 .debug_frame   0x00000000000024b4       0x28 /Developer/Eclipse/gcc-arm-none-eabi-4_9-2015q2/bin/../lib/gcc/arm-none-eabi/4.9.3/../../../../arm-none-eabi/lib/armv6-m/libg_nano.a(lib_a-memcpy.o)
 .debug_frame   0x00000000000024dc       0x20 /Developer/Eclipse/gcc-arm-none-eabi-4_9-2015q2/bin/../lib/gcc/arm-none-eabi/4.9.3/../../../../arm-none-eabi/lib/armv6-m/libg_nano.a(lib_a-memset.o)
 .debug_frame   0x00000000000024fc       0x2c /Developer/Eclipse/gcc-arm-none-eabi-4_9-2015q2/bin/../lib/gcc/arm-none-eabi/4.9.3/../../../../arm-none-eabi/lib/armv6-m/libg_nano.a(lib_a-nano-callocr.o)
 .debug_frame   0x0000000000002528       0x2c /Developer/Eclipse/gcc-arm-none-eabi-4_9-2015q2/bin/../lib/gcc/arm-none-eabi/4.9.3/../../../../arm-none-eabi/lib/armv6-m/libg_nano.a(lib_a-nano-freer.o)
 .debug_frame   0x0000000000002554       0x2c /Developer/Eclipse/gcc-arm-none-eabi-4_9-2015q2/bin/../lib/gcc/arm-none-eabi/4.9.3/../../../../arm-none-eabi/lib/armv6-m/libg_nano.a(lib_a-nano-mallocr.o)
 .debug_frame   0x0000000000002580       0x28 /Developer/Eclipse/gcc-arm-none-eabi-4_9-2015q2/bin/../lib/gcc/arm-none-eabi/4.9.3/../../../../arm-none-eabi/lib/armv6-m/libg_nano.a(lib_a-realloc.o)
 .debug_frame   0x00000000000025a8       0x2c /Developer/Eclipse/gcc-arm-none-eabi-4_9-2015q2/bin/../lib/gcc/arm-none-eabi/4.9.3/../../../../arm-none-eabi/lib/armv6-m/libg_nano.a(lib_a-sbrkr.o)
 .debug_frame   0x00000000000025d4       0x54 /Developer/Eclipse/gcc-arm-none-eabi-4_9-2015q2/bin/../lib/gcc/arm-none-eabi/4.9.3/../../../../arm-none-eabi/lib/armv6-m/libg_nano.a(lib_a-snprintf.o)
 .debug_frame   0x0000000000002628       0x28 /Developer/Eclipse/gcc-arm-none-eabi-4_9-2015q2/bin/../lib/gcc/arm-none-eabi/4.9.3/../../../../arm-none-eabi/lib/armv6-m/libg_nano.a(lib_a-strdup.o)
 .debug_frame   0x0000000000002650       0x2c /Developer/Eclipse/gcc-arm-none-eabi-4_9-2015q2/bin/../lib/gcc/arm-none-eabi/4.9.3/../../../../arm-none-eabi/lib/armv6-m/libg_nano.a(lib_a-strdup_r.o)
 .debug_frame   0x000000000000267c       0x20 /Developer/Eclipse/gcc-arm-none-eabi-4_9-2015q2/bin/../lib/gcc/arm-none-eabi/4.9.3/../../../../arm-none-eabi/lib/armv6-m/libg_nano.a(lib_a-strlen.o)
 .debug_frame   0x000000000000269c       0x28 /Developer/Eclipse/gcc-arm-none-eabi-4_9-2015q2/bin/../lib/gcc/arm-none-eabi/4.9.3/../../../../arm-none-eabi/lib/armv6-m/libg_nano.a(lib_a-strstr.o)
 .debug_frame   0x00000000000026c4       0x48 /Developer/Eclipse/gcc-arm-none-eabi-4_9-2015q2/bin/../lib/gcc/arm-none-eabi/4.9.3/../../../../arm-none-eabi/lib/armv6-m/libg_nano.a(lib_a-strtok_r.o)
 .debug_frame   0x000000000000270c       0x4c /Developer/Eclipse/gcc-arm-none-eabi-4_9-2015q2/bin/../lib/gcc/arm-none-eabi/4.9.3/../../../../arm-none-eabi/lib/armv6-m/libg_nano.a(lib_a-strtol.o)
 .debug_frame   0x0000000000002758       0x30 /Developer/Eclipse/gcc-arm-none-eabi-4_9-2015q2/bin/../lib/gcc/arm-none-eabi/4.9.3/../../../../arm-none-eabi/lib/armv6-m/libg_nano.a(lib_a-nano-reallocr.o)
 .debug_frame   0x0000000000002788       0x74 /Developer/Eclipse/gcc-arm-none-eabi-4_9-2015q2/bin/../lib/gcc/arm-none-eabi/4.9.3/../../../../arm-none-eabi/lib/armv6-m/libg_nano.a(lib_a-nano-svfprintf.o)
 .debug_frame   0x00000000000027fc       0x54 /Developer/Eclipse/gcc-arm-none-eabi-4_9-2015q2/bin/../lib/gcc/arm-none-eabi/4.9.3/../../../../arm-none-eabi/lib/armv6-m/libg_nano.a(lib_a-nano-vfprintf_i.o)
 .debug_frame   0x0000000000002850       0x20 /Developer/Eclipse/gcc-arm-none-eabi-4_9-2015q2/bin/../lib/gcc/arm-none-eabi/4.9.3/../../../../arm-none-eabi/lib/armv6-m/libg_nano.a(lib_a-memchr.o)
 .debug_frame   0x0000000000002870       0x28 /Developer/Eclipse/gcc-arm-none-eabi-4_9-2015q2/bin/../lib/gcc/arm-none-eabi/4.9.3/../../../../arm-none-eabi/lib/armv6-m/libg_nano.a(lib_a-memmove.o)
 .debug_frame   0x0000000000002898       0x20 /Developer/Eclipse/gcc-arm-none-eabi-4_9-2015q2/bin/../lib/gcc/arm-none-eabi/4.9.3/../../../../arm-none-eabi/lib/armv6-m/libg_nano.a(lib_a-nano-msizer.o)

.debug_str      0x0000000000000000     0x4860
 *(.debug_str)
 .debug_str     0x0000000000000000      0x18d ./stm32haldev/system/src/newlib/_exit.o
                                        0x1cb (size before relaxing)
 .debug_str     0x000000000000018d       0xaf ./stm32haldev/system/src/newlib/_sbrk.o
                                        0x214 (size before relaxing)
 .debug_str     0x000000000000023c      0x1f6 ./stm32haldev/system/src/newlib/_startup.o
                                        0x37d (size before relaxing)
 .debug_str     0x0000000000000432       0x7d ./stm32haldev/system/src/newlib/_syscalls.o
                                        0x207 (size before relaxing)
 .debug_str     0x00000000000004af       0x86 ./stm32haldev/system/src/cortexm/_initialize_hardware.o
                                        0x20c (size before relaxing)
 .debug_str     0x0000000000000535       0xe8 ./stm32haldev/system/src/cortexm/exception_handlers.o
                                        0x268 (size before relaxing)
 .debug_str     0x000000000000061d      0x514 ./stm32haldev/system/STM32F0xx_HAL_Driver/Src/stm32f0xx_hal.o
                                        0x69d (size before relaxing)
 .debug_str     0x0000000000000b31      0x21b ./stm32haldev/system/STM32F0xx_HAL_Driver/Src/stm32f0xx_hal_cortex.o
                                        0x6bd (size before relaxing)
 .debug_str     0x0000000000000d4c      0x31e ./stm32haldev/system/STM32F0xx_HAL_Driver/Src/stm32f0xx_hal_dma.o
                                        0x576 (size before relaxing)
 .debug_str     0x000000000000106a      0x1fe ./stm32haldev/system/STM32F0xx_HAL_Driver/Src/stm32f0xx_hal_gpio.o
                                        0x481 (size before relaxing)
 .debug_str     0x0000000000001268       0x9a ./stm32haldev/system/STM32F0xx_HAL_Driver/Src/stm32f0xx_hal_msp_template.o
                                        0x26c (size before relaxing)
 .debug_str     0x0000000000001302      0x33c ./stm32haldev/system/STM32F0xx_HAL_Driver/Src/stm32f0xx_hal_rcc.o