Archive member included because of file (symbol)

/Developer/Eclipse/gcc-arm-none-eabi-4_9-2015q2/bin/../lib/gcc/arm-none-eabi/4.9.3/../../../../arm-none-eabi/lib/armv6-m/libm.a(lib_a-w_pow.o)
                              ./stm32haldev/stm32dev/src/general/stm32dev_general.o (pow)
/Developer/Eclipse/gcc-arm-none-eabi-4_9-2015q2/bin/../lib/gcc/arm-none-eabi/4.9.3/../../../../arm-none-eabi/lib/armv6-m/libm.a(lib_a-e_pow.o)
                              /Developer/Eclipse/gcc-arm-none-eabi-4_9-2015q2/bin/../lib/gcc/arm-none-eabi/4.9.3/../../../../arm-none-eabi/lib/armv6-m/libm.a(lib_a-w_pow.o) (__ieee754_pow)
/Developer/Eclipse/gcc-arm-none-eabi-4_9-2015q2/bin/../lib/gcc/arm-none-eabi/4.9.3/../../../../arm-none-eabi/lib/armv6-m/libm.a(lib_a-e_sqrt.o)
                              /Developer/Eclipse/gcc-arm-none-eabi-4_9-2015q2/bin/../lib/gcc/arm-none-eabi/4.9.3/../../../../arm-none-eabi/lib/armv6-m/libm.a(lib_a-e_pow.o) (__ieee754_sqrt)
/Developer/Eclipse/gcc-arm-none-eabi-4_9-2015q2/bin/../lib/gcc/arm-none-eabi/4.9.3/../../../../arm-none-eabi/lib/armv6-m/libm.a(lib_a-s_fabs.o)
                              /Developer/Eclipse/gcc-arm-none-eabi-4_9-2015q2/bin/../lib/gcc/arm-none-eabi/4.9.3/../../../../arm-none-eabi/lib/armv6-m/libm.a(lib_a-e_pow.o) (fabs)
/Developer/Eclipse/gcc-arm-none-eabi-4_9-2015q2/bin/../lib/gcc/arm-none-eabi/4.9.3/../../../../arm-none-eabi/lib/armv6-m/libm.a(lib_a-s_finite.o)
                              /Developer/Eclipse/gcc-arm-none-eabi-4_9-2015q2/bin/../lib/gcc/arm-none-eabi/4.9.3/../../../../arm-none-eabi/lib/armv6-m/libm.a(lib_a-w_pow.o) (finite)
/Developer/Eclipse/gcc-arm-none-eabi-4_9-2015q2/bin/../lib/gcc/arm-none-eabi/4.9.3/../../../../arm-none-eabi/lib/armv6-m/libm.a(lib_a-s_fpclassify.o)
                              /Developer/Eclipse/gcc-arm-none-eabi-4_9-2015q2/bin/../lib/gcc/arm-none-eabi/4.9.3/../../../../arm-none-eabi/lib/armv6-m/libm.a(lib_a-w_pow.o) (__fpclassifyd)
/Developer/Eclipse/gcc-arm-none-eabi-4_9-2015q2/bin/../lib/gcc/arm-none-eabi/4.9.3/../../../../arm-none-eabi/lib/armv6-m/libm.a(lib_a-s_lib_ver.o)
                              /Developer/Eclipse/gcc-arm-none-eabi-4_9-2015q2/bin/../lib/gcc/arm-none-eabi/4.9.3/../../../../arm-none-eabi/lib/armv6-m/libm.a(lib_a-w_pow.o) (__fdlib_version)
/Developer/Eclipse/gcc-arm-none-eabi-4_9-2015q2/bin/../lib/gcc/arm-none-eabi/4.9.3/../../../../arm-none-eabi/lib/armv6-m/libm.a(lib_a-s_matherr.o)
                              /Developer/Eclipse/gcc-arm-none-eabi-4_9-2015q2/bin/../lib/gcc/arm-none-eabi/4.9.3/../../../../arm-none-eabi/lib/armv6-m/libm.a(lib_a-w_pow.o) (matherr)
/Developer/Eclipse/gcc-arm-none-eabi-4_9-2015q2/bin/../lib/gcc/arm-none-eabi/4.9.3/../../../../arm-none-eabi/lib/armv6-m/libm.a(lib_a-s_nan.o)
                              /Developer/Eclipse/gcc-arm-none-eabi-4_9-2015q2/bin/../lib/gcc/arm-none-eabi/4.9.3/../../../../arm-none-eabi/lib/armv6-m/libm.a(lib_a-e_pow.o) (nan)
/Developer/Eclipse/gcc-arm-none-eabi-4_9-2015q2/bin/../lib/gcc/arm-none-eabi/4.9.3/../../../../arm-none-eabi/lib/armv6-m/libm.a(lib_a-s_rint.o)
                              /Developer/Eclipse/gcc-arm-none-eabi-4_9-2015q2/bin/../lib/gcc/arm-none-eabi/4.9.3/../../../../arm-none-eabi/lib/armv6-m/libm.a(lib_a-w_pow.o) (rint)
/Developer/Eclipse/gcc-arm-none-eabi-4_9-2015q2/bin/../lib/gcc/arm-none-eabi/4.9.3/../../../../arm-none-eabi/lib/armv6-m/libm.a(lib_a-s_scalbn.o)
                              /Developer/Eclipse/gcc-arm-none-eabi-4_9-2015q2/bin/../lib/gcc/arm-none-eabi/4.9.3/../../../../arm-none-eabi/lib/armv6-m/libm.a(lib_a-e_pow.o) (scalbn)
/Developer/Eclipse/gcc-arm-none-eabi-4_9-2015q2/bin/../lib/gcc/arm-none-eabi/4.9.3/../../../../arm-none-eabi/lib/armv6-m/libm.a(lib_a-s_copysign.o)
                              /Developer/Eclipse/gcc-arm-none-eabi-4_9-2015q2/bin/../lib/gcc/arm-none-eabi/4.9.3/../../../../arm-none-eabi/lib/armv6-m/libm.a(lib_a-s_scalbn.o) (copysign)
/Developer/Eclipse/gcc-arm-none-eabi-4_9-2015q2/bin/../lib/gcc/arm-none-eabi/4.9.3/armv6-m/libgcc.a(_thumb1_case_uqi.o)
                              ./stm32haldev/system/STM32F0xx_HAL_Driver/Src/stm32f0xx_hal_irda.o (__gnu_thumb1_case_uqi)
/Developer/Eclipse/gcc-arm-none-eabi-4_9-2015q2/bin/../lib/gcc/arm-none-eabi/4.9.3/armv6-m/libgcc.a(_udivsi3.o)
                              ./stm32haldev/system/STM32F0xx_HAL_Driver/Src/stm32f0xx_hal.o (__aeabi_uidiv)
/Developer/Eclipse/gcc-arm-none-eabi-4_9-2015q2/bin/../lib/gcc/arm-none-eabi/4.9.3/armv6-m/libgcc.a(_dvmd_tls.o)
                              /Developer/Eclipse/gcc-arm-none-eabi-4_9-2015q2/bin/../lib/gcc/arm-none-eabi/4.9.3/armv6-m/libgcc.a(_udivsi3.o) (__aeabi_idiv0)
/Developer/Eclipse/gcc-arm-none-eabi-4_9-2015q2/bin/../lib/gcc/arm-none-eabi/4.9.3/armv6-m/libgcc.a(_lshrdi3.o)
                              ./stm32haldev/system/STM32F0xx_HAL_Driver/Src/stm32f0xx_hal_flash.o (__aeabi_llsr)
/Developer/Eclipse/gcc-arm-none-eabi-4_9-2015q2/bin/../lib/gcc/arm-none-eabi/4.9.3/armv6-m/libgcc.a(_arm_cmpdf2.o)
[...]
Memory Configuration

Name             Origin             Length             Attributes
RAM              0x0000000020000000 0x0000000000004000 xrw
CCMRAM           0x0000000000000000 0x0000000000000000 xrw
FLASH            0x0000000008000000 0x0000000000020000 xr
FLASHB1          0x0000000000000000 0x0000000000000000 xr
EXTMEMB0         0x0000000000000000 0x0000000000000000 xr
EXTMEMB1         0x0000000000000000 0x0000000000000000 xr
EXTMEMB2         0x0000000000000000 0x0000000000000000 xr
EXTMEMB3         0x0000000000000000 0x0000000000000000 xr
MEMORY_ARRAY     0x0000000000000000 0x0000000000000000 xrw
*default*        0x0000000000000000 0xffffffffffffffff

Linker script and memory map

LOAD ./stm32haldev/system/src/newlib/_exit.o
LOAD ./stm32haldev/system/src/newlib/_sbrk.o
LOAD ./stm32haldev/system/src/newlib/_startup.o
LOAD ./stm32haldev/system/src/newlib/_syscalls.o
LOAD ./stm32haldev/system/src/newlib/assert.o
LOAD ./stm32haldev/system/src/diag/Trace.o
LOAD ./stm32haldev/system/src/diag/trace_impl.o
LOAD ./stm32haldev/system/src/cortexm/_initialize_hardware.o
LOAD ./stm32haldev/system/src/cortexm/_reset_hardware.o
LOAD ./stm32haldev/system/src/cortexm/exception_handlers.o
LOAD ./stm32haldev/system/STM32F0xx_HAL_Driver/Src/stm32f0xx_hal.o
LOAD ./stm32haldev/system/STM32F0xx_HAL_Driver/Src/stm32f0xx_hal_adc.o
LOAD ./stm32haldev/system/STM32F0xx_HAL_Driver/Src/stm32f0xx_hal_adc_ex.o
LOAD ./stm32haldev/system/STM32F0xx_HAL_Driver/Src/stm32f0xx_hal_can.o
LOAD ./stm32haldev/system/STM32F0xx_HAL_Driver/Src/stm32f0xx_hal_cec.o
LOAD ./stm32haldev/system/STM32F0xx_HAL_Driver/Src/stm32f0xx_hal_comp.o
LOAD ./stm32haldev/system/STM32F0xx_HAL_Driver/Src/stm32f0xx_hal_cortex.o
LOAD ./stm32haldev/system/STM32F0xx_HAL_Driver/Src/stm32f0xx_hal_crc.o
LOAD ./stm32haldev/system/STM32F0xx_HAL_Driver/Src/stm32f0xx_hal_crc_ex.o
LOAD ./stm32haldev/system/STM32F0xx_HAL_Driver/Src/stm32f0xx_hal_dac.o
LOAD ./stm32haldev/system/STM32F0xx_HAL_Driver/Src/stm32f0xx_hal_dac_ex.o
LOAD ./stm32haldev/system/STM32F0xx_HAL_Driver/Src/stm32f0xx_hal_dma.o
LOAD ./stm32haldev/system/STM32F0xx_HAL_Driver/Src/stm32f0xx_hal_flash.o
LOAD ./stm32haldev/system/STM32F0xx_HAL_Driver/Src/stm32f0xx_hal_flash_ex.o
LOAD ./stm32haldev/system/STM32F0xx_HAL_Driver/Src/stm32f0xx_hal_gpio.o
LOAD ./stm32haldev/system/STM32F0xx_HAL_Driver/Src/stm32f0xx_hal_i2c.o
LOAD ./stm32haldev/system/STM32F0xx_HAL_Driver/Src/stm32f0xx_hal_i2c_ex.o
LOAD ./stm32haldev/system/STM32F0xx_HAL_Driver/Src/stm32f0xx_hal_i2s.o
LOAD ./stm32haldev/system/STM32F0xx_HAL_Driver/Src/stm32f0xx_hal_irda.o
LOAD ./stm32haldev/system/STM32F0xx_HAL_Driver/Src/stm32f0xx_hal_iwdg.o
LOAD ./stm32haldev/system/STM32F0xx_HAL_Driver/Src/stm32f0xx_hal_msp_template.o
LOAD ./stm32haldev/system/STM32F0xx_HAL_Driver/Src/stm32f0xx_hal_pcd.o
LOAD ./stm32haldev/system/STM32F0xx_HAL_Driver/Src/stm32f0xx_hal_pcd_ex.o
LOAD ./stm32haldev/system/STM32F0xx_HAL_Driver/Src/stm32f0xx_hal_pwr.o
LOAD ./stm32haldev/system/STM32F0xx_HAL_Driver/Src/stm32f0xx_hal_pwr_ex.o
LOAD ./stm32haldev/system/STM32F0xx_HAL_Driver/Src/stm32f0xx_hal_rcc.o
LOAD ./stm32haldev/system/STM32F0xx_HAL_Driver/Src/stm32f0xx_hal_rcc_ex.o
LOAD ./stm32haldev/system/STM32F0xx_HAL_Driver/Src/stm32f0xx_hal_rtc.o
LOAD ./stm32haldev/system/STM32F0xx_HAL_Driver/Src/stm32f0xx_hal_rtc_ex.o
LOAD ./stm32haldev/system/STM32F0xx_HAL_Driver/Src/stm32f0xx_hal_smartcard.o
LOAD ./stm32haldev/system/STM32F0xx_HAL_Driver/Src/stm32f0xx_hal_smartcard_ex.o
LOAD ./stm32haldev/system/STM32F0xx_HAL_Driver/Src/stm32f0xx_hal_smbus.o
LOAD ./stm32haldev/system/STM32F0xx_HAL_Driver/Src/stm32f0xx_hal_spi.o
LOAD ./stm32haldev/system/STM32F0xx_HAL_Driver/Src/stm32f0xx_hal_spi_ex.o
LOAD ./stm32haldev/system/STM32F0xx_HAL_Driver/Src/stm32f0xx_hal_tim.o
LOAD ./stm32haldev/system/STM32F0xx_HAL_Driver/Src/stm32f0xx_hal_tim_ex.o
LOAD ./stm32haldev/system/STM32F0xx_HAL_Driver/Src/stm32f0xx_hal_tsc.o
LOAD ./stm32haldev/system/STM32F0xx_HAL_Driver/Src/stm32f0xx_hal_uart.o
LOAD ./stm32haldev/system/STM32F0xx_HAL_Driver/Src/stm32f0xx_hal_uart_ex.o
LOAD ./stm32haldev/system/STM32F0xx_HAL_Driver/Src/stm32f0xx_hal_usart.o
LOAD ./stm32haldev/system/STM32F0xx_HAL_Driver/Src/stm32f0xx_hal_wwdg.o
LOAD ./stm32haldev/system/CMSIS/Device/ST/STM32F0xx/Source/system/system_stm32f0xx.o
LOAD ./stm32haldev/system/CMSIS/Device/ST/STM32F0xx/Source/stm32f072xb/startup_stm32f072xb.o
LOAD ./stm32haldev/stm32dev/src/stm32f0/stm32dev_dma_f0.o
LOAD ./stm32haldev/stm32dev/src/stm32f0/stm32dev_gpio_f0.o
LOAD ./stm32haldev/stm32dev/src/stm32f0/stm32dev_i2c_f0.o
LOAD ./stm32haldev/stm32dev/src/stm32f0/stm32dev_rcc_f0.o
LOAD ./stm32haldev/stm32dev/src/stm32f0/stm32dev_spi_f0.o
LOAD ./stm32haldev/stm32dev/src/general/stm32dev_dds_AD9833.o
LOAD ./stm32haldev/stm32dev/src/general/stm32dev_dds_AD9834.o
LOAD ./stm32haldev/stm32dev/src/general/stm32dev_dds_AD9850.o
LOAD ./stm32haldev/stm32dev/src/general/stm32dev_dds_AD9851.o
LOAD ./stm32haldev/stm32dev/src/general/stm32dev_flash_s25fl208.o
LOAD ./stm32haldev/stm32dev/src/general/stm32dev_general.o
LOAD ./stm32haldev/stm32dev/src/general/stm32dev_led_ws2812b.o
LOAD ./stm32haldev/stm32dev/src/general/stm32dev_screen_ssd1306.o
LOAD ./stm32haldev/stm32dev/boards/alt0064_A.o
LOAD ./stm32haldev/stm32dev/boards/alt0065_A.o
LOAD ./stm32haldev/stm32dev/boards/alt0068_A.o
LOAD ./stm32haldev/stm32dev/boards/f429disco.o
LOAD ./src/_write.o
LOAD ./src/application_adc.o
LOAD ./src/application_ble.o
LOAD ./src/application_general.o
LOAD ./src/application_gpio.o
LOAD ./src/application_leddim.o
LOAD ./src/application_lm75.o
LOAD ./src/application_rtc.o
LOAD ./src/application_shiftreg.o
LOAD ./src/application_spiflash.o
LOAD ./src/application_uart.o
LOAD ./src/application_ws2812b.o
LOAD ./src/main.o
LOAD ./src/stm32f0xx_hal_cb.o
LOAD ./src/stm32f0xx_hal_msp.o
LOAD ./src/stm32f0xx_it.o
LOAD /Developer/Eclipse/gcc-arm-none-eabi-4_9-2015q2/bin/../lib/gcc/arm-none-eabi/4.9.3/../../../../arm-none-eabi/lib/armv6-m/libstdc++_nano.a
LOAD /Developer/Eclipse/gcc-arm-none-eabi-4_9-2015q2/bin/../lib/gcc/arm-none-eabi/4.9.3/../../../../arm-none-eabi/lib/armv6-m/libm.a
START GROUP
LOAD /Developer/Eclipse/gcc-arm-none-eabi-4_9-2015q2/bin/../lib/gcc/arm-none-eabi/4.9.3/armv6-m/libgcc.a
LOAD /Developer/Eclipse/gcc-arm-none-eabi-4_9-2015q2/bin/../lib/gcc/arm-none-eabi/4.9.3/../../../../arm-none-eabi/lib/armv6-m/libg_nano.a
LOAD /Developer/Eclipse/gcc-arm-none-eabi-4_9-2015q2/bin/../lib/gcc/arm-none-eabi/4.9.3/../../../../arm-none-eabi/lib/armv6-m/libc_nano.a
END GROUP
START GROUP
LOAD /Developer/Eclipse/gcc-arm-none-eabi-4_9-2015q2/bin/../lib/gcc/arm-none-eabi/4.9.3/armv6-m/libgcc.a
LOAD /Developer/Eclipse/gcc-arm-none-eabi-4_9-2015q2/bin/../lib/gcc/arm-none-eabi/4.9.3/../../../../arm-none-eabi/lib/armv6-m/libc_nano.a
END GROUP
                0x0000000020004000                __stack = (ORIGIN (RAM) + 0x4000)
                0x0000000020004000                _estack = __stack
                0x0000000000000400                __Main_Stack_Size = 0x400
                0x0000000000000400                PROVIDE (_Main_Stack_Size, __Main_Stack_Size)
                0x0000000020003c00                __Main_Stack_Limit = (__stack - __Main_Stack_Size)
                0x0000000020003c00                PROVIDE (_Main_Stack_Limit, __Main_Stack_Limit)
                0x0000000000000100                _Minimum_Stack_Size = 0x100
                0x00000000200016d8                PROVIDE (_Heap_Begin, _end_noinit)
                0x0000000020003c00                PROVIDE (_Heap_Limit, (__stack - __Main_Stack_Size))

.isr_vector     0x0000000008000000      0x204
                0x0000000008000000                . = ALIGN (0x4)
 *(.isr_vector)
 .isr_vector    0x0000000008000000       0xc0 ./stm32haldev/system/CMSIS/Device/ST/STM32F0xx/Source/stm32f072xb/startup_stm32f072xb.o
                0x0000000008000000                g_pfnVectors
 *(.cfmconfig)
 *(.after_vectors .after_vectors.*)
 .after_vectors
                0x00000000080000c0      0x110 ./stm32haldev/system/src/newlib/_startup.o
                0x00000000080000c0                _start
 .after_vectors
                0x00000000080001d0       0x34 ./stm32haldev/system/src/cortexm/exception_handlers.o
                0x00000000080001d0                Reset_Handler
                0x00000000080001f2                HardFault_Handler_C
                0x0000000008000204                . = ALIGN (0x4)

.inits          0x0000000008000204        0x0
                0x0000000008000204                . = ALIGN (0x4)
 *(.init)
 *(.fini)
                0x0000000008000204                . = ALIGN (0x4)
                0x0000000008000204                PROVIDE (__preinit_array_start, .)
 *(.preinit_array_sysinit .preinit_array_sysinit.*)
 *(.preinit_array_platform .preinit_array_platform.*)
 *(.preinit_array .preinit_array.*)
                0x0000000008000204                PROVIDE (__preinit_array_end, .)
                0x0000000008000204                . = ALIGN (0x4)
                0x0000000008000204                PROVIDE (__init_array_start, .)
 *(SORT(.init_array.*))
 *(.init_array)
                0x0000000008000204                PROVIDE (__init_array_end, .)
                0x0000000008000204                . = ALIGN (0x4)
                0x0000000008000204                PROVIDE (__fini_array_start, .)
 *(SORT(.fini_array.*))
 *(.fini_array)
                0x0000000008000204                PROVIDE (__fini_array_end, .)
                0x0000000008000204                . = ALIGN (0x4)

.flashtext      0x0000000008000204        0x0
                0x0000000008000204                . = ALIGN (0x4)
 *(.flashtext .flashtext.*)
                0x0000000008000204                . = ALIGN (0x4)

.text           0x0000000008000204     0x5d15
                0x0000000008000204                . = ALIGN (0x4)
 *(.text .text.*)
 .text._exit    0x0000000008000204        0x2 ./stm32haldev/system/src/newlib/_exit.o
                0x0000000008000204                _exit
 *fill*         0x0000000008000206        0x2 
 .text._sbrk    0x0000000008000208       0x40 ./stm32haldev/system/src/newlib/_sbrk.o
                0x0000000008000208                _sbrk
 .text.__initialize_args
                0x0000000008000248       0x10 ./stm32haldev/system/src/newlib/_syscalls.o
                0x0000000008000248                __initialize_args
 .text.__initialize_hardware_early
                0x0000000008000258        0x8 ./stm32haldev/system/src/cortexm/_initialize_hardware.o
                0x0000000008000258                __initialize_hardware_early
 .text.__initialize_hardware
                0x0000000008000260        0x8 ./stm32haldev/system/src/cortexm/_initialize_hardware.o
                0x0000000008000260                __initialize_hardware
 .text.HAL_InitTick
                0x0000000008000268       0x24 ./stm32haldev/system/STM32F0xx_HAL_Driver/Src/stm32f0xx_hal.o
                0x0000000008000268                HAL_InitTick
 .text.HAL_Init
                0x000000000800028c       0x20 ./stm32haldev/system/STM32F0xx_HAL_Driver/Src/stm32f0xx_hal.o
                0x000000000800028c                HAL_Init
 .text.HAL_IncTick
                0x00000000080002ac       0x10 ./stm32haldev/system/STM32F0xx_HAL_Driver/Src/stm32f0xx_hal.o
                0x00000000080002ac                HAL_IncTick
 .text.HAL_GetTick
                0x00000000080002bc        0xc ./stm32haldev/system/STM32F0xx_HAL_Driver/Src/stm32f0xx_hal.o
                0x00000000080002bc                HAL_GetTick
 .text.HAL_Delay
                0x00000000080002c8       0x18 ./stm32haldev/system/STM32F0xx_HAL_Driver/Src/stm32f0xx_hal.o
                0x00000000080002c8                HAL_Delay
 .text.ADC_Disable
                0x00000000080002e0       0x76 ./stm32haldev/system/STM32F0xx_HAL_Driver/Src/stm32f0xx_hal_adc.o
 .text.ADC_ConversionStop
                0x0000000008000356       0x50 ./stm32haldev/system/STM32F0xx_HAL_Driver/Src/stm32f0xx_hal_adc.o
 *fill*         0x00000000080003a6        0x2 
 .text.HAL_ADC_Init
                0x00000000080003a8      0x138 ./stm32haldev/system/STM32F0xx_HAL_Driver/Src/stm32f0xx_hal_adc.o
                0x00000000080003a8                HAL_ADC_Init
 .text.HAL_ADC_DeInit
                0x00000000080004e0       0x94 ./stm32haldev/system/STM32F0xx_HAL_Driver/Src/stm32f0xx_hal_adc.o
                0x00000000080004e0                HAL_ADC_DeInit
 .text.HAL_ADC_ConfigChannel
                0x0000000008000574       0xfc ./stm32haldev/system/STM32F0xx_HAL_Driver/Src/stm32f0xx_hal_adc.o
                0x0000000008000574                HAL_ADC_ConfigChannel
 .text.HAL_NVIC_SetPriority
                0x0000000008000670       0x64 ./stm32haldev/system/STM32F0xx_HAL_Driver/Src/stm32f0xx_hal_cortex.o
                0x0000000008000670                HAL_NVIC_SetPriority
 .text.HAL_NVIC_EnableIRQ
                0x00000000080006d4       0x14 ./stm32haldev/system/STM32F0xx_HAL_Driver/Src/stm32f0xx_hal_cortex.o
                0x00000000080006d4                HAL_NVIC_EnableIRQ
 .text.HAL_NVIC_DisableIRQ
                0x00000000080006e8       0x14 ./stm32haldev/system/STM32F0xx_HAL_Driver/Src/stm32f0xx_hal_cortex.o
                0x00000000080006e8                HAL_NVIC_DisableIRQ
 .text.HAL_SYSTICK_Config
                0x00000000080006fc       0x34 ./stm32haldev/system/STM32F0xx_HAL_Driver/Src/stm32f0xx_hal_cortex.o
                0x00000000080006fc                HAL_SYSTICK_Config
 .text.HAL_DMA_Init
                0x0000000008000730       0x50 ./stm32haldev/system/STM32F0xx_HAL_Driver/Src/stm32f0xx_hal_dma.o
                0x0000000008000730                HAL_DMA_Init
 .text.HAL_DMA_Start_IT
                0x0000000008000780       0x56 ./stm32haldev/system/STM32F0xx_HAL_Driver/Src/stm32f0xx_hal_dma.o
                0x0000000008000780                HAL_DMA_Start_IT
 *fill*         0x00000000080007d6        0x2 
 .text.HAL_DMA_IRQHandler
                0x00000000080007d8      0x24c ./stm32haldev/system/STM32F0xx_HAL_Driver/Src/stm32f0xx_hal_dma.o
                0x00000000080007d8                HAL_DMA_IRQHandler
 .text.HAL_GPIO_Init
                0x0000000008000a24      0x170 ./stm32haldev/system/STM32F0xx_HAL_Driver/Src/stm32f0xx_hal_gpio.o
                0x0000000008000a24                HAL_GPIO_Init
 .text.HAL_GPIO_DeInit
                0x0000000008000b94       0xf0 ./stm32haldev/system/STM32F0xx_HAL_Driver/Src/stm32f0xx_hal_gpio.o
                0x0000000008000b94                HAL_GPIO_DeInit
 .text.HAL_GPIO_WritePin
                0x0000000008000c84        0xc ./stm32haldev/system/STM32F0xx_HAL_Driver/Src/stm32f0xx_hal_gpio.o
                0x0000000008000c84                HAL_GPIO_WritePin
 .text.HAL_GPIO_TogglePin
                0x0000000008000c90        0x8 ./stm32haldev/system/STM32F0xx_HAL_Driver/Src/stm32f0xx_hal_gpio.o
                0x0000000008000c90                HAL_GPIO_TogglePin
 .text.HAL_GPIO_EXTI_IRQHandler
                0x0000000008000c98       0x18 ./stm32haldev/system/STM32F0xx_HAL_Driver/Src/stm32f0xx_hal_gpio.o
                0x0000000008000c98                HAL_GPIO_EXTI_IRQHandler
 .text.I2C_TransferConfig
                0x0000000008000cb0       0x24 ./stm32haldev/system/STM32F0xx_HAL_Driver/Src/stm32f0xx_hal_i2c.o
 .text.I2C_IsAcknowledgeFailed
                0x0000000008000cd4       0x8c ./stm32haldev/system/STM32F0xx_HAL_Driver/Src/stm32f0xx_hal_i2c.o
 .text.I2C_WaitOnFlagUntilTimeout
                0x0000000008000d60       0x72 ./stm32haldev/system/STM32F0xx_HAL_Driver/Src/stm32f0xx_hal_i2c.o
 .text.I2C_WaitOnTXISFlagUntilTimeout
                0x0000000008000dd2       0x56 ./stm32haldev/system/STM32F0xx_HAL_Driver/Src/stm32f0xx_hal_i2c.o
 .text.I2C_WaitOnSTOPFlagUntilTimeout
                0x0000000008000e28       0x52 ./stm32haldev/system/STM32F0xx_HAL_Driver/Src/stm32f0xx_hal_i2c.o
 *fill*         0x0000000008000e7a        0x2 
 .text.HAL_I2C_Init
                0x0000000008000e7c       0xa4 ./stm32haldev/system/STM32F0xx_HAL_Driver/Src/stm32f0xx_hal_i2c.o
                0x0000000008000e7c                HAL_I2C_Init
 .text.HAL_I2C_Master_Transmit
                0x0000000008000f20      0x11c ./stm32haldev/system/STM32F0xx_HAL_Driver/Src/stm32f0xx_hal_i2c.o
                0x0000000008000f20                HAL_I2C_Master_Transmit
 .text.HAL_I2C_Master_Receive
                0x000000000800103c      0x118 ./stm32haldev/system/STM32F0xx_HAL_Driver/Src/stm32f0xx_hal_i2c.o
                0x000000000800103c                HAL_I2C_Master_Receive
 .text.HAL_I2C_IsDeviceReady
                0x0000000008001154      0x11c ./stm32haldev/system/STM32F0xx_HAL_Driver/Src/stm32f0xx_hal_i2c.o
                0x0000000008001154                HAL_I2C_IsDeviceReady
 .text.HAL_I2C_MasterTxCpltCallback
                0x0000000008001270        0x2 ./stm32haldev/system/STM32F0xx_HAL_Driver/Src/stm32f0xx_hal_i2c.o
                0x0000000008001270                HAL_I2C_MasterTxCpltCallback
 .text.HAL_I2C_MasterRxCpltCallback
                0x0000000008001272        0x2 ./stm32haldev/system/STM32F0xx_HAL_Driver/Src/stm32f0xx_hal_i2c.o
                0x0000000008001272                HAL_I2C_MasterRxCpltCallback
 .text.HAL_I2C_SlaveTxCpltCallback
                0x0000000008001274        0x2 ./stm32haldev/system/STM32F0xx_HAL_Driver/Src/stm32f0xx_hal_i2c.o
                0x0000000008001274                HAL_I2C_SlaveTxCpltCallback
 .text.HAL_I2C_SlaveRxCpltCallback
                0x0000000008001276        0x2 ./stm32haldev/system/STM32F0xx_HAL_Driver/Src/stm32f0xx_hal_i2c.o
                0x0000000008001276                HAL_I2C_SlaveRxCpltCallback
 .text.HAL_I2C_MemTxCpltCallback
                0x0000000008001278        0x2 ./stm32haldev/system/STM32F0xx_HAL_Driver/Src/stm32f0xx_hal_i2c.o
                0x0000000008001278                HAL_I2C_MemTxCpltCallback
 .text.HAL_I2C_MemRxCpltCallback
                0x000000000800127a        0x2 ./stm32haldev/system/STM32F0xx_HAL_Driver/Src/stm32f0xx_hal_i2c.o
                0x000000000800127a                HAL_I2C_MemRxCpltCallback
 .text.HAL_I2C_ErrorCallback
                0x000000000800127c        0x2 ./stm32haldev/system/STM32F0xx_HAL_Driver/Src/stm32f0xx_hal_i2c.o
                0x000000000800127c                HAL_I2C_ErrorCallback
 *fill*         0x000000000800127e        0x2 
 .text.HAL_I2C_EV_IRQHandler
                0x0000000008001280      0x414 ./stm32haldev/system/STM32F0xx_HAL_Driver/Src/stm32f0xx_hal_i2c.o
                0x0000000008001280                HAL_I2C_EV_IRQHandler
 .text.HAL_I2C_ER_IRQHandler
                0x0000000008001694       0x68 ./stm32haldev/system/STM32F0xx_HAL_Driver/Src/stm32f0xx_hal_i2c.o
                0x0000000008001694                HAL_I2C_ER_IRQHandler
 .text.HAL_I2C_GetError
                0x00000000080016fc        0x4 ./stm32haldev/system/STM32F0xx_HAL_Driver/Src/stm32f0xx_hal_i2c.o
                0x00000000080016fc                HAL_I2C_GetError
 .text.HAL_I2CEx_ConfigAnalogFilter
                0x0000000008001700       0x60 ./stm32haldev/system/STM32F0xx_HAL_Driver/Src/stm32f0xx_hal_i2c_ex.o
                0x0000000008001700                HAL_I2CEx_ConfigAnalogFilter
 .text.HAL_MspInit
                0x0000000008001760        0x2 ./stm32haldev/system/STM32F0xx_HAL_Driver/Src/stm32f0xx_hal_msp_template.o
                0x0000000008001760                HAL_MspInit
 *fill*         0x0000000008001762        0x2 
 .text.HAL_PWR_EnableBkUpAccess
                0x0000000008001764       0x14 ./stm32haldev/system/STM32F0xx_HAL_Driver/Src/stm32f0xx_hal_pwr.o
                0x0000000008001764                HAL_PWR_EnableBkUpAccess
 .text.HAL_RCC_OscConfig
                0x0000000008001778      0x484 ./stm32haldev/system/STM32F0xx_HAL_Driver/Src/stm32f0xx_hal_rcc.o
                0x0000000008001778                HAL_RCC_OscConfig
 .text.HAL_RCC_ClockConfig
                0x0000000008001bfc      0x204 ./stm32haldev/system/STM32F0xx_HAL_Driver/Src/stm32f0xx_hal_rcc.o
                0x0000000008001bfc                HAL_RCC_ClockConfig
 .text.HAL_RCC_GetSysClockFreq
                0x0000000008001e00       0x78 ./stm32haldev/system/STM32F0xx_HAL_Driver/Src/stm32f0xx_hal_rcc.o
                0x0000000008001e00                HAL_RCC_GetSysClockFreq
 .text.HAL_RCC_GetHCLKFreq
                0x0000000008001e78       0x28 ./stm32haldev/system/STM32F0xx_HAL_Driver/Src/stm32f0xx_hal_rcc.o
                0x0000000008001e78                HAL_RCC_GetHCLKFreq
 .text.HAL_RCC_GetPCLK1Freq
                0x0000000008001ea0       0x20 ./stm32haldev/system/STM32F0xx_HAL_Driver/Src/stm32f0xx_hal_rcc.o
                0x0000000008001ea0                HAL_RCC_GetPCLK1Freq
 .text.HAL_RCCEx_PeriphCLKConfig
                0x0000000008001ec0      0x110 ./stm32haldev/system/STM32F0xx_HAL_Driver/Src/stm32f0xx_hal_rcc_ex.o
                0x0000000008001ec0                HAL_RCCEx_PeriphCLKConfig
 .text.HAL_RTC_WaitForSynchro
                0x0000000008001fd0       0x32 ./stm32haldev/system/STM32F0xx_HAL_Driver/Src/stm32f0xx_hal_rtc.o
                0x0000000008001fd0                HAL_RTC_WaitForSynchro
 .text.RTC_EnterInitMode
                0x0000000008002002       0x36 ./stm32haldev/system/STM32F0xx_HAL_Driver/Src/stm32f0xx_hal_rtc.o
                0x0000000008002002                RTC_EnterInitMode
 .text.HAL_RTC_Init
                0x0000000008002038       0x90 ./stm32haldev/system/STM32F0xx_HAL_Driver/Src/stm32f0xx_hal_rtc.o
                0x0000000008002038                HAL_RTC_Init
 .text.RTC_ByteToBcd2
                0x00000000080020c8       0x16 ./stm32haldev/system/STM32F0xx_HAL_Driver/Src/stm32f0xx_hal_rtc.o
                0x00000000080020c8                RTC_ByteToBcd2
 *fill*         0x00000000080020de        0x2 
 .text.HAL_RTC_SetTime
                0x00000000080020e0       0xe8 ./stm32haldev/system/STM32F0xx_HAL_Driver/Src/stm32f0xx_hal_rtc.o
                0x00000000080020e0                HAL_RTC_SetTime
 .text.HAL_RTC_SetDate
                0x00000000080021c8       0xcc ./stm32haldev/system/STM32F0xx_HAL_Driver/Src/stm32f0xx_hal_rtc.o
                0x00000000080021c8                HAL_RTC_SetDate
 .text.RTC_Bcd2ToByte
                0x0000000008002294       0x10 ./stm32haldev/system/STM32F0xx_HAL_Driver/Src/stm32f0xx_hal_rtc.o
                0x0000000008002294                RTC_Bcd2ToByte
 .text.HAL_RTC_GetTime
                0x00000000080022a4       0x46 ./stm32haldev/system/STM32F0xx_HAL_Driver/Src/stm32f0xx_hal_rtc.o
                0x00000000080022a4                HAL_RTC_GetTime
 .text.HAL_RTC_GetDate
                0x00000000080022ea       0x3e ./stm32haldev/system/STM32F0xx_HAL_Driver/Src/stm32f0xx_hal_rtc.o
                0x00000000080022ea                HAL_RTC_GetDate
 .text.HAL_RTCEx_BKUPWrite
                0x0000000008002328        0xc ./stm32haldev/system/STM32F0xx_HAL_Driver/Src/stm32f0xx_hal_rtc_ex.o
                0x0000000008002328                HAL_RTCEx_BKUPWrite
 .text.HAL_RTCEx_BKUPRead
                0x0000000008002334        0xc ./stm32haldev/system/STM32F0xx_HAL_Driver/Src/stm32f0xx_hal_rtc_ex.o
                0x0000000008002334                HAL_RTCEx_BKUPRead
 .text.SPI_WaitFifoStateUntilTimeout
                0x0000000008002340       0xac ./stm32haldev/system/STM32F0xx_HAL_Driver/Src/stm32f0xx_hal_spi.o
 .text.SPI_WaitFlagStateUntilTimeout
                0x00000000080023ec       0x94 ./stm32haldev/system/STM32F0xx_HAL_Driver/Src/stm32f0xx_hal_spi.o
 .text.SPI_EndRxTxTransaction
                0x0000000008002480       0x30 ./stm32haldev/system/STM32F0xx_HAL_Driver/Src/stm32f0xx_hal_spi.o
 .text.HAL_SPI_Init
                0x00000000080024b0       0xcc ./stm32haldev/system/STM32F0xx_HAL_Driver/Src/stm32f0xx_hal_spi.o
                0x00000000080024b0                HAL_SPI_Init
 .text.HAL_SPI_TransmitReceive
                0x000000000800257c      0x298 ./stm32haldev/system/STM32F0xx_HAL_Driver/Src/stm32f0xx_hal_spi.o
                0x000000000800257c                HAL_SPI_TransmitReceive
 .text.TIM_OC1_SetConfig
                0x0000000008002814       0x88 ./stm32haldev/system/STM32F0xx_HAL_Driver/Src/stm32f0xx_hal_tim.o
 .text.TIM_OC3_SetConfig
                0x000000000800289c       0x8c ./stm32haldev/system/STM32F0xx_HAL_Driver/Src/stm32f0xx_hal_tim.o
 .text.TIM_OC4_SetConfig
                0x0000000008002928       0x74 ./stm32haldev/system/STM32F0xx_HAL_Driver/Src/stm32f0xx_hal_tim.o
 .text.HAL_TIM_Base_Start_IT
                0x000000000800299c       0x14 ./stm32haldev/system/STM32F0xx_HAL_Driver/Src/stm32f0xx_hal_tim.o
                0x000000000800299c                HAL_TIM_Base_Start_IT
 .text.HAL_TIM_OC_DelayElapsedCallback
                0x00000000080029b0        0x2 ./stm32haldev/system/STM32F0xx_HAL_Driver/Src/stm32f0xx_hal_tim.o
                0x00000000080029b0                HAL_TIM_OC_DelayElapsedCallback
 .text.HAL_TIM_IC_CaptureCallback
                0x00000000080029b2        0x2 ./stm32haldev/system/STM32F0xx_HAL_Driver/Src/stm32f0xx_hal_tim.o
                0x00000000080029b2                HAL_TIM_IC_CaptureCallback
 .text.HAL_TIM_PWM_PulseFinishedCallback
                0x00000000080029b4        0x2 ./stm32haldev/system/STM32F0xx_HAL_Driver/Src/stm32f0xx_hal_tim.o
                0x00000000080029b4                HAL_TIM_PWM_PulseFinishedCallback
 .text.TIM_DMADelayPulseCplt
                0x00000000080029b6       0x3c ./stm32haldev/system/STM32F0xx_HAL_Driver/Src/stm32f0xx_hal_tim.o
                0x00000000080029b6                TIM_DMADelayPulseCplt
 .text.HAL_TIM_TriggerCallback
                0x00000000080029f2        0x2 ./stm32haldev/system/STM32F0xx_HAL_Driver/Src/stm32f0xx_hal_tim.o
                0x00000000080029f2                HAL_TIM_TriggerCallback
 .text.HAL_TIM_IRQHandler
                0x00000000080029f4      0x146 ./stm32haldev/system/STM32F0xx_HAL_Driver/Src/stm32f0xx_hal_tim.o
                0x00000000080029f4                HAL_TIM_IRQHandler
 .text.HAL_TIM_ErrorCallback
                0x0000000008002b3a        0x2 ./stm32haldev/system/STM32F0xx_HAL_Driver/Src/stm32f0xx_hal_tim.o
                0x0000000008002b3a                HAL_TIM_ErrorCallback
 .text.TIM_DMAError
                0x0000000008002b3c       0x12 ./stm32haldev/system/STM32F0xx_HAL_Driver/Src/stm32f0xx_hal_tim.o
                0x0000000008002b3c                TIM_DMAError
 *fill*         0x0000000008002b4e        0x2 
 .text.TIM_Base_SetConfig
                0x0000000008002b50       0x98 ./stm32haldev/system/STM32F0xx_HAL_Driver/Src/stm32f0xx_hal_tim.o
                0x0000000008002b50                TIM_Base_SetConfig
 .text.HAL_TIM_Base_Init
                0x0000000008002be8       0x36 ./stm32haldev/system/STM32F0xx_HAL_Driver/Src/stm32f0xx_hal_tim.o
                0x0000000008002be8                HAL_TIM_Base_Init
 .text.HAL_TIM_PWM_Init
                0x0000000008002c1e       0x36 ./stm32haldev/system/STM32F0xx_HAL_Driver/Src/stm32f0xx_hal_tim.o
                0x0000000008002c1e                HAL_TIM_PWM_Init
 .text.TIM_OC2_SetConfig
                0x0000000008002c54       0x84 ./stm32haldev/system/STM32F0xx_HAL_Driver/Src/stm32f0xx_hal_tim.o
                0x0000000008002c54                TIM_OC2_SetConfig
 .text.HAL_TIM_PWM_ConfigChannel
                0x0000000008002cd8       0xcc ./stm32haldev/system/STM32F0xx_HAL_Driver/Src/stm32f0xx_hal_tim.o
                0x0000000008002cd8                HAL_TIM_PWM_ConfigChannel
 .text.TIM_CCxChannelCmd
                0x0000000008002da4       0x16 ./stm32haldev/system/STM32F0xx_HAL_Driver/Src/stm32f0xx_hal_tim.o
                0x0000000008002da4                TIM_CCxChannelCmd
 *fill*         0x0000000008002dba        0x2 
 .text.HAL_TIM_PWM_Start
                0x0000000008002dbc       0x4c ./stm32haldev/system/STM32F0xx_HAL_Driver/Src/stm32f0xx_hal_tim.o
                0x0000000008002dbc                HAL_TIM_PWM_Start
 .text.HAL_TIM_PWM_Start_DMA
                0x0000000008002e08      0x108 ./stm32haldev/system/STM32F0xx_HAL_Driver/Src/stm32f0xx_hal_tim.o
                0x0000000008002e08                HAL_TIM_PWM_Start_DMA
 .text.HAL_TIMEx_CommutationCallback
                0x0000000008002f10        0x2 ./stm32haldev/system/STM32F0xx_HAL_Driver/Src/stm32f0xx_hal_tim_ex.o
                0x0000000008002f10                HAL_TIMEx_CommutationCallback
 .text.HAL_TIMEx_BreakCallback
                0x0000000008002f12        0x2 ./stm32haldev/system/STM32F0xx_HAL_Driver/Src/stm32f0xx_hal_tim_ex.o
                0x0000000008002f12                HAL_TIMEx_BreakCallback
 .text.HAL_UART_DeInit
                0x0000000008002f14       0x32 ./stm32haldev/system/STM32F0xx_HAL_Driver/Src/stm32f0xx_hal_uart.o
                0x0000000008002f14                HAL_UART_DeInit
 .text.HAL_UART_Transmit_IT
                0x0000000008002f46       0x64 ./stm32haldev/system/STM32F0xx_HAL_Driver/Src/stm32f0xx_hal_uart.o
                0x0000000008002f46                HAL_UART_Transmit_IT
 *fill*         0x0000000008002faa        0x2 
 .text.HAL_UART_Receive_IT
                0x0000000008002fac       0xb0 ./stm32haldev/system/STM32F0xx_HAL_Driver/Src/stm32f0xx_hal_uart.o
                0x0000000008002fac                HAL_UART_Receive_IT
 .text.UART_SetConfig
                0x000000000800305c      0x168 ./stm32haldev/system/STM32F0xx_HAL_Driver/Src/stm32f0xx_hal_uart.o
                0x000000000800305c                UART_SetConfig
 .text.UART_AdvFeatureConfig
                0x00000000080031c4       0xd0 ./stm32haldev/system/STM32F0xx_HAL_Driver/Src/stm32f0xx_hal_uart.o
                0x00000000080031c4                UART_AdvFeatureConfig
 .text.UART_WaitOnFlagUntilTimeout
                0x0000000008003294       0x90 ./stm32haldev/system/STM32F0xx_HAL_Driver/Src/stm32f0xx_hal_uart.o
                0x0000000008003294                UART_WaitOnFlagUntilTimeout
 .text.HAL_UART_Transmit
                0x0000000008003324       0xb8 ./stm32haldev/system/STM32F0xx_HAL_Driver/Src/stm32f0xx_hal_uart.o
                0x0000000008003324                HAL_UART_Transmit
 .text.UART_CheckIdleState
                0x00000000080033dc       0x70 ./stm32haldev/system/STM32F0xx_HAL_Driver/Src/stm32f0xx_hal_uart.o
                0x00000000080033dc                UART_CheckIdleState
 .text.HAL_UART_Init
                0x000000000800344c       0x6c ./stm32haldev/system/STM32F0xx_HAL_Driver/Src/stm32f0xx_hal_uart.o
                0x000000000800344c                HAL_UART_Init
 .text.UART_Transmit_IT
                0x00000000080034b8       0x64 ./stm32haldev/system/STM32F0xx_HAL_Driver/Src/stm32f0xx_hal_uart.o
                0x00000000080034b8                UART_Transmit_IT
 .text.UART_EndTransmit_IT
                0x000000000800351c       0x2e ./stm32haldev/system/STM32F0xx_HAL_Driver/Src/stm32f0xx_hal_uart.o
                0x000000000800351c                UART_EndTransmit_IT
 *fill*         0x000000000800354a        0x2 
 .text.UART_Receive_IT
                0x000000000800354c       0x8c ./stm32haldev/system/STM32F0xx_HAL_Driver/Src/stm32f0xx_hal_uart.o
                0x000000000800354c                UART_Receive_IT
 .text.HAL_UARTEx_WakeupCallback
                0x00000000080035d8        0x2 ./stm32haldev/system/STM32F0xx_HAL_Driver/Src/stm32f0xx_hal_uart_ex.o
                0x00000000080035d8                HAL_UARTEx_WakeupCallback
 .text.HAL_UART_IRQHandler
                0x00000000080035da       0xfc ./stm32haldev/system/STM32F0xx_HAL_Driver/Src/stm32f0xx_hal_uart_ex.o
                0x00000000080035da                HAL_UART_IRQHandler
 *fill*         0x00000000080036d6        0x2 
 .text.SystemInit
                0x00000000080036d8       0x60 ./stm32haldev/system/CMSIS/Device/ST/STM32F0xx/Source/system/system_stm32f0xx.o
                0x00000000080036d8                SystemInit
 .text.SystemCoreClockUpdate
                0x0000000008003738       0x74 ./stm32haldev/system/CMSIS/Device/ST/STM32F0xx/Source/system/system_stm32f0xx.o
                0x0000000008003738                SystemCoreClockUpdate
 .text.Default_Handler
                0x00000000080037ac        0x2 ./stm32haldev/system/CMSIS/Device/ST/STM32F0xx/Source/stm32f072xb/startup_stm32f072xb.o
                0x00000000080037ac                TIM1_BRK_UP_TRG_COM_IRQHandler
                0x00000000080037ac                TSC_IRQHandler
                0x00000000080037ac                ADC1_COMP_IRQHandler
                0x00000000080037ac                RCC_CRS_IRQHandler
                0x00000000080037ac                SPI1_IRQHandler
                0x00000000080037ac                USART3_4_IRQHandler
                0x00000000080037ac                I2C2_IRQHandler
                0x00000000080037ac                TIM17_IRQHandler
                0x00000000080037ac                CEC_CAN_IRQHandler
                0x00000000080037ac                RTC_IRQHandler
                0x00000000080037ac                PVD_VDDIO2_IRQHandler
                0x00000000080037ac                TIM16_IRQHandler
                0x00000000080037ac                TIM3_IRQHandler
                0x00000000080037ac                EXTI4_15_IRQHandler
                0x00000000080037ac                DMA1_Channel1_IRQHandler
                0x00000000080037ac                Default_Handler
                0x00000000080037ac                TIM14_IRQHandler
                0x00000000080037ac                TIM7_IRQHandler
                0x00000000080037ac                TIM15_IRQHandler
                0x00000000080037ac                EXTI0_1_IRQHandler
                0x00000000080037ac                USB_IRQHandler
                0x00000000080037ac                SPI2_IRQHandler
                0x00000000080037ac                WWDG_IRQHandler
                0x00000000080037ac                TIM2_IRQHandler
                0x00000000080037ac                DMA1_Channel2_3_IRQHandler
                0x00000000080037ac                FLASH_IRQHandler
                0x00000000080037ac                TIM1_CC_IRQHandler
 .text.stm32dev_i2c_isDeviceConnected
                0x00000000080037ae       0x14 ./stm32haldev/stm32dev/src/stm32f0/stm32dev_i2c_f0.o
                0x00000000080037ae                stm32dev_i2c_isDeviceConnected
 .text.stm32dev_i2c_readMulti_noRegister_polling
                0x00000000080037c2       0x20 ./stm32haldev/stm32dev/src/stm32f0/stm32dev_i2c_f0.o
                0x00000000080037c2                stm32dev_i2c_readMulti_noRegister_polling
 .text.stm32dev_i2c_write_noRegister_polling
                0x00000000080037e2       0x2c ./stm32haldev/stm32dev/src/stm32f0/stm32dev_i2c_f0.o
                0x00000000080037e2                stm32dev_i2c_write_noRegister_polling
 *fill*         0x000000000800380e        0x2 
 .text.stm32dev_flash_s25fl208_transmitToSPI_noCS
                0x0000000008003810       0x2c ./stm32haldev/stm32dev/src/general/stm32dev_flash_s25fl208.o
 .text.stm32dev_flash_s25fl208_CSState.part.0
                0x000000000800383c       0x1c ./stm32haldev/stm32dev/src/general/stm32dev_flash_s25fl208.o
 .text.stm32dev_flash_s25fl208_setPrintfRoutine
                0x0000000008003858        0xc ./stm32haldev/stm32dev/src/general/stm32dev_flash_s25fl208.o
                0x0000000008003858                stm32dev_flash_s25fl208_setPrintfRoutine
 .text.stm32dev_flash_s25fl208_transmitToSPI
                0x0000000008003864       0x28 ./stm32haldev/stm32dev/src/general/stm32dev_flash_s25fl208.o
                0x0000000008003864                stm32dev_flash_s25fl208_transmitToSPI
 .text.stm32dev_flash_s25fl208_transmitToPrintf
                0x000000000800388c       0x14 ./stm32haldev/stm32dev/src/general/stm32dev_flash_s25fl208.o
                0x000000000800388c                stm32dev_flash_s25fl208_transmitToPrintf
 .text.stm32dev_flash_s25fl208_init
                0x00000000080038a0       0x78 ./stm32haldev/stm32dev/src/general/stm32dev_flash_s25fl208.o
                0x00000000080038a0                stm32dev_flash_s25fl208_init
 .text.stm32dev_flash_s25fl208_sendCommand_readStatusRegister
                0x0000000008003918       0x20 ./stm32haldev/stm32dev/src/general/stm32dev_flash_s25fl208.o
                0x0000000008003918                stm32dev_flash_s25fl208_sendCommand_readStatusRegister
 .text.stm32dev_flash_s25fl208_sendCommand_releaseDeepPowerDown
                0x0000000008003938       0x18 ./stm32haldev/stm32dev/src/general/stm32dev_flash_s25fl208.o
                0x0000000008003938                stm32dev_flash_s25fl208_sendCommand_releaseDeepPowerDown
 .text.stm32dev_flash_s25fl208_convert_statusRegister
                0x0000000008003950       0x22 ./stm32haldev/stm32dev/src/general/stm32dev_flash_s25fl208.o
                0x0000000008003950                stm32dev_flash_s25fl208_convert_statusRegister
 .text.stm32dev_flash_s25fl208_waitForProgrammingDone
                0x0000000008003972       0x12 ./stm32haldev/stm32dev/src/general/stm32dev_flash_s25fl208.o
                0x0000000008003972                stm32dev_flash_s25fl208_waitForProgrammingDone
 .text.stm32dev_general_getDec
                0x0000000008003984       0x3c ./stm32haldev/stm32dev/src/general/stm32dev_general.o
                0x0000000008003984                stm32dev_general_getDec
 .text.application_adc_init
                0x00000000080039c0       0xb8 ./src/application_adc.o
                0x00000000080039c0                application_adc_init
 .text.application_ble_transmit
                0x0000000008003a78       0x30 ./src/application_ble.o
                0x0000000008003a78                application_ble_transmit
 .text.application_ble_init
                0x0000000008003aa8       0x64 ./src/application_ble.o
                0x0000000008003aa8                application_ble_init
 .text.application_ble_received
                0x0000000008003b0c       0x30 ./src/application_ble.o
                0x0000000008003b0c                application_ble_received
 .text.application_ble_parseMessage
                0x0000000008003b3c       0x30 ./src/application_ble.o
                0x0000000008003b3c                application_ble_parseMessage
 .text.Error_Handler
                0x0000000008003b6c        0x2 ./src/application_general.o
                0x0000000008003b6c                Error_Handler
 .text.SystemClock_Config
                0x0000000008003b6e       0x4a ./src/application_general.o
                0x0000000008003b6e                SystemClock_Config
 .text.application_gpio_init
                0x0000000008003bb8       0x88 ./src/application_gpio.o
                0x0000000008003bb8                application_gpio_init
 .text.application_gpio_exti_cb
                0x0000000008003c40       0x64 ./src/application_gpio.o
                0x0000000008003c40                application_gpio_exti_cb
 .text.application_leddim_init
                0x0000000008003ca4      0x128 ./src/application_leddim.o
                0x0000000008003ca4                application_leddim_init
 .text.application_lm75_present
                0x0000000008003dcc       0x10 ./src/application_lm75.o
                0x0000000008003dcc                application_lm75_present
 .text.application_lm75_init
                0x0000000008003ddc       0x50 ./src/application_lm75.o
                0x0000000008003ddc                application_lm75_init
 .text.application_lm75_setPointerReg
                0x0000000008003e2c       0x14 ./src/application_lm75.o
                0x0000000008003e2c                application_lm75_setPointerReg
 .text.application_lm75_readReg_16bit
                0x0000000008003e40       0x28 ./src/application_lm75.o
                0x0000000008003e40                application_lm75_readReg_16bit
 .text.application_lm75_readTemp
                0x0000000008003e68        0xa ./src/application_lm75.o
                0x0000000008003e68                application_lm75_readTemp
 .text.application_lm75_temperature
                0x0000000008003e72       0x44 ./src/application_lm75.o
                0x0000000008003e72                application_lm75_temperature
 *fill*         0x0000000008003eb6        0x2 
 .text.application_rtc_calenderconfig
                0x0000000008003eb8       0x60 ./src/application_rtc.o
                0x0000000008003eb8                application_rtc_calenderconfig
 .text.application_rtc_init
                0x0000000008003f18       0x7c ./src/application_rtc.o
                0x0000000008003f18                application_rtc_init
 .text.application_rtc_calendarshow
                0x0000000008003f94       0x58 ./src/application_rtc.o
                0x0000000008003f94                application_rtc_calendarshow
 .text.application_rtc_calendarshow_shiftreg
                0x0000000008003fec       0x48 ./src/application_rtc.o
                0x0000000008003fec                application_rtc_calendarshow_shiftreg
 .text.application_shiftreg_init
                0x0000000008004034      0x110 ./src/application_shiftreg.o
                0x0000000008004034                application_shiftreg_init
 .text.application_shiftreg_update
                0x0000000008004144       0x64 ./src/application_shiftreg.o
                0x0000000008004144                application_shiftreg_update
 .text.application_shiftreg_setValue_double
                0x00000000080041a8       0xc0 ./src/application_shiftreg.o
                0x00000000080041a8                application_shiftreg_setValue_double
 .text.application_shiftreg_addHex
                0x0000000008004268       0x78 ./src/application_shiftreg.o
                0x0000000008004268                application_shiftreg_addHex
 .text.application_shiftreg_setHex
                0x00000000080042e0       0x20 ./src/application_shiftreg.o
                0x00000000080042e0                application_shiftreg_setHex
 .text.application_shiftreg_setChar
                0x0000000008004300       0xde ./src/application_shiftreg.o
                0x0000000008004300                application_shiftreg_setChar
 *fill*         0x00000000080043de        0x2 
 .text.application_shiftreg_setSegment
                0x00000000080043e0       0x3c ./src/application_shiftreg.o
                0x00000000080043e0                application_shiftreg_setSegment
 .text.application_shiftreg_timerInterrupt
                0x000000000800441c       0x64 ./src/application_shiftreg.o
                0x000000000800441c                application_shiftreg_timerInterrupt
 .text.application_shiftreg_setLed
                0x0000000008004480       0x30 ./src/application_shiftreg.o
                0x0000000008004480                application_shiftreg_setLed
 .text.application_spiflash_init
                0x00000000080044b0      0x124 ./src/application_spiflash.o
                0x00000000080044b0                application_spiflash_init
 .text.application_uart_transmit
                0x00000000080045d4       0x30 ./src/application_uart.o
                0x00000000080045d4                application_uart_transmit
 .text.application_uart_init
                0x0000000008004604       0x50 ./src/application_uart.o
                0x0000000008004604                application_uart_init
 .text.application_uart_transmitSize
                0x0000000008004654       0x20 ./src/application_uart.o
                0x0000000008004654                application_uart_transmitSize
 .text.application_ws2812b_setColor
                0x0000000008004674       0xb8 ./src/application_ws2812b.o
                0x0000000008004674                application_ws2812b_setColor
 .text.application_ws2812b_setColorAll
                0x000000000800472c       0x1c ./src/application_ws2812b.o
                0x000000000800472c                application_ws2812b_setColorAll
 .text.application_ws2812b_init
                0x0000000008004748       0xa4 ./src/application_ws2812b.o
                0x0000000008004748                application_ws2812b_init
 .text.startup.main
                0x00000000080047ec       0xd0 ./src/main.o
                0x00000000080047ec                main
 .text.HAL_GPIO_EXTI_Callback
                0x00000000080048bc        0xc ./src/stm32f0xx_hal_cb.o
                0x00000000080048bc                HAL_GPIO_EXTI_Callback
 .text.HAL_UART_TxCpltCallback
                0x00000000080048c8       0x2c ./src/stm32f0xx_hal_cb.o
                0x00000000080048c8                HAL_UART_TxCpltCallback
 .text.HAL_UART_RxCpltCallback
                0x00000000080048f4       0x4c ./src/stm32f0xx_hal_cb.o
                0x00000000080048f4                HAL_UART_RxCpltCallback
 .text.HAL_UART_ErrorCallback
                0x0000000008004940        0x2 ./src/stm32f0xx_hal_cb.o
                0x0000000008004940                HAL_UART_ErrorCallback
 *fill*         0x0000000008004942        0x2 
 .text.HAL_TIM_PeriodElapsedCallback
                0x0000000008004944       0x14 ./src/stm32f0xx_hal_cb.o
                0x0000000008004944                HAL_TIM_PeriodElapsedCallback
 .text.HAL_UART_MspInit
                0x0000000008004958       0xe4 ./src/stm32f0xx_hal_msp.o
                0x0000000008004958                HAL_UART_MspInit
 .text.HAL_UART_MspDeInit
                0x0000000008004a3c       0x84 ./src/stm32f0xx_hal_msp.o
                0x0000000008004a3c                HAL_UART_MspDeInit
 .text.HAL_ADC_MspInit
                0x0000000008004ac0       0x64 ./src/stm32f0xx_hal_msp.o
                0x0000000008004ac0                HAL_ADC_MspInit
 .text.HAL_ADC_MspDeInit
                0x0000000008004b24       0x34 ./src/stm32f0xx_hal_msp.o
                0x0000000008004b24                HAL_ADC_MspDeInit
 .text.HAL_SPI_MspInit
                0x0000000008004b58       0x78 ./src/stm32f0xx_hal_msp.o
                0x0000000008004b58                HAL_SPI_MspInit
 .text.HAL_TIM_Base_MspInit
                0x0000000008004bd0       0x34 ./src/stm32f0xx_hal_msp.o
                0x0000000008004bd0                HAL_TIM_Base_MspInit
 .text.HAL_TIM_PWM_MspInit
                0x0000000008004c04      0x180 ./src/stm32f0xx_hal_msp.o
                0x0000000008004c04                HAL_TIM_PWM_MspInit
 .text.HAL_I2C_MspInit
                0x0000000008004d84       0x88 ./src/stm32f0xx_hal_msp.o
                0x0000000008004d84                HAL_I2C_MspInit
 .text.HAL_RTC_MspInit
                0x0000000008004e0c       0x6c ./src/stm32f0xx_hal_msp.o
                0x0000000008004e0c                HAL_RTC_MspInit
 .text.NMI_Handler
                0x0000000008004e78        0x2 ./src/stm32f0xx_it.o
                0x0000000008004e78                NMI_Handler
 *fill*         0x0000000008004e7a        0x2 
 .text.HardFault_HandlerC
                0x0000000008004e7c       0x64 ./src/stm32f0xx_it.o
                0x0000000008004e7c                HardFault_HandlerC
 .text.HardFault_Handler
                0x0000000008004ee0       0x1a ./src/stm32f0xx_it.o
                0x0000000008004ee0                HardFault_Handler
 .text.SVC_Handler
                0x0000000008004efa        0x2 ./src/stm32f0xx_it.o
                0x0000000008004efa                SVC_Handler
 .text.PendSV_Handler
                0x0000000008004efc        0x2 ./src/stm32f0xx_it.o
                0x0000000008004efc                PendSV_Handler
 .text.SysTick_Handler
                0x0000000008004efe        0x8 ./src/stm32f0xx_it.o
                0x0000000008004efe                SysTick_Handler
 .text.EXTI2_3_IRQHandler
                0x0000000008004f06        0xa ./src/stm32f0xx_it.o
                0x0000000008004f06                EXTI2_3_IRQHandler
 .text.USART2_IRQHandler
                0x0000000008004f10       0x10 ./src/stm32f0xx_it.o
                0x0000000008004f10                USART2_IRQHandler
 .text.USART1_IRQHandler
                0x0000000008004f20       0x10 ./src/stm32f0xx_it.o
                0x0000000008004f20                USART1_IRQHandler
 .text.TIM6_DAC_IRQHandler
                0x0000000008004f30       0x10 ./src/stm32f0xx_it.o
                0x0000000008004f30                TIM6_DAC_IRQHandler
 .text.I2C1_IRQHandler
                0x0000000008004f40       0x24 ./src/stm32f0xx_it.o
                0x0000000008004f40                I2C1_IRQHandler
 .text.DMA1_Channel4_5_6_7_IRQHandler
                0x0000000008004f64       0x10 ./src/stm32f0xx_it.o
                0x0000000008004f64                DMA1_Channel4_5_6_7_IRQHandler
 .text          0x0000000008004f74       0x14 /Developer/Eclipse/gcc-arm-none-eabi-4_9-2015q2/bin/../lib/gcc/arm-none-eabi/4.9.3/armv6-m/libgcc.a(_thumb1_case_uqi.o)
                0x0000000008004f74                __gnu_thumb1_case_uqi
 .text          0x0000000008004f88      0x120 /Developer/Eclipse/gcc-arm-none-eabi-4_9-2015q2/bin/../lib/gcc/arm-none-eabi/4.9.3/armv6-m/libgcc.a(_udivsi3.o)
                0x0000000008004f88                __udivsi3
                0x0000000008004f88                __aeabi_uidiv
                0x0000000008005094                __aeabi_uidivmod
 .text          0x00000000080050a8        0x4 /Developer/Eclipse/gcc-arm-none-eabi-4_9-2015q2/bin/../lib/gcc/arm-none-eabi/4.9.3/armv6-m/libgcc.a(_dvmd_tls.o)
                0x00000000080050a8                __aeabi_ldiv0
                0x00000000080050a8                __aeabi_idiv0
 .text          0x00000000080050ac       0x40 /Developer/Eclipse/gcc-arm-none-eabi-4_9-2015q2/bin/../lib/gcc/arm-none-eabi/4.9.3/armv6-m/libgcc.a(_aeabi_uldivmod.o)
                0x00000000080050ac                __aeabi_uldivmod
 .text          0x00000000080050ec       0x6c /Developer/Eclipse/gcc-arm-none-eabi-4_9-2015q2/bin/../lib/gcc/arm-none-eabi/4.9.3/armv6-m/libgcc.a(bpabi.o)
                0x00000000080050ec                __gnu_ldivmod_helper
                0x0000000008005124                __gnu_uldivmod_helper
 .text          0x0000000008005158       0x3c /Developer/Eclipse/gcc-arm-none-eabi-4_9-2015q2/bin/../lib/gcc/arm-none-eabi/4.9.3/armv6-m/libgcc.a(_clzsi2.o)
                0x0000000008005158                __clzsi2
 .text          0x0000000008005194       0x54 /Developer/Eclipse/gcc-arm-none-eabi-4_9-2015q2/bin/../lib/gcc/arm-none-eabi/4.9.3/armv6-m/libgcc.a(_muldi3.o)
                0x0000000008005194                __aeabi_lmul
                0x0000000008005194                __muldi3
 .text          0x00000000080051e8      0x1f0 /Developer/Eclipse/gcc-arm-none-eabi-4_9-2015q2/bin/../lib/gcc/arm-none-eabi/4.9.3/armv6-m/libgcc.a(_divdi3.o)
                0x00000000080051e8                __divdi3
 .text          0x00000000080053d8      0x158 /Developer/Eclipse/gcc-arm-none-eabi-4_9-2015q2/bin/../lib/gcc/arm-none-eabi/4.9.3/armv6-m/libgcc.a(_udivdi3.o)
                0x00000000080053d8                __udivdi3
 .text          0x0000000008005530       0x18 /Developer/Eclipse/gcc-arm-none-eabi-4_9-2015q2/bin/../lib/gcc/arm-none-eabi/4.9.3/armv6-m/libgcc.a(_clzdi2.o)
                0x0000000008005530                __clzdi2
 .text.__errno  0x0000000008005548        0xc /Developer/Eclipse/gcc-arm-none-eabi-4_9-2015q2/bin/../lib/gcc/arm-none-eabi/4.9.3/../../../../arm-none-eabi/lib/armv6-m/libg_nano.a(lib_a-errno.o)
                0x0000000008005548                __errno
 .text.memcpy   0x0000000008005554       0x12 /Developer/Eclipse/gcc-arm-none-eabi-4_9-2015q2/bin/../lib/gcc/arm-none-eabi/4.9.3/../../../../arm-none-eabi/lib/armv6-m/libg_nano.a(lib_a-memcpy.o)
                0x0000000008005554                memcpy
 .text.memset   0x0000000008005566       0x10 /Developer/Eclipse/gcc-arm-none-eabi-4_9-2015q2/bin/../lib/gcc/arm-none-eabi/4.9.3/../../../../arm-none-eabi/lib/armv6-m/libg_nano.a(lib_a-memset.o)
                0x0000000008005566                memset
 *fill*         0x0000000008005576        0x2 
 .text._free_r  0x0000000008005578       0x8c /Developer/Eclipse/gcc-arm-none-eabi-4_9-2015q2/bin/../lib/gcc/arm-none-eabi/4.9.3/../../../../arm-none-eabi/lib/armv6-m/libg_nano.a(lib_a-nano-freer.o)
                0x0000000008005578                _free_r
 .text._malloc_r
                0x0000000008005604       0xb0 /Developer/Eclipse/gcc-arm-none-eabi-4_9-2015q2/bin/../lib/gcc/arm-none-eabi/4.9.3/../../../../arm-none-eabi/lib/armv6-m/libg_nano.a(lib_a-nano-mallocr.o)
                0x0000000008005604                _malloc_r
 .text._sbrk_r  0x00000000080056b4       0x24 /Developer/Eclipse/gcc-arm-none-eabi-4_9-2015q2/bin/../lib/gcc/arm-none-eabi/4.9.3/../../../../arm-none-eabi/lib/armv6-m/libg_nano.a(lib_a-sbrkr.o)
                0x00000000080056b4                _sbrk_r
 .text.sprintf  0x00000000080056d8       0x44 /Developer/Eclipse/gcc-arm-none-eabi-4_9-2015q2/bin/../lib/gcc/arm-none-eabi/4.9.3/../../../../arm-none-eabi/lib/armv6-m/libg_nano.a(lib_a-sprintf.o)
                0x00000000080056d8                sprintf
                0x00000000080056d8                siprintf
 .text.strlen   0x000000000800571c        0xe /Developer/Eclipse/gcc-arm-none-eabi-4_9-2015q2/bin/../lib/gcc/arm-none-eabi/4.9.3/../../../../arm-none-eabi/lib/armv6-m/libg_nano.a(lib_a-strlen.o)
                0x000000000800571c                strlen
 .text._realloc_r
                0x000000000800572a       0x4c /Developer/Eclipse/gcc-arm-none-eabi-4_9-2015q2/bin/../lib/gcc/arm-none-eabi/4.9.3/../../../../arm-none-eabi/lib/armv6-m/libg_nano.a(lib_a-nano-reallocr.o)
                0x000000000800572a                _realloc_r
 *fill*         0x0000000008005776        0x2 
 .text.__ssputs_r
                0x0000000008005778       0xc0 /Developer/Eclipse/gcc-arm-none-eabi-4_9-2015q2/bin/../lib/gcc/arm-none-eabi/4.9.3/../../../../arm-none-eabi/lib/armv6-m/libg_nano.a(lib_a-nano-svfprintf.o)
                0x0000000008005778                __ssputs_r
 .text._svfprintf_r
                0x0000000008005838      0x1ec /Developer/Eclipse/gcc-arm-none-eabi-4_9-2015q2/bin/../lib/gcc/arm-none-eabi/4.9.3/../../../../arm-none-eabi/lib/armv6-m/libg_nano.a(lib_a-nano-svfprintf.o)
                0x0000000008005838                _svfprintf_r
                0x0000000008005838                _svfiprintf_r
 .text._printf_common
                0x0000000008005a24       0xdc /Developer/Eclipse/gcc-arm-none-eabi-4_9-2015q2/bin/../lib/gcc/arm-none-eabi/4.9.3/../../../../arm-none-eabi/lib/armv6-m/libg_nano.a(lib_a-nano-vfprintf_i.o)
                0x0000000008005a24                _printf_common
 .text._printf_i
                0x0000000008005b00      0x230 /Developer/Eclipse/gcc-arm-none-eabi-4_9-2015q2/bin/../lib/gcc/arm-none-eabi/4.9.3/../../../../arm-none-eabi/lib/armv6-m/libg_nano.a(lib_a-nano-vfprintf_i.o)
                0x0000000008005b00                _printf_i
 .text.memchr   0x0000000008005d30       0x16 /Developer/Eclipse/gcc-arm-none-eabi-4_9-2015q2/bin/../lib/gcc/arm-none-eabi/4.9.3/../../../../arm-none-eabi/lib/armv6-m/libg_nano.a(lib_a-memchr.o)
                0x0000000008005d30                memchr
 .text.memmove  0x0000000008005d46       0x28 /Developer/Eclipse/gcc-arm-none-eabi-4_9-2015q2/bin/../lib/gcc/arm-none-eabi/4.9.3/../../../../arm-none-eabi/lib/armv6-m/libg_nano.a(lib_a-memmove.o)
                0x0000000008005d46                memmove
 .text._malloc_usable_size_r
                0x0000000008005d6e       0x16 /Developer/Eclipse/gcc-arm-none-eabi-4_9-2015q2/bin/../lib/gcc/arm-none-eabi/4.9.3/../../../../arm-none-eabi/lib/armv6-m/libg_nano.a(lib_a-nano-msizer.o)
                0x0000000008005d6e                _malloc_usable_size_r
 *(.rodata .rodata.*)
 .rodata        0x0000000008005d84       0x20 ./stm32haldev/system/STM32F0xx_HAL_Driver/Src/stm32f0xx_hal_rcc.o
 .rodata.aAPBAHBPrescTable
                0x0000000008005da4       0x10 ./stm32haldev/system/STM32F0xx_HAL_Driver/Src/stm32f0xx_hal_rcc.o
                0x0000000008005da4                aAPBAHBPrescTable
 .rodata.CSWTCH.30
                0x0000000008005db4        0x4 ./stm32haldev/system/STM32F0xx_HAL_Driver/Src/stm32f0xx_hal_uart.o
 .rodata.str1.1
                0x0000000008005db8       0xb0 ./stm32haldev/stm32dev/src/general/stm32dev_flash_s25fl208.o
                                         0xb3 (size before relaxing)
 .rodata.str1.1
                0x0000000008005e68        0xe ./src/application_ble.o
                                         0x11 (size before relaxing)
 .rodata.str1.1
                0x0000000008005e76       0x21 ./src/application_rtc.o
 .rodata.str1.1
                0x0000000008005e97       0x2b ./src/application_spiflash.o
 .rodata.str1.1
                0x0000000008005ec2       0x18 ./src/application_uart.o
 .rodata.str1.1
                0x0000000008005eda        0xa ./src/main.o
 .rodata.str1.1
                0x0000000008005ee4        0x2 /Developer/Eclipse/gcc-arm-none-eabi-4_9-2015q2/bin/../lib/gcc/arm-none-eabi/4.9.3/../../../../arm-none-eabi/lib/armv6-m/libg_nano.a(lib_a-impure.o)
 .rodata.str1.1
                0x0000000008005ee6       0x11 /Developer/Eclipse/gcc-arm-none-eabi-4_9-2015q2/bin/../lib/gcc/arm-none-eabi/4.9.3/../../../../arm-none-eabi/lib/armv6-m/libg_nano.a(lib_a-nano-svfprintf.o)
 .rodata.str1.1
                0x0000000008005ef7       0x22 /Developer/Eclipse/gcc-arm-none-eabi-4_9-2015q2/bin/../lib/gcc/arm-none-eabi/4.9.3/../../../../arm-none-eabi/lib/armv6-m/libg_nano.a(lib_a-nano-vfprintf_i.o)
 *(vtable)
 *(.eh_frame*)
 *(.glue_7)
 .glue_7        0x0000000000000000        0x0 linker stubs
 *(.glue_7t)
 .glue_7t       0x0000000000000000        0x0 linker stubs

.vfp11_veneer   0x0000000008005f1c        0x0
 .vfp11_veneer  0x0000000000000000        0x0 linker stubs

.v4_bx          0x0000000008005f1c        0x0
 .v4_bx         0x0000000000000000        0x0 linker stubs

.iplt           0x0000000008005f1c        0x0
 .iplt          0x0000000000000000        0x0 ./stm32haldev/system/src/newlib/_exit.o

.ARM.extab
 *(.ARM.extab* .gnu.linkonce.armextab.*)
                0x0000000008005f1c                __exidx_start = .

.ARM.exidx      0x0000000008005f1c        0x8
 *(.ARM.exidx* .gnu.linkonce.armexidx.*)
 .ARM.exidx     0x0000000008005f1c        0x8 /Developer/Eclipse/gcc-arm-none-eabi-4_9-2015q2/bin/../lib/gcc/arm-none-eabi/4.9.3/armv6-m/libgcc.a(_divdi3.o)
 .ARM.exidx     0x0000000008005f24        0x0 /Developer/Eclipse/gcc-arm-none-eabi-4_9-2015q2/bin/../lib/gcc/arm-none-eabi/4.9.3/armv6-m/libgcc.a(_udivdi3.o)
                                          0x8 (size before relaxing)
                0x0000000008005f24                __exidx_end = .

.rel.dyn        0x0000000008005f24        0x0
 .rel.iplt      0x0000000000000000        0x0 ./stm32haldev/system/src/newlib/_exit.o
                0x0000000008005f24                . = ALIGN (0x4)
                0x0000000008005f24                _etext = .
                0x0000000008005f24                __etext = .
                0x0000000008005f24                _sidata = _etext

.data           0x0000000020000000       0x8c load address 0x0000000008005f24
                0x0000000020000000                . = ALIGN (0x4)
                0x0000000020000000                _sdata = .
                0x0000000020000000                __data_start__ = .
 *(.data_begin .data_begin.*)
 .data_begin    0x0000000020000000        0x4 ./stm32haldev/system/src/newlib/_startup.o
 *(.data .data.*)
 .data.argv.4157
                0x0000000020000004        0x8 ./stm32haldev/system/src/newlib/_syscalls.o
 .data.AHBPrescTable
                0x000000002000000c       0x10 ./stm32haldev/system/CMSIS/Device/ST/STM32F0xx/Source/system/system_stm32f0xx.o
                0x000000002000000c                AHBPrescTable
 .data.SystemCoreClock
                0x000000002000001c        0x4 ./stm32haldev/system/CMSIS/Device/ST/STM32F0xx/Source/system/system_stm32f0xx.o
                0x000000002000001c                SystemCoreClock
 .data.application_ws2812b_rgbcount
                0x0000000020000020        0x4 ./src/application_ws2812b.o
                0x0000000020000020                application_ws2812b_rgbcount
 .data.impure_data
                0x0000000020000024       0x60 /Developer/Eclipse/gcc-arm-none-eabi-4_9-2015q2/bin/../lib/gcc/arm-none-eabi/4.9.3/../../../../arm-none-eabi/lib/armv6-m/libg_nano.a(lib_a-impure.o)
 .data._impure_ptr
                0x0000000020000084        0x4 /Developer/Eclipse/gcc-arm-none-eabi-4_9-2015q2/bin/../lib/gcc/arm-none-eabi/4.9.3/../../../../arm-none-eabi/lib/armv6-m/libg_nano.a(lib_a-impure.o)
                0x0000000020000084                _impure_ptr
 *(.data_end .data_end.*)
 .data_end      0x0000000020000088        0x4 ./stm32haldev/system/src/newlib/_startup.o
                0x000000002000008c                . = ALIGN (0x4)
                0x000000002000008c                _edata = .
                0x000000002000008c                __data_end__ = .

.igot.plt       0x000000002000008c        0x0 load address 0x0000000008005fb0
 .igot.plt      0x0000000000000000        0x0 ./stm32haldev/system/src/newlib/_exit.o

.bss            0x000000002000008c     0x164c load address 0x0000000008005fb0
                0x000000002000008c                . = ALIGN (0x4)
                0x000000002000008c                __bss_start__ = .
                0x000000002000008c                _sbss = .
 *(.bss_begin .bss_begin.*)
 .bss_begin     0x000000002000008c        0x4 ./stm32haldev/system/src/newlib/_startup.o
 *(.bss .bss.*)
 .bss.current_heap_end.3862
                0x0000000020000090        0x4 ./stm32haldev/system/src/newlib/_sbrk.o
 .bss.name.4156
                0x0000000020000094        0x1 ./stm32haldev/system/src/newlib/_syscalls.o
 *fill*         0x0000000020000095        0x3 
 .bss.uwTick    0x0000000020000098        0x4 ./stm32haldev/system/STM32F0xx_HAL_Driver/Src/stm32f0xx_hal.o
 .bss._printfRoutine
                0x000000002000009c        0x4 ./stm32haldev/stm32dev/src/general/stm32dev_flash_s25fl208.o
 .bss._SPI_CS_PORT
                0x00000000200000a0        0x4 ./stm32haldev/stm32dev/src/general/stm32dev_flash_s25fl208.o
 .bss._rxBufferSize
                0x00000000200000a4        0x4 ./stm32haldev/stm32dev/src/general/stm32dev_flash_s25fl208.o
 .bss._SPI_CS_PIN
                0x00000000200000a8        0x1 ./stm32haldev/stm32dev/src/general/stm32dev_flash_s25fl208.o
 *fill*         0x00000000200000a9        0x3 
 .bss._txBufferSize
                0x00000000200000ac        0x4 ./stm32haldev/stm32dev/src/general/stm32dev_flash_s25fl208.o
 .bss._rxBuffer
                0x00000000200000b0        0x4 ./stm32haldev/stm32dev/src/general/stm32dev_flash_s25fl208.o
 .bss._txBuffer
                0x00000000200000b4        0x4 ./stm32haldev/stm32dev/src/general/stm32dev_flash_s25fl208.o
 .bss._spiHandle
                0x00000000200000b8        0x4 ./stm32haldev/stm32dev/src/general/stm32dev_flash_s25fl208.o
 .bss.str.5760  0x00000000200000bc       0x10 ./stm32haldev/stm32dev/src/general/stm32dev_general.o
 .bss.application_ble_rxbufferptr
                0x00000000200000cc        0x1 ./src/application_ble.o
                0x00000000200000cc                application_ble_rxbufferptr
 .bss.application_ble_messagetoparse
                0x00000000200000cd        0x1 ./src/application_ble.o
                0x00000000200000cd                application_ble_messagetoparse
 .bss.application_ble_ready
                0x00000000200000ce        0x1 ./src/application_ble.o
                0x00000000200000ce                application_ble_ready
 .bss.tmp.9160  0x00000000200000cf        0x1 ./src/application_gpio.o
 .bss.application_leddim_uhPrescalerValue
                0x00000000200000d0        0x4 ./src/application_leddim.o
                0x00000000200000d0                application_leddim_uhPrescalerValue
 .bss.application_lm75_present_bool
                0x00000000200000d4        0x1 ./src/application_lm75.o
                0x00000000200000d4                application_lm75_present_bool
 .bss.application_rtc_porOccured
                0x00000000200000d5        0x1 ./src/application_rtc.o
                0x00000000200000d5                application_rtc_porOccured
 .bss.application_rtc_aShowTime
                0x00000000200000d6       0x32 ./src/application_rtc.o
                0x00000000200000d6                application_rtc_aShowTime
 .bss.application_rtc_exrOccured
                0x0000000020000108        0x1 ./src/application_rtc.o
                0x0000000020000108                application_rtc_exrOccured
 .bss.application_rtc_aShowDate
                0x0000000020000109       0x32 ./src/application_rtc.o
                0x0000000020000109                application_rtc_aShowDate
 .bss.application_shiftreg_scanDigit
                0x000000002000013b        0x1 ./src/application_shiftreg.o
                0x000000002000013b                application_shiftreg_scanDigit
 .bss.application_shiftreg_decPoint
                0x000000002000013c        0x1 ./src/application_shiftreg.o
                0x000000002000013c                application_shiftreg_decPoint
 .bss.application_shiftreg_nulOut
                0x000000002000013d        0x1 ./src/application_shiftreg.o
                0x000000002000013d                application_shiftreg_nulOut
 *fill*         0x000000002000013e        0x2 
 .bss.application_shiftreg_uwPrescalerValue
                0x0000000020000140        0x4 ./src/application_shiftreg.o
                0x0000000020000140                application_shiftreg_uwPrescalerValue
 .bss.GPIO_InitStruct.9138
                0x0000000020000144       0x14 ./src/application_spiflash.o
 .bss.application_uart_printf_ready
                0x0000000020000158        0x1 ./src/application_uart.o
                0x0000000020000158                application_uart_printf_ready
 *fill*         0x0000000020000159        0x3 
 .bss.application_ws2812b_uhTimerPeriod
                0x000000002000015c        0x4 ./src/application_ws2812b.o
                0x000000002000015c                application_ws2812b_uhTimerPeriod
 .bss.hdma_tim.9162
                0x0000000020000160       0x38 ./src/stm32f0xx_hal_msp.o
 .bss.__malloc_sbrk_start
                0x0000000020000198        0x4 /Developer/Eclipse/gcc-arm-none-eabi-4_9-2015q2/bin/../lib/gcc/arm-none-eabi/4.9.3/../../../../arm-none-eabi/lib/armv6-m/libg_nano.a(lib_a-nano-mallocr.o)
                0x0000000020000198                __malloc_sbrk_start
 .bss.__malloc_free_list
                0x000000002000019c        0x4 /Developer/Eclipse/gcc-arm-none-eabi-4_9-2015q2/bin/../lib/gcc/arm-none-eabi/4.9.3/../../../../arm-none-eabi/lib/armv6-m/libg_nano.a(lib_a-nano-mallocr.o)
                0x000000002000019c                __malloc_free_list
 *(COMMON)
 COMMON         0x00000000200001a0        0x4 ./stm32haldev/system/src/newlib/_syscalls.o
                0x00000000200001a0                errno
 COMMON         0x00000000200001a4       0x54 ./src/application_adc.o
                0x00000000200001a4                application_adc_values
                0x00000000200001ac                application_adc_handle
 COMMON         0x00000000200001f8      0x171 ./src/application_ble.o
                0x00000000200001f8                application_ble_rxbuffer
                0x00000000200002f8                application_ble_handle
                0x0000000020000368                application_ble_charbuffer
 *fill*         0x0000000020000369        0x3 
 COMMON         0x000000002000036c       0xd0 ./src/application_leddim.o
                0x000000002000036c                application_leddim_handle_3
                0x00000000200003a8                application_leddim_handle_1
                0x00000000200003e4                application_leddim_sConfig
                0x0000000020000400                application_leddim_handle_2
 COMMON         0x000000002000043c       0x3c ./src/application_lm75.o
                0x000000002000043c                application_lm75_handle
 COMMON         0x0000000020000478       0x20 ./src/application_rtc.o
                0x0000000020000478                application_rtc_handle
 COMMON         0x0000000020000498       0xb8 ./src/application_shiftreg.o
                0x0000000020000498                application_shiftreg_hc165Values
                0x000000002000049b                application_shiftreg_asciiptr
                0x00000000200004ac                application_shiftreg_spihandle
                0x0000000020000510                application_shiftreg_hc595Values
                0x0000000020000514                application_shiftreg_timhandle
 COMMON         0x0000000020000550      0x282 ./src/application_spiflash.o
                0x0000000020000550                application_spiflash_txbuffer
                0x0000000020000660                application_spiflash_handle
                0x00000000200006c4                application_spiflash_rxbuffer
 *fill*         0x00000000200007d2        0x2 
 COMMON         0x00000000200007d4       0x70 ./src/application_uart.o
                0x00000000200007d4                application_uart_printf_handle
 COMMON         0x0000000020000844      0xe90 ./src/application_ws2812b.o
                0x0000000020000844                application_ws2812b_sConfig
                0x0000000020000860                application_ws2812b_aCCValue_Buffer
                0x0000000020001698                application_ws2812b_handle
 *(.bss_end .bss_end.*)
 .bss_end       0x00000000200016d4        0x4 ./stm32haldev/system/src/newlib/_startup.o
                0x00000000200016d8                . = ALIGN (0x4)
                0x00000000200016d8                __bss_end__ = .
                0x00000000200016d8                _ebss = .

.noinit         0x00000000200016d8        0x0
                0x00000000200016d8                . = ALIGN (0x4)
                0x00000000200016d8                _noinit = .
 *(.noinit .noinit.*)
                0x00000000200016d8                . = ALIGN (0x4)
                0x00000000200016d8                _end_noinit = .
                0x00000000200016d8                PROVIDE (end, _end_noinit)
                0x00000000200016d8                PROVIDE (_end, _end_noinit)
                0x00000000200016d8                PROVIDE (__end, _end_noinit)
                0x00000000200016d8                PROVIDE (__end__, _end_noinit)

._check_stack   0x00000000200016d8      0x100 load address 0x00000000080075fc
                0x00000000200016d8                . = ALIGN (0x4)
                0x00000000200017d8                . = (. + _Minimum_Stack_Size)
 *fill*         0x00000000200016d8      0x100 
                0x00000000200017d8                . = ALIGN (0x4)

.bss_CCMRAM
 *(.bss.CCMRAM .bss.CCMRAM.*)

.b1text
 *(.b1text)
 *(.b1rodata)
 *(.b1rodata.*)

.eb0text
 *(.eb0text)
 *(.eb0rodata)
 *(.eb0rodata.*)

.eb1text
 *(.eb1text)
 *(.eb1rodata)
 *(.eb1rodata.*)

.eb2text
 *(.eb2text)
 *(.eb2rodata)
 *(.eb2rodata.*)

.eb3text
 *(.eb3text)
 *(.eb3rodata)
 *(.eb3rodata.*)

.stab
 *(.stab)

.stabstr
 *(.stabstr)

.stab.excl
 *(.stab.excl)

.stab.exclstr
 *(.stab.exclstr)

.stab.index
 *(.stab.index)

.stab.indexstr
 *(.stab.indexstr)

.comment        0x0000000000000000       0x70
 *(.comment)
 .comment       0x0000000000000000       0x70 ./stm32haldev/system/src/newlib/_exit.o
                                         0x71 (size before relaxing)
 .comment       0x0000000000000000       0x71 ./stm32haldev/system/src/newlib/_sbrk.o
 .comment       0x0000000000000000       0x71 ./stm32haldev/system/src/newlib/_startup.o
 .comment       0x0000000000000000       0x71 ./stm32haldev/system/src/newlib/_syscalls.o
 .comment       0x0000000000000000       0x71 ./stm32haldev/system/src/cortexm/_initialize_hardware.o
 .comment       0x0000000000000000       0x71 ./stm32haldev/system/src/cortexm/exception_handlers.o
 .comment       0x0000000000000000       0x71 ./stm32haldev/system/STM32F0xx_HAL_Driver/Src/stm32f0xx_hal.o
 .comment       0x0000000000000000       0x71 ./stm32haldev/system/STM32F0xx_HAL_Driver/Src/stm32f0xx_hal_adc.o
 .comment       0x0000000000000000       0x71 ./stm32haldev/system/STM32F0xx_HAL_Driver/Src/stm32f0xx_hal_cortex.o
 .comment       0x0000000000000000       0x71 ./stm32haldev/system/STM32F0xx_HAL_Driver/Src/stm32f0xx_hal_dma.o
 .comment       0x0000000000000000       0x71 ./stm32haldev/system/STM32F0xx_HAL_Driver/Src/stm32f0xx_hal_gpio.o
 .comment       0x0000000000000000       0x71 ./stm32haldev/system/STM32F0xx_HAL_Driver/Src/stm32f0xx_hal_i2c.o
 .comment       0x0000000000000000       0x71 ./stm32haldev/system/STM32F0xx_HAL_Driver/Src/stm32f0xx_hal_i2c_ex.o
 .comment       0x0000000000000000       0x71 ./stm32haldev/system/STM32F0xx_HAL_Driver/Src/stm32f0xx_hal_msp_template.o
 .comment       0x0000000000000000       0x71 ./stm32haldev/system/STM32F0xx_HAL_Driver/Src/stm32f0xx_hal_pwr.o
 .comment       0x0000000000000000       0x71 ./stm32haldev/system/STM32F0xx_HAL_Driver/Src/stm32f0xx_hal_rcc.o
 .comment       0x0000000000000000       0x71 ./stm32haldev/system/STM32F0xx_HAL_Driver/Src/stm32f0xx_hal_rcc_ex.o
 .comment       0x0000000000000000       0x71 ./stm32haldev/system/STM32F0xx_HAL_Driver/Src/stm32f0xx_hal_rtc.o
 .comment       0x0000000000000000       0x71 ./stm32haldev/system/STM32F0xx_HAL_Driver/Src/stm32f0xx_hal_rtc_ex.o
 .comment       0x0000000000000000       0x71 ./stm32haldev/system/STM32F0xx_HAL_Driver/Src/stm32f0xx_hal_spi.o
 .comment       0x0000000000000000       0x71 ./stm32haldev/system/STM32F0xx_HAL_Driver/Src/stm32f0xx_hal_tim.o
 .comment       0x0000000000000000       0x71 ./stm32haldev/system/STM32F0xx_HAL_Driver/Src/stm32f0xx_hal_tim_ex.o
 .comment       0x0000000000000000       0x71 ./stm32haldev/system/STM32F0xx_HAL_Driver/Src/stm32f0xx_hal_uart.o
 .comment       0x0000000000000000       0x71 ./stm32haldev/system/STM32F0xx_HAL_Driver/Src/stm32f0xx_hal_uart_ex.o
 .comment       0x0000000000000000       0x71 ./stm32haldev/system/CMSIS/Device/ST/STM32F0xx/Source/system/system_stm32f0xx.o
 .comment       0x0000000000000000       0x71 ./stm32haldev/stm32dev/src/stm32f0/stm32dev_i2c_f0.o
 .comment       0x0000000000000000       0x71 ./stm32haldev/stm32dev/src/general/stm32dev_flash_s25fl208.o
 .comment       0x0000000000000000       0x71 ./stm32haldev/stm32dev/src/general/stm32dev_general.o
 .comment       0x0000000000000000       0x71 ./src/application_adc.o
 .comment       0x0000000000000000       0x71 ./src/application_ble.o
 .comment       0x0000000000000000       0x71 ./src/application_general.o
 .comment       0x0000000000000000       0x71 ./src/application_gpio.o
 .comment       0x0000000000000000       0x71 ./src/application_leddim.o
 .comment       0x0000000000000000       0x71 ./src/application_lm75.o
 .comment       0x0000000000000000       0x71 ./src/application_rtc.o
 .comment       0x0000000000000000       0x71 ./src/application_shiftreg.o
 .comment       0x0000000000000000       0x71 ./src/application_spiflash.o
 .comment       0x0000000000000000       0x71 ./src/application_uart.o
 .comment       0x0000000000000000       0x71 ./src/application_ws2812b.o
 .comment       0x0000000000000000       0x71 ./src/main.o
 .comment       0x0000000000000000       0x71 ./src/stm32f0xx_hal_cb.o
 .comment       0x0000000000000000       0x71 ./src/stm32f0xx_hal_msp.o
 .comment       0x0000000000000000       0x71 ./src/stm32f0xx_it.o

.ARM.attributes
                0x0000000000000000       0x2f
 .ARM.attributes
                0x0000000000000000       0x31 ./stm32haldev/system/src/newlib/_exit.o
 .ARM.attributes
                0x0000000000000031       0x31 ./stm32haldev/system/src/newlib/_sbrk.o
 .ARM.attributes
                0x0000000000000062       0x31 ./stm32haldev/system/src/newlib/_startup.o
 .ARM.attributes
                0x0000000000000093       0x31 ./stm32haldev/system/src/newlib/_syscalls.o
 .ARM.attributes
                0x00000000000000c4       0x31 ./stm32haldev/system/src/cortexm/_initialize_hardware.o
 .ARM.attributes
                0x00000000000000f5       0x31 ./stm32haldev/system/src/cortexm/exception_handlers.o
 .ARM.attributes
                0x0000000000000126       0x31 ./stm32haldev/system/STM32F0xx_HAL_Driver/Src/stm32f0xx_hal.o
 .ARM.attributes
                0x0000000000000157       0x31 ./stm32haldev/system/STM32F0xx_HAL_Driver/Src/stm32f0xx_hal_adc.o
 .ARM.attributes
                0x0000000000000188       0x31 ./stm32haldev/system/STM32F0xx_HAL_Driver/Src/stm32f0xx_hal_cortex.o
 .ARM.attributes
                0x00000000000001b9       0x31 ./stm32haldev/system/STM32F0xx_HAL_Driver/Src/stm32f0xx_hal_dma.o
 .ARM.attributes
                0x00000000000001ea       0x31 ./stm32haldev/system/STM32F0xx_HAL_Driver/Src/stm32f0xx_hal_gpio.o
 .ARM.attributes
                0x000000000000021b       0x31 ./stm32haldev/system/STM32F0xx_HAL_Driver/Src/stm32f0xx_hal_i2c.o
 .ARM.attributes
                0x000000000000024c       0x31 ./stm32haldev/system/STM32F0xx_HAL_Driver/Src/stm32f0xx_hal_i2c_ex.o
 .ARM.attributes
                0x000000000000027d       0x31 ./stm32haldev/system/STM32F0xx_HAL_Driver/Src/stm32f0xx_hal_msp_template.o
 .ARM.attributes
                0x00000000000002ae       0x31 ./stm32haldev/system/STM32F0xx_HAL_Driver/Src/stm32f0xx_hal_pwr.o
 .ARM.attributes
                0x00000000000002df       0x31 ./stm32haldev/system/STM32F0xx_HAL_Driver/Src/stm32f0xx_hal_rcc.o
 .ARM.attributes
                0x0000000000000310       0x31 ./stm32haldev/system/STM32F0xx_HAL_Driver/Src/stm32f0xx_hal_rcc_ex.o
 .ARM.attributes
                0x0000000000000341       0x31 ./stm32haldev/system/STM32F0xx_HAL_Driver/Src/stm32f0xx_hal_rtc.o
 .ARM.attributes
                0x0000000000000372       0x31 ./stm32haldev/system/STM32F0xx_HAL_Driver/Src/stm32f0xx_hal_rtc_ex.o
 .ARM.attributes
                0x00000000000003a3       0x31 ./stm32haldev/system/STM32F0xx_HAL_Driver/Src/stm32f0xx_hal_spi.o
 .ARM.attributes
                0x00000000000003d4       0x31 ./stm32haldev/system/STM32F0xx_HAL_Driver/Src/stm32f0xx_hal_tim.o
 .ARM.attributes
                0x0000000000000405       0x31 ./stm32haldev/system/STM32F0xx_HAL_Driver/Src/stm32f0xx_hal_tim_ex.o
 .ARM.attributes
                0x0000000000000436       0x31 ./stm32haldev/system/STM32F0xx_HAL_Driver/Src/stm32f0xx_hal_uart.o
 .ARM.attributes
                0x0000000000000467       0x31 ./stm32haldev/system/STM32F0xx_HAL_Driver/Src/stm32f0xx_hal_uart_ex.o
 .ARM.attributes
                0x0000000000000498       0x31 ./stm32haldev/system/CMSIS/Device/ST/STM32F0xx/Source/system/system_stm32f0xx.o
 .ARM.attributes
                0x00000000000004c9       0x21 ./stm32haldev/system/CMSIS/Device/ST/STM32F0xx/Source/stm32f072xb/startup_stm32f072xb.o
 .ARM.attributes
                0x00000000000004ea       0x31 ./stm32haldev/stm32dev/src/stm32f0/stm32dev_i2c_f0.o
 .ARM.attributes
                0x000000000000051b       0x31 ./stm32haldev/stm32dev/src/general/stm32dev_flash_s25fl208.o
 .ARM.attributes
                0x000000000000054c       0x31 ./stm32haldev/stm32dev/src/general/stm32dev_general.o
 .ARM.attributes
                0x000000000000057d       0x31 ./src/application_adc.o
 .ARM.attributes
                0x00000000000005ae       0x31 ./src/application_ble.o
 .ARM.attributes
                0x00000000000005df       0x31 ./src/application_general.o
 .ARM.attributes
                0x0000000000000610       0x31 ./src/application_gpio.o
 .ARM.attributes
                0x0000000000000641       0x31 ./src/application_leddim.o
 .ARM.attributes
                0x0000000000000672       0x31 ./src/application_lm75.o
 .ARM.attributes
                0x00000000000006a3       0x31 ./src/application_rtc.o
 .ARM.attributes
                0x00000000000006d4       0x31 ./src/application_shiftreg.o
 .ARM.attributes
                0x0000000000000705       0x31 ./src/application_spiflash.o
 .ARM.attributes
                0x0000000000000736       0x31 ./src/application_uart.o
 .ARM.attributes
                0x0000000000000767       0x31 ./src/application_ws2812b.o
 .ARM.attributes
                0x0000000000000798       0x31 ./src/main.o
 .ARM.attributes
                0x00000000000007c9       0x31 ./src/stm32f0xx_hal_cb.o
 .ARM.attributes
                0x00000000000007fa       0x31 ./src/stm32f0xx_hal_msp.o
 .ARM.attributes
                0x000000000000082b       0x31 ./src/stm32f0xx_it.o
 .ARM.attributes
                0x000000000000085c       0x1e /Developer/Eclipse/gcc-arm-none-eabi-4_9-2015q2/bin/../lib/gcc/arm-none-eabi/4.9.3/armv6-m/libgcc.a(_thumb1_case_uqi.o)
 .ARM.attributes
                0x000000000000087a       0x1e /Developer/Eclipse/gcc-arm-none-eabi-4_9-2015q2/bin/../lib/gcc/arm-none-eabi/4.9.3/armv6-m/libgcc.a(_udivsi3.o)
 .ARM.attributes
                0x0000000000000898       0x1e /Developer/Eclipse/gcc-arm-none-eabi-4_9-2015q2/bin/../lib/gcc/arm-none-eabi/4.9.3/armv6-m/libgcc.a(_dvmd_tls.o)
 .ARM.attributes
                0x00000000000008b6       0x1e /Developer/Eclipse/gcc-arm-none-eabi-4_9-2015q2/bin/../lib/gcc/arm-none-eabi/4.9.3/armv6-m/libgcc.a(_aeabi_uldivmod.o)
 .ARM.attributes
                0x00000000000008d4       0x2c /Developer/Eclipse/gcc-arm-none-eabi-4_9-2015q2/bin/../lib/gcc/arm-none-eabi/4.9.3/armv6-m/libgcc.a(bpabi.o)
 .ARM.attributes
                0x0000000000000900       0x1e /Developer/Eclipse/gcc-arm-none-eabi-4_9-2015q2/bin/../lib/gcc/arm-none-eabi/4.9.3/armv6-m/libgcc.a(_clzsi2.o)
 .ARM.attributes
                0x000000000000091e       0x2c /Developer/Eclipse/gcc-arm-none-eabi-4_9-2015q2/bin/../lib/gcc/arm-none-eabi/4.9.3/armv6-m/libgcc.a(_muldi3.o)
 .ARM.attributes
                0x000000000000094a       0x2c /Developer/Eclipse/gcc-arm-none-eabi-4_9-2015q2/bin/../lib/gcc/arm-none-eabi/4.9.3/armv6-m/libgcc.a(_divdi3.o)
 .ARM.attributes
                0x0000000000000976       0x2c /Developer/Eclipse/gcc-arm-none-eabi-4_9-2015q2/bin/../lib/gcc/arm-none-eabi/4.9.3/armv6-m/libgcc.a(_udivdi3.o)
 .ARM.attributes
                0x00000000000009a2       0x1e /Developer/Eclipse/gcc-arm-none-eabi-4_9-2015q2/bin/../lib/gcc/arm-none-eabi/4.9.3/armv6-m/libgcc.a(_clzdi2.o)
 .ARM.attributes
                0x00000000000009c0       0x2c /Developer/Eclipse/gcc-arm-none-eabi-4_9-2015q2/bin/../lib/gcc/arm-none-eabi/4.9.3/../../../../arm-none-eabi/lib/armv6-m/libg_nano.a(lib_a-errno.o)
 .ARM.attributes
                0x00000000000009ec       0x2c /Developer/Eclipse/gcc-arm-none-eabi-4_9-2015q2/bin/../lib/gcc/arm-none-eabi/4.9.3/../../../../arm-none-eabi/lib/armv6-m/libg_nano.a(lib_a-impure.o)
 .ARM.attributes
                0x0000000000000a18       0x2c /Developer/Eclipse/gcc-arm-none-eabi-4_9-2015q2/bin/../lib/gcc/arm-none-eabi/4.9.3/../../../../arm-none-eabi/lib/armv6-m/libg_nano.a(lib_a-memcpy.o)
 .ARM.attributes
                0x0000000000000a44       0x2c /Developer/Eclipse/gcc-arm-none-eabi-4_9-2015q2/bin/../lib/gcc/arm-none-eabi/4.9.3/../../../../arm-none-eabi/lib/armv6-m/libg_nano.a(lib_a-memset.o)
 .ARM.attributes
                0x0000000000000a70       0x2c /Developer/Eclipse/gcc-arm-none-eabi-4_9-2015q2/bin/../lib/gcc/arm-none-eabi/4.9.3/../../../../arm-none-eabi/lib/armv6-m/libg_nano.a(lib_a-nano-freer.o)
 .ARM.attributes
                0x0000000000000a9c       0x2c /Developer/Eclipse/gcc-arm-none-eabi-4_9-2015q2/bin/../lib/gcc/arm-none-eabi/4.9.3/../../../../arm-none-eabi/lib/armv6-m/libg_nano.a(lib_a-nano-mallocr.o)
 .ARM.attributes
                0x0000000000000ac8       0x2c /Developer/Eclipse/gcc-arm-none-eabi-4_9-2015q2/bin/../lib/gcc/arm-none-eabi/4.9.3/../../../../arm-none-eabi/lib/armv6-m/libg_nano.a(lib_a-sbrkr.o)
 .ARM.attributes
                0x0000000000000af4       0x2c /Developer/Eclipse/gcc-arm-none-eabi-4_9-2015q2/bin/../lib/gcc/arm-none-eabi/4.9.3/../../../../arm-none-eabi/lib/armv6-m/libg_nano.a(lib_a-sprintf.o)
 .ARM.attributes
                0x0000000000000b20       0x2c /Developer/Eclipse/gcc-arm-none-eabi-4_9-2015q2/bin/../lib/gcc/arm-none-eabi/4.9.3/../../../../arm-none-eabi/lib/armv6-m/libg_nano.a(lib_a-strlen.o)
 .ARM.attributes
                0x0000000000000b4c       0x2c /Developer/Eclipse/gcc-arm-none-eabi-4_9-2015q2/bin/../lib/gcc/arm-none-eabi/4.9.3/../../../../arm-none-eabi/lib/armv6-m/libg_nano.a(lib_a-nano-reallocr.o)
 .ARM.attributes
                0x0000000000000b78       0x2c /Developer/Eclipse/gcc-arm-none-eabi-4_9-2015q2/bin/../lib/gcc/arm-none-eabi/4.9.3/../../../../arm-none-eabi/lib/armv6-m/libg_nano.a(lib_a-nano-svfprintf.o)
 .ARM.attributes
                0x0000000000000ba4       0x2c /Developer/Eclipse/gcc-arm-none-eabi-4_9-2015q2/bin/../lib/gcc/arm-none-eabi/4.9.3/../../../../arm-none-eabi/lib/armv6-m/libg_nano.a(lib_a-nano-vfprintf_i.o)
 .ARM.attributes
                0x0000000000000bd0       0x2c /Developer/Eclipse/gcc-arm-none-eabi-4_9-2015q2/bin/../lib/gcc/arm-none-eabi/4.9.3/../../../../arm-none-eabi/lib/armv6-m/libg_nano.a(lib_a-memchr.o)
 .ARM.attributes
                0x0000000000000bfc       0x2c /Developer/Eclipse/gcc-arm-none-eabi-4_9-2015q2/bin/../lib/gcc/arm-none-eabi/4.9.3/../../../../arm-none-eabi/lib/armv6-m/libg_nano.a(lib_a-memmove.o)
 .ARM.attributes
                0x0000000000000c28       0x2c /Developer/Eclipse/gcc-arm-none-eabi-4_9-2015q2/bin/../lib/gcc/arm-none-eabi/4.9.3/../../../../arm-none-eabi/lib/armv6-m/libg_nano.a(lib_a-nano-msizer.o)

.debug
 *(.debug)

.line
 *(.line)

.debug_srcinfo
 *(.debug_srcinfo)

.debug_sfnames
 *(.debug_sfnames)

.debug_aranges  0x0000000000000000     0x1808
 *(.debug_aranges)
 .debug_aranges
                0x0000000000000000       0x28 ./stm32haldev/system/src/newlib/_exit.o
 .debug_aranges
                0x0000000000000028       0x20 ./stm32haldev/system/src/newlib/_sbrk.o
 .debug_aranges
                0x0000000000000048       0x40 ./stm32haldev/system/src/newlib/_startup.o
 .debug_aranges
                0x0000000000000088       0x30 ./stm32haldev/system/src/newlib/_syscalls.o
 .debug_aranges
                0x00000000000000b8       0x28 ./stm32haldev/system/src/cortexm/_initialize_hardware.o
 .debug_aranges
                0x00000000000000e0       0x50 ./stm32haldev/system/src/cortexm/exception_handlers.o
 .debug_aranges
                0x0000000000000130       0xa0 ./stm32haldev/system/STM32F0xx_HAL_Driver/Src/stm32f0xx_hal.o
 .debug_aranges
                0x00000000000001d0       0xf8 ./stm32haldev/system/STM32F0xx_HAL_Driver/Src/stm32f0xx_hal_adc.o
 .debug_aranges
                0x00000000000002c8       0x78 ./stm32haldev/system/STM32F0xx_HAL_Driver/Src/stm32f0xx_hal_cortex.o
 .debug_aranges
                0x0000000000000340       0x60 ./stm32haldev/system/STM32F0xx_HAL_Driver/Src/stm32f0xx_hal_dma.o
 .debug_aranges
                0x00000000000003a0       0x58 ./stm32haldev/system/STM32F0xx_HAL_Driver/Src/stm32f0xx_hal_gpio.o
 .debug_aranges
                0x00000000000003f8      0x198 ./stm32haldev/system/STM32F0xx_HAL_Driver/Src/stm32f0xx_hal_i2c.o
 .debug_aranges
                0x0000000000000590       0x48 ./stm32haldev/system/STM32F0xx_HAL_Driver/Src/stm32f0xx_hal_i2c_ex.o
 .debug_aranges
                0x00000000000005d8       0x38 ./stm32haldev/system/STM32F0xx_HAL_Driver/Src/stm32f0xx_hal_msp_template.o
 .debug_aranges
                0x0000000000000610       0x78 ./stm32haldev/system/STM32F0xx_HAL_Driver/Src/stm32f0xx_hal_pwr.o
 .debug_aranges
                0x0000000000000688       0x80 ./stm32haldev/system/STM32F0xx_HAL_Driver/Src/stm32f0xx_hal_rcc.o
 .debug_aranges
                0x0000000000000708       0x50 ./stm32haldev/system/STM32F0xx_HAL_Driver/Src/stm32f0xx_hal_rcc_ex.o
 .debug_aranges
                0x0000000000000758       0xb8 ./stm32haldev/system/STM32F0xx_HAL_Driver/Src/stm32f0xx_hal_rtc.o
 .debug_aranges
                0x0000000000000810      0x120 ./stm32haldev/system/STM32F0xx_HAL_Driver/Src/stm32f0xx_hal_rtc_ex.o
 .debug_aranges
                0x0000000000000930      0x1c8 ./stm32haldev/system/STM32F0xx_HAL_Driver/Src/stm32f0xx_hal_spi.o
 .debug_aranges
                0x0000000000000af8      0x330 ./stm32haldev/system/STM32F0xx_HAL_Driver/Src/stm32f0xx_hal_tim.o
 .debug_aranges
                0x0000000000000e28      0x140 ./stm32haldev/system/STM32F0xx_HAL_Driver/Src/stm32f0xx_hal_tim_ex.o
 .debug_aranges
                0x0000000000000f68      0x150 ./stm32haldev/system/STM32F0xx_HAL_Driver/Src/stm32f0xx_hal_uart.o
 .debug_aranges
                0x00000000000010b8       0x60 ./stm32haldev/system/STM32F0xx_HAL_Driver/Src/stm32f0xx_hal_uart_ex.o
 .debug_aranges
                0x0000000000001118       0x28 ./stm32haldev/system/CMSIS/Device/ST/STM32F0xx/Source/system/system_stm32f0xx.o
 .debug_aranges
                0x0000000000001140       0x28 ./stm32haldev/system/CMSIS/Device/ST/STM32F0xx/Source/stm32f072xb/startup_stm32f072xb.o
 .debug_aranges
                0x0000000000001168       0xe8 ./stm32haldev/stm32dev/src/stm32f0/stm32dev_i2c_f0.o
 .debug_aranges
                0x0000000000001250      0x120 ./stm32haldev/stm32dev/src/general/stm32dev_flash_s25fl208.o
 .debug_aranges
                0x0000000000001370       0x58 ./stm32haldev/stm32dev/src/general/stm32dev_general.o
 .debug_aranges
                0x00000000000013c8       0x28 ./src/application_adc.o
 .debug_aranges
                0x00000000000013f0       0x38 ./src/application_ble.o
 .debug_aranges
                0x0000000000001428       0x30 ./src/application_general.o
 .debug_aranges
                0x0000000000001458       0x28 ./src/application_gpio.o
 .debug_aranges
                0x0000000000001480       0x30 ./src/application_leddim.o
 .debug_aranges
                0x00000000000014b0       0xa0 ./src/application_lm75.o
 .debug_aranges
                0x0000000000001550       0x38 ./src/application_rtc.o
 .debug_aranges
                0x0000000000001588       0x78 ./src/application_shiftreg.o
 .debug_aranges
                0x0000000000001600       0x28 ./src/application_spiflash.o
 .debug_aranges
                0x0000000000001628       0x30 ./src/application_uart.o
 .debug_aranges
                0x0000000000001658       0x60 ./src/application_ws2812b.o
 .debug_aranges
                0x00000000000016b8       0x20 ./src/main.o
 .debug_aranges
                0x00000000000016d8       0x40 ./src/stm32f0xx_hal_cb.o
 .debug_aranges
                0x0000000000001718       0x78 ./src/stm32f0xx_hal_msp.o
 .debug_aranges
                0x0000000000001790       0x78 ./src/stm32f0xx_it.o

.debug_pubnames
 *(.debug_pubnames)

.debug_info     0x0000000000000000    0x1dcde
 *(.debug_info .gnu.linkonce.wi.*)
 .debug_info    0x0000000000000000       0xc1 ./stm32haldev/system/src/newlib/_exit.o
 .debug_info    0x00000000000000c1      0x11d ./stm32haldev/system/src/newlib/_sbrk.o
 .debug_info    0x00000000000001de      0x460 ./stm32haldev/system/src/newlib/_startup.o
 .debug_info    0x000000000000063e      0x1a1 ./stm32haldev/system/src/newlib/_syscalls.o
 .debug_info    0x00000000000007df       0xbb ./stm32haldev/system/src/cortexm/_initialize_hardware.o
 .debug_info    0x000000000000089a      0x1b8 ./stm32haldev/system/src/cortexm/exception_handlers.o
 .debug_info    0x0000000000000a52      0x5e3 ./stm32haldev/system/STM32F0xx_HAL_Driver/Src/stm32f0xx_hal.o
 .debug_info    0x0000000000001035      0xe03 ./stm32haldev/system/STM32F0xx_HAL_Driver/Src/stm32f0xx_hal_adc.o
 .debug_info    0x0000000000001e38      0x7b0 ./stm32haldev/system/STM32F0xx_HAL_Driver/Src/stm32f0xx_hal_cortex.o
 .debug_info    0x00000000000025e8      0x617 ./stm32haldev/system/STM32F0xx_HAL_Driver/Src/stm32f0xx_hal_dma.o
 .debug_info    0x0000000000002bff      0x5d6 ./stm32haldev/system/STM32F0xx_HAL_Driver/Src/stm32f0xx_hal_gpio.o
 .debug_info    0x00000000000031d5     0x2535 ./stm32haldev/system/STM32F0xx_HAL_Driver/Src/stm32f0xx_hal_i2c.o
 .debug_info    0x000000000000570a      0x722 ./stm32haldev/system/STM32F0xx_HAL_Driver/Src/stm32f0xx_hal_i2c_ex.o
 .debug_info    0x0000000000005e2c       0xc5 ./stm32haldev/system/STM32F0xx_HAL_Driver/Src/stm32f0xx_hal_msp_template.o
 .debug_info    0x0000000000005ef1      0x44b ./stm32haldev/system/STM32F0xx_HAL_Driver/Src/stm32f0xx_hal_pwr.o
 .debug_info    0x000000000000633c      0x9e8 ./stm32haldev/system/STM32F0xx_HAL_Driver/Src/stm32f0xx_hal_rcc.o
 .debug_info    0x0000000000006d24      0x573 ./stm32haldev/system/STM32F0xx_HAL_Driver/Src/stm32f0xx_hal_rcc_ex.o
 .debug_info    0x0000000000007297      0xce5 ./stm32haldev/system/STM32F0xx_HAL_Driver/Src/stm32f0xx_hal_rtc.o
 .debug_info    0x0000000000007f7c      0xecd ./stm32haldev/system/STM32F0xx_HAL_Driver/Src/stm32f0xx_hal_rtc_ex.o
 .debug_info    0x0000000000008e49     0x1c1c ./stm32haldev/system/STM32F0xx_HAL_Driver/Src/stm32f0xx_hal_spi.o
 .debug_info    0x000000000000aa65     0x3366 ./stm32haldev/system/STM32F0xx_HAL_Driver/Src/stm32f0xx_hal_tim.o
 .debug_info    0x000000000000ddcb     0x11df ./stm32haldev/system/STM32F0xx_HAL_Driver/Src/stm32f0xx_hal_tim_ex.o
 .debug_info    0x000000000000efaa     0x1227 ./stm32haldev/system/STM32F0xx_HAL_Driver/Src/stm32f0xx_hal_uart.o
 .debug_info    0x00000000000101d1      0xa06 ./stm32haldev/system/STM32F0xx_HAL_Driver/Src/stm32f0xx_hal_uart_ex.o
 .debug_info    0x0000000000010bd7      0x1f9 ./stm32haldev/system/CMSIS/Device/ST/STM32F0xx/Source/system/system_stm32f0xx.o
 .debug_info    0x0000000000010dd0      0x102 ./stm32haldev/system/CMSIS/Device/ST/STM32F0xx/Source/stm32f072xb/startup_stm32f072xb.o
 .debug_info    0x0000000000010ed2     0x15a1 ./stm32haldev/stm32dev/src/stm32f0/stm32dev_i2c_f0.o
 .debug_info    0x0000000000012473     0x1715 ./stm32haldev/stm32dev/src/general/stm32dev_flash_s25fl208.o
 .debug_info    0x0000000000013b88      0x53d ./stm32haldev/stm32dev/src/general/stm32dev_general.o
 .debug_info    0x00000000000140c5      0x712 ./src/application_adc.o
 .debug_info    0x00000000000147d7      0x836 ./src/application_ble.o
 .debug_info    0x000000000001500d      0x359 ./src/application_general.o
 .debug_info    0x0000000000015366      0x56a ./src/application_gpio.o
 .debug_info    0x00000000000158d0      0x937 ./src/application_leddim.o
 .debug_info    0x0000000000016207      0xa54 ./src/application_lm75.o
 .debug_info    0x0000000000016c5b      0x8b8 ./src/application_rtc.o
 .debug_info    0x0000000000017513     0x10c4 ./src/application_shiftreg.o
 .debug_info    0x00000000000185d7      0xa18 ./src/application_spiflash.o
 .debug_info    0x0000000000018fef      0x7b8 ./src/application_uart.o
 .debug_info    0x00000000000197a7      0xb32 ./src/application_ws2812b.o
 .debug_info    0x000000000001a2d9      0x3f9 ./src/main.o
 .debug_info    0x000000000001a6d2      0x99a ./src/stm32f0xx_hal_cb.o
 .debug_info    0x000000000001b06c     0x1ec9 ./src/stm32f0xx_hal_msp.o